Purustavale jääle lisaks on päästetegevust takistanud äärmuslikud ilmastikuolud.
Pittman pakkus, et tingimused ei parane enne järgmist nädalat.
Paakjää kogus ja paksus on Pittmani kohaselt hülgeküttide jaoks 15. aasta kõige hullem.
Felicia, mis oli kord  4. kategooria torm Saffir-Simpsoni orkaaniskaala järgi, nõrgenes troopiliseks depressiooniks enne teisipäeval toimunud hajumist.
Selle jäänused tõid enamikule saartele hoovihma, kuid seni pole kahjudest ega üleujutustest teatatud.
Sademeid, mis O'ahus ulatusid sadememõõturil 16,1 sentimeetrini, nimetati kasulikuks.
Kohati esines vihmasaju kõrval ka äikesetorme ja sagedast äikest.
Tornaado on väga madala rõhuga pöörleva õhu sammas, mis imeb ümbritsevat õhku sisse ja ülespoole.
Tornaado tekitab tugevat tuult (sageli 100-200 miili/tunnis) ja suudab tõsta õhku raskeid esemeid, kandes neid mööda oma liikumisteekonda.
Nad saavad alguse tormipilvedest tekkivate lehtritena ja muutuvad tornaadodeks, kui  maad puutuvad.