On Monday, scientists from the Stanford University School of Medicine announced the invention of a new diagnostic tool that can sort cells by type: a tiny printable chip that can be manufactured using standard inkjet printers for possibly about one U.S. cent each.
Lead researchers say this may bring early detection of cancer, tuberculosis, HIV and malaria to patients in low-income countries, where the survival rates for illnesses such as breast cancer can be half those of richer countries.
The Irish government is stressing the urgency of parliamentary legislation to rectify the situation.
"It is now important from both a public health and criminal justice perspective that the legislation be enacted as soon as possible", said a government spokesperson.
The Health Minister expressed concern both for the welfare of individuals taking advantage of the temporary legality of the substances involved, and for drug-related convictions handed down since the now-unconstitutional changes came into effect.
Nadia, born on September 17, 2007, by Cesarean section at a maternity clinic in Aleisk, Russia, weighed in at a massive 17 pounds 1 ounce.
"We were all simply in shock," the mother stated.
When asked what the father said, she answered "He couldn't say a thing - he just stood there blinking."
Dr. Lee also expressed his concern about reports that children in Turkey have now become infected with the A(H5N1) avian influenza virus without becoming ill.
Some studies suggest that the disease must become less lethal before it can cause a global epidemic, he noted.
There is concern that patients may continue to infect more people by going through their daily routines if the flu symptoms remain mild.