Esmaspäeval teatasid Stanfordi ülikooli meditsiiniteaduskonna teadlased, et leiutasid uue diagnostilise tööriista, millega saab rakke tüübi järgi sortida; see on väike prinditav kiip, mida saab toota standardsete tindiprinteritega ja ühe hind võib olla vaid 1USA sent.
Juhtivate teadlaste sõnul võib see aidata varem tuvastada vähki, tuberkuloosi, HIV-i ja malaariat madala sissetulekuga riikides, kus näiteks rinnavähi elumus on poole väiksem rikaste riikide omast.
Iiri valitsus rõhutab parlamendi seadusandlusega olukorra lahendamise pakilisust.
"""Nii tervishoiu kui ka kriminaalõiguse seisukohast on nüüd oluline, et õigusakt võetakse vastu võimalikult kiiresti,"" sõnas valitsuse esindaja."
Terviseminister väljendas muret nende üksikisikute heaolu eest, kes kasutavad ära selle aine ajutist seaduslikkust, ja ka narkootikumidega seotud süüdimõistmistega, mis olid tehtud alates sellest hetkest, kui praeguseks ebaseaduslik muutus jõustus.
17. septembril 2007. aastal Venemaal Aleiski sünnitushaiglas keisrilõikega sündinud Nadia sünnikaal oli tohutu 17 naela ja 1 unts.
"""Olime kõik lihtsalt šokis,"" sõnas ema."
Kui temalt küsiti, mida isa ütles, vastas ta: „Ta ei suutnud midagi öelda, ta lihtsalt seisis seal ja pilgutas silmi.”
Dr Lee väljendas samuti muret teadannete pärast, mille kohaselt on Türgi lapsed nakatunud linnugripi viirusega A(H5N1), ilma et neil oleks avaldunud sümptomeid.
Ta märkis, et mõne uuringu kohaselt peab haigus muutuma vähem surmavaks, enne kui see võiks ülemaailmse epideemia põhjustada.
Kardetakse, et kui gripi sümptomid jäävad leebeks, nakatavad patsiendid oma igapäevategevusi jätkates rohkem inimesi.