Znanstveniki Medicinske fakultete Univerze v Stanfordu so v ponedeljek razglasili iznajdbo novega diagnostičnega orodja, ki je sposobno razvrščanja celic glede na vrsto: drobceno tiskano vezje, ki ga je mogoče izdelati z uporabo standardnih brizgalnih tiskalnikov za okoli en ameriški cent na kos.
Vodilni raziskovalci pravijo, da bi to lahko prineslo zgodnje odkrivanje raka, tuberkuloze, virusa HIV in malarije pri bolnikih v državah z nizkim prihodkom, kjer so lahko stopnje preživetja pri boleznih, kot je rak dojk, za polovico nižje kot v bogatejših državah.
Irska vlada poudarja, da mora parlamentarna zakonodaja nujno popraviti situacijo.
"Tako iz javnozdravstvenega kot pravosodnega vidika je pomembno, da zakonodaja čimprej stopi v veljavo," je povedal vladni predstavnik.
Minister za zdravje je izrazil zaskrbljenost tako za dobrobit posameznikov, ki izkoriščajo začasno zakonitost zadevnih substanc, kot za obsodbe, povezane z drogami, ki so bile izrečene od začetka veljavnosti zdaj neustavnih sprememb.
Nadia, ki se je 17. septembra 2007 rodila s carskim rezom v porodnišnici Aleisk v Rusiji, je tehtala kar 17 funtov in 1 unčo.
"Bili smo šokirani," je izjavila mati.
Ko so jo vprašali, kaj je rekel oče, je odgovorila: "Nič ni rekel, samo nemo je mežikal."
Dr. Lee je tudi izrazil zaskrbljenost zaradi poročil, da so bili otroci v Turčiji okuženi z virusom aviarne influence A(H5N1) in pri tem niso zboleli.
Nekatere študije kažejo, da mora bolezen postati manj smrtna, preden povzroči globalno epidemijo, je izpostavil.
Če simptomi gripe ostanejo blagi, obstaja nevarnost, da bi bolniki med svojimi vsakodnevnimi opravki lahko okužili še več ljudi.