Výkonný ředitel společnosti Apple, Steve Jobs, představil zařízení tak, že šel na pódium a vytáhl iPhone z kapsy svých džín.
Během své dvouhodinové řeči prohlásil, že „Apple dnes znovu vynalezne telefon, dnes se zapíšeme do historie“.
Až doposud se mohlo AOL pohybovat na trhu IM a vyvíjet ho vlastním tempem, a to díky jeho rozšířeném používání ve Spojených státech.
Se vstupem této dohody v platnost může tato svoboda skončit.
Počet uživatelů služeb Yahoo! a Microsoft dohromady bude konkurovat počtu zákazníků AOL.
Banka Northern Rock byla znárodněna roku 2008 po odhalení toho, že společnost obdržela nouzovou podporu od britské vlády.
Northern Rock požádal o podporu kvůli tomu, že roku 2007 utrpěl v krizi rizikových hypoték.
Nabídka společnosti Virgin Group Sira Richarda Bransona pro banku byla před znárodněním banky zamítnuta.
V roce 2010 byla dnešní retailová banka Northern Rock po znárodnění oddělena od „nezdravé“ části Northern Rock pro investiční management.
Společnost Virgin koupila pouze „dobrou banku“ Northern Rock, nikoliv společnost spravující aktiva.
Během posledních třiceti let se Čína vyvinula v tržní ekonomiku, přestože stále zůstává komunistickým státem.
První ekonomické reformy proběhly v době, kdy byl u moci Teng Siao-pching.
Ekonomická velikost Číny od té doby 90krát vzrostla.
Loni Čína poprvé vyvážela více aut než Německo a vystřídala USA na dominantní pozici v oblasti automobilového průmyslu.
HDP Číny může být během dvou dekád vyšší než Spojených států.