Červený příliv je způsoben vyšší koncentrací Karenia brevis, přirozeně se vyskytujícího jednobuněčného mořského organismu.
Potenciální kombinací přirozených faktorů mohou nastat ideální podmínky, díky nimž výskyt řas významně vzroste.
Řasy vytvářejí neurotoxin, který může vyřadit nervy lidí i ryb.
Ryby často hynou z důvodu vysokého obsahu toxinů ve vodě.
Lidé mohou být postiženi vdechnutím dotčené vody, která se dostane do vzduchu větrem a vlnami.
Tropická cyklóna Gonu, pojmenovaná po pytlu palmových listů v maledivštině, dosáhla na svém vrcholu stálé rychlosti větru 240 kilometrů za hodinu (149 mil za hodinu).
K dnešnímu ránu vítr dosahoval rychlosti cca 83 km/h a očekávalo se, že bude slábnout.
Loď Luno měla při ztroskotání natankováno 120–160 metrů krychlových paliva a silný vítr i vlny ji natlačily do přístavní hráze.
Vrtulníky zachránily 12 členů posádky a jediným zraněním byl zlomený nos.
100metrová loď byla na cestě vyzvednout svůj obvyklý náklad hnojiv a úředníci se zpočátku obávali, že by loď mohla náklad vylít.