Tundmatu ründas Baieris keset tänavat 12aastast
Baieris Švaabimaal ründas tundmatu naine käidaval tänaval 12aastast tüdrukut.
Politsei otsib nüüd tunnistajaid.
Švaabimaal ründas tundmatu keset tänavat ühte tüdrukut.
Ilma nähtava põhjuseta haaras tundmatu teisipäeval Doonau äärses Dillingenis Große Alleel 12aastasel tüdrukul selja tagant juustest ja surus ta alla, edastas politsei kolmapäeval.
Baieri politsei otsib tunnistajaid
Tüdrukul õnnestus lõpuks end ise ründaja haardest vabastada.
Politsei otsib tunnistajaid.
Küüniste loomise nimel - mees tahab saada „mustaks tulnukaks” ja laseb amputeerida sõrmi
Ta tahab saada tulnukaks või vähemalt selline välja näha.
Selleks et oma julge unistus ellu viia, on 33aastane Anthony Loffredo lasknud nüüd eemaldada osa käest.
Tänupüha varjupool – kuidas suhtub Ameerika oma minevikku
Ükski pidupäev ei ole ameeriklastele nõnda oluline nagu tänupüha – lõikustänupüha.
Seejuures mälestavad nad palverändurite maabumist Massachusettsis 1621. aastal.
Seevastu sealse maa põlisrahva jaoks on tänupüha kui leinapäev.
Nad ei ole Ameerika Ühendriikides ainsad, kes seisavad ametliku ajalookirjutuse vastu.
Oscarivõitja hangeldas teismelisena kanepiga
Praegu on Jared Leto tunnustatud näitleja.
Ent olid ka ajad, mil Oscariga pärjatu narkootikumidega hangeldas.
Hollywoodi unelmate vabrik ilma Jared Letota (49) ei ole enam mõeldav.
Vähemalt mitte pärast seda, kui ta 2014. aastal pälvis rolli eest filmis „Dallase ostjate klubi” parima kõrvalosatäitja Oscari.
Ellen DeGeneresi (63) vestlussaates ilmnes, et varases teismeeas oli Letol oma ostjate klubi: „Kui ma laps olin, töötasin ühes kinos, kust mind sellepärast vallandati, et hangeldasin tagauksel kanepiga,” pihtis filmitäht.
Ta olnud ikkagi „ettevõtja” ning teadis, et popkorn ja kanep „sobivad hästi kokku”, naljatles Leto oma teismeea bisnise üle, mis oli tollal ülimalt illegaalne.
Vahepeal on paljud USA osariigid kanepi täielikult legaliseerinud või vähemalt dekriminaliseerinud.
Siiski on konservatiivsetes osariikides nagu Texases või Georgias kanepi tarvitamine, omamine ja müümine jätkuvalt täiesti keelatud.
Gucci kanepi asemel
Praeguseks ei sõltu Leto enam kino tagahoovi kahtlasest ärist, vaid särab filmilinal.
Alates 2. detsembrist tõestab ta oma võimeid taaskord.
Siis linastub siinsetes kinodes draamafilm „Gucci tragöödia”, kus Leto kehastab Itaalia ärimeest Paolo Guccit (1931-1995).
Apple'i must reede: parimad iPadi, AirPodsi, MagSafe'i jt pakkumised.
2021. aasta mustal nädalal saavad ka AirPodsi, MacBooki, iWatchi ja teiste fännid minna sooduspakkumiste jahile.
Amazon ja Otto alustasid allahindluste lahingut
Apple'i parimate pakkumiste ülevaade
Pärast nädalast ettevalmistust on see lõpuks käes: 2021. aasta must reede.
Amazon, Otto ja mõned teised veebimüüjad pakuvad ka Apple'i tooteid osaliselt tugevalt alandatud hindadega.
Eriline selle juures: California armastatud tooted on muidu harva saadaval tõeliselt heade allahindlustega.
Seda enam tasub pilk peale visata pakkumistele, mille pealt saate säästa 50 protsenti ja rohkemgi.
iMac, iPad, Apple Watch, MagSafe, MacBook, Magic Mouse... seal on igaühe jaoks midagi.
Apple'i 2021. aasta musta reede parimate pakkumiste ülevaade.
Saturni must reede: LG OLED-teler parima hinnaga kaasa haarata
Must reede seisab ukse ees, kuid Saturn ja teised on selle lihtsalt päeva võrra varasemaks toonud ja pakuvad juba praegu suuri allahindlusi
Saturni parimate pakkumiste ülevaade.
Musta reede nädal on täies hoos, enne kui see homme reedel oma kõrgpunkti saavutab.
Lisaks Amazonile, Ottole ja teistele tormab allahindluste lahingusse loomulikult ka Saturn ja esitab konkurentidele tõeliselt tugevate pakkumistega väljakutse.
Elektroonikapoed on heldekäelised ja müüvad näiteks LG OLED55A19LA  (55 tolli, 4K, OLED) tavapärase 1599 euro asemel muinasjutulise 777 euro eest.
Eriti soodsalt saate praegu elektroonikapoest ka Google'i nutikõlarid.
Ja mängurite jaoks on saadaval Nintendo Switch ainult 288 euro eest.
Millised pakkumised end veel ära tasuvad, näitab ülevaade.
Kinnisvaralaenud lähevad kalliks – ja see võib ohtlikuks muutuda
Kinnisvarahinnad tõusevad juba aastaid, raha ostmiseks sai seevastu ajalooliselt madalate intressimääradega.
Kuid need ajad tunduvad olevat möödas.
Kes endale pangast raha laenab, peab rahakoti rohkem lahti tegema.
Näib, et kinnisvarahinnad ei tunne piire.
Isegi väljaspool suurlinnu ronivad eramute hinnad ülespoole.
Ainult väga vähestes Saksamaa piirkondades seisavad hinnad paigal.
"Alates 2010. aastast tõusevad eluasemete hinnad pidevalt.
Kasvutrend jätkub alates koroonapandeemiast – vaatamata majandusnäitajate langusele", kirjutab selle kohta ettevõte "Wüstenrot".
"Kinnisvaraturg ei lase end seega pandeemial mõjutada."
Seda suundumust õhutab tagant eelkõige eriti odav raha.
Maja- või korteriostjad said hankida endale kinnisvaralaenud soodusintressidega.
Vähemalt seni.
Kümneaastase fikseeritud intressiga kinnisvaralaenu intressid tõusid novembris finantsvahendaja Interhypi hinnangul keskmiselt 1,05 protsendini, teatab "Wirtschaftswoche".
See võib esmapilgul tunduda ikka veel väga soodne - ja võrreldes kümne aasta taguste intressidega, kui tuli maksta ümmarguselt neli protsenti, need seda ka on.
Aga: alates aasta algusest on kinnisvaralaenude intressid korralikult kasvanud.
Nii teatab "Wiwo", et veel aasta alguses oli kümneaastase tähtajaga intressimäär keskmiselt 0,75 protsenti.
Seega on intressid ümmarguselt 40 protsenti kasvanud.
Ka väljaande "Finanztest" eksperdid teatavad novembri väljaandes, et eelmisel kahel aastal olid intressimäärad väga stabiilsed.
"Sellele vaatamata on kinnisvara rahastamine muutunud oluliselt kallimaks."
Vaktsiiniskeptikul on koroona – Kimmichi juhtum ja tagajärjed baierlastele
Nüüd sai viirus kätte ka Joshua Kimmichi.
FC Bayerni vaktsiinikahtleja jääb oma klubist seega küllap kõrvale ka liiga tippkohtumisel Dortmundis.
Arutelud Kimmichi vaktsineerimisvastase otsuse üle võtavad ilmselt jälle tuurid üles.
Joshua Kimmichi nakatumine ajab koroonasegaduse FC Bayernis teravaks.
Pärast nädalaid kestnud debatti Saksamaa küllap kuulsaima vaktsineerimata inimese üle sai jalgpalli rahvuskoondise mängija nüüd ise endale viiruse külge.
Münchenlased kinnitasid küll kolmapäeva õhtul, et Kimmichil läheb hästi - selle koroonajuhtumi järelmõjudega tuleb baierlastel ja DFB valikmeeskonnal aga veel tegeleda.
Seeriameistri aastapeakoosolekul neljapäeval (kl 19) võib vaktsineerimise teema põhjustada profimängijate seas täiendavat plahvatusohtlikkust.
Mida tähendab positiivne test Kimmichi jaoks?
Sunnitud paus 26-aastase jaoks jätkub.
Nakatunud Niklas Süle vaktsineerimata kontaktisikuna pidi Kimmich juba novembri alguses rahvusmeeskonnast lahkuma ja karantiini minema.
Vaevalt oli see tema jaoks läbi saanud, kui tuli järgmine.
Seekord kontakti tõttu nakatunud isikuga eraelulises keskkonnas.
Keskmängija puudus seetõttu viimati mängudelt Augsburgis ja Kiievis.
Nüüd on ta ise pihta saanud.
See tähendab: vähemalt 14 päeva karantiini alates positiivse testi ajahetkest.
Kui tal ei ilmne Covid-19 haiguse sümptomeid, võib ta end negatiivse PCR- või antigeenitestiga vabaks testida.
Mida see tähendab FC Bayerni jaoks?
Bundesliga kodumängus Arminia Bielefeldiga laupäeval ja ilmselt ka liiga tippkohtumisel 4. detsembril Dortmundis peab treener Julian Nagelsmann planeerima ilma oma keskvälja pealikuta.
Isegi tagasitulek sportlikult tähtsusetus meistrite liiga mängus FC Barcelona vastu 8. detsembril on teadmata.
Kimmich on münchenlaste võtmemängija, tema puudumine on tuntav nõrgenemine.
Kuna nakkuste, karantiinide ja vigastuste tõttu on viimasel ajal rida profimängijaid kõrvale jäänud, pidi Nagelsmann improviseerima, allesjäänud mängijate koormus kasvas.
Sellised puuduvad profimängijad nagu Kimmich võivad kaotada vormi ja rütmi.
See võib ohustada baierlaste kõrgeid eesmärke ja suruda meeskonna meeleolu alla.
Miks on Kimmichi juhtumi pärast ikkagi nii palju elevust?
Rahvuskoondise mängija sattus vastu tahtmist vaktsineerimise üle käiva äärmiselt plahvatusohtliku ühiskondliku debati keskmesse.
Pärast seda, kui "Bild" oli oktoobris Kimmichi vaktsineerimise seisust kirjutanud, kinnitas ta ise, et ei ole mure tõttu koroona pikaajaliste tagajärgede pärast veel koroonasüsti saanud.
Eksperdid välistavad aga pikaajalised kõrvalmõjud.
Kaugel väljaspool jalgpallisektorit arutati Kimmichi kahtlaste väljaütlemiste mõju üle, pidades silmas rahvuskoondise mängija eeskuju andvat rolli, sõna võttis ka liidukantsler Angela Merkel (CDU).
Hiljuti võtsid sellised tipp-poliitikud nagu Baieri peaminister Markus Söder kõne alla koguni mängukeelu vaktsineerimata profijalgpallurite jaoks, FC Bayern kavandas väidetavalt nende mängijate palgakärpeid karantiinijuhtumi korral.
Ta tahab sundida FC Bayernit oma sponsorist Qatar Airwaysist lahku minema.
Michael Ott oma strateegia kohta üldkoosolekul
Klubi liige Michael Ott võitleb selle eest, et Saksamaa jalgpallimeister läheks lahku oma vaidlusalusest sponsorpartnerist Qatar Airwaysist.
sterni intervjuus selgitab 28-aastane jurist Mainzist, miks ta tahab lasta sel neljapäeval FC Bayerni üldkoosolekul Katari küsimuse üle hääletada – ja kuidas ta kaitseb end klubi viivitamistaktika eest.
Kasvav nõudlus: seepärast on koroona kiirtestid paljudes kohtades otsas
Juba paar nädalat kasvab uute nakatumiste arv kogu riigis – ja koos sellega huvi koduste koroona kiirtestide vastu.
Kui neid oli viimastel kuudel igal pool saada, siis praegu otsitakse paljudes apteekides ja supermarketites pakendeid asjatult.
Aga kuidas siis nii?
Neljas laine hoiab Saksamaad kindlalt haardes: üha enam vaktsineerimata, aga ka vaktsineeritud inimesi nakatub koroonaviirusega.
Et olla kindel, et võib sõprade ja perekondadega edaspidigi puhta südametunnistusega kokku saada, teevad paljud kiirtesti kodus või ka tööl.
Kui testipulgad olid pandeemia alguses peaaegu igal pool otsas, oli võimalik ennast kiirtestidega viimastel nädalatel probleemideta varustada – kuni tänaseni.
Äkitselt ei ole koroona kiirteste paljudes poodides enam saada.
Ja kui oled lõpuks ühe leidnud, torkab kiiresti silma: hinnad on märgatavalt tõusnud.
Mida see peab tähendama?
Ja kust saab veel koroona kiirtesti?
Seetõttu on koroona kiirtestid sageli otsas
Kasvav nõudlus on põhjus, miks koroona kiirtestid on äkitselt otsas.
Juba novembri alguses kostis apteekrite liidust, et kättesaadavus muutub kriitiliseks.
"Paljudes kohtades ei ole teste enam saada", selgitas Thomas Preis, Apothekerverbandes Nordrhein e.V. juhataja, ajalehele "Rheinische Post".
Seejuures on tegemist siiski ainult hetkeolukorraga ehk siis eeldatakse, et tekivad ainult lühiajalised kitsaskohad – millega saab selgitada ka kasvavaid hindu.
Ja ka kaubanduses lähtutakse sellest, et kättesaadavus varsti jälle suureneb.
Kuni asi nii kaugele jõuab, saate koroona kiirteste veel paljudest veebipoodidest ja apteekidest.
Kust täpselt, saate teada järgmisest lõigust.
24 tunni jooksul teatati 76 414 uuest nakatumisest – 23 444 rohkem kui eelmisel reedel
Ühe päeva jooksul RKI-le teatatud uute koroonanakatumiste arv on jälle saavutanud kõrgeima taseme.
Tervishoiuametid teatasid 76 414 juhtumist 24 tunni jooksul. —
Uute koroonanakatumiste arv ühe päeva jooksul on saavutanud kõrgeima taseme.
Nagu Robert Kochi Instituut (RKI) teatas reede hommikul tervishoiuametite andmetele tuginedes, registreeriti kogu riigis 24 tunni jooksul 76 414 uut nakatumist.
Eelmisel reedel oli neid 52 970.
Ka üleriigiline seitsme päeva haigestumus saavutas 438,2 juhtumiga uue kõrgeima taseme.
11. novembril ületati esimest korda pärast pandeemia algust 50 000 uue nakatumise lävi 24 tunni jooksul.
RKI andmetel kasvas Saksamaal pandeemia tõttu surnute arv reedel 357 võrra 100 476 inimeseni.
Neljapäeval ületas koroonasurmade arv Saksamaal 100 000 piiri.
Haigestumus saavutab 19. päeva järjest kõrgeima taseme
Seitsme päeva haigestumus oli 438,2 ja saavutas seega 19. päeva järjest kõrgeima näitaja.
Neljapäeval oli haigestumus 419,7, eelmise nädala reedel veel 340,7.
Seitsme päeva haigestumus näitab uute nakatumiste arvu 100 000 elaniku kohta ühe nädala jooksul.
8. novembril ületas näitaja Saksamaal 200 piiri ja seega senise kõrgeima näitaja alates pandeemia algusest 2020. aasta detsembris (197,6).
Sellest ajast alates on iga päev registreeritud uued kõrgeimad näitajad.
Tervisliku hommikusöögi idee: kreemjas kohupiimavorm mustikatega
Kohupiimavorm maitseb hommikusöögiks nagu magustoit.
Seejuures on toit kõhtutäitev, valgurikas ja imeliselt mitmekülgne.
Suurepärane algus päevale.
Toitev hommikusöök annab tooni kogu ülejäänud päevaks.
See annab kehale energiat, et kõigi eesseisvate ülesannete ja probleemidega julgelt hakkama saada.
Lisaks avokaadoleivale, pudrule ja muule sellisele on toitaineterikkal hommikusöögil pakkuda veel muudki.
Kuidas oleks näiteks kreemja kohupiimavormiga?
Kõhtutäitev, valgurikas ja seejuures uskumatult maitsev.
Kõik hommikusöök, või mis?
Toitumise osas lähevad teatavasti arvamused lahku, nii ka hommikusöögi puhul.
Soovitusi optimaalseks esimeseks söögikorraks – kui seda vahelduvpaastu ajal üleüldse süüakse – on nagu liiva mere ääres.
Saksa Toitumisühing soovitab ühte portsjonit puu- või köögivilju, täisteratooteid, rohkelt valku ja piisavalt vedelikku, kõige parem kui magustamata tee ja vee kujul.
Need komponendid peaksid tasakaalustatud hommikusöögis põhimõtteliselt alati sisalduma.
Ei tohiks ju tegelikult nii raske olla, või mis?
Tasuta lend Virgin Galacticuga: ema ja tütar võidavad lennu kosmosesse
kaks piletit kokku 900 000 USA dollari väärtuses lennu jaoks kosmosesse võitis Kariibidelt pärit naine.
Peavõidust teatas talle isiklikult Zoomi kaudu Richard Branson.
Keisha Schahaff suudab oma õnne vaevu uskuda.
44-aastane naine Kariibi mere riigist Antiguast ja Barbudast võttis internetiplatvormi kaudu osa loteriist, millega koguti raha vabaühenduse jaoks, mis tahab anda inimestele juurdepääsu kosmosele.
Väikseim panus oli kümme dollarit.
Kaheksanädalase perioodi jooksul osales 165 000 inimest, nii tuli kokku 1,7 miljonit dollarit.
Palju Schahaff maksis, ei saanud teatavaks.
Võitja soovib oma 17-aastase tütre kosmosesse kaasa võtta, nagu teatas Briti miljardäri Richard Bransoni firma Virgin Galactic.
Teismeline õpib praegu Suurbritannias astrofüüsikat ja unistab tööst USA kosmoseagentuuris NASA.
Branson teavitas 44-aastast isiklikult sellest, et ta võitis kaks piletit, mõlemad väärtusega 450 000 dollarit (400 000 eurot) - ja üllatas teda tema kodus.
"Arvasin, et hakkan lihtsalt Zoomi vestlust pidama", ütles Schahaff uudisteagentuurile AFP.
"Kui Richard Branson tuli, hakkasin karjuma.
Ei suutnud seda uskuda."
Branson lendas 11. juulil ülemaailmset tähelepanu saanud testlennuga ühe oma firma kosmoselaevaga kosmosesse.
Äriline tegevus peaks algama 2022. aasta lõpus.
Virgin Galactic on enda andmetel müünud ümmarguselt 700 piletit.
Ettevõte konkureerib Amazoni asutaja Jeff Bezose eraettevõtte kosmoselendude pakkujaga Blue Origin.
Tütar nõuab oma ema perearstilt kohtu kaudu miljoneid – kuna viimane andis loa tema sünnitamiseks
Üks noor naine väidab, et tema ema perearst jättis viimase teavitamata foolhappepreparaatide tähtsusest raseduse ajal.
Nüüd ütleb ta, et tema sündi poleks tohtinud selle tõttu kunagi toimuda.
Evie Toombes Skegnessist Lincolnshire's nõuab oma ema perearstilt kohtu kaudu miljonites kahjuhüvitist, kuna ta väidab, et tema sünd ei oleks tohtinud toimuda.
Invasportlasest takistussõitja sündis seljaajusongaga, mis on rahvasuus tuntud ka kui "lõhestunud selg".
Siinjuures on tegemist haigusega, mille puhul lapse selgroog ja seljaaju emakas ei arene, mis toob kaasa tühimiku selgroos.
Toombesit tuleb seetõttu mõnel päeval ööpäevaringselt kunstlikult toita ja aeg-ajalt ripub ta voolikute küljes.
Mingil hetkel hakkab 20-aastane sõltuma ratastoolist ja samuti ilmnevad tulevased mao-seedetrakti haigused.
Sellele vaatamata edukas takistussõitja
PPuudest hoolimata on Evie Toombes teinud karjääri takistussõitjana ja võistleb nii puudega kui ka puudeta inimestega.
Mõni aasta tagasi kohtus ta selle käigus isegi prints Williami ja tema naise Kate'iga, kui ta võitis heategevusüritusel auhinna "Inspiration Young Person Award".
Miljonite suurune investeering: Ionity laiendab oluliselt kiirlaadimisjaamu
Tuhanded uued laadimisjaamad Euroopas: laadimisvõrgu operaator Ionity tahab sadade miljonite suuruse investeeringu abil oma kliimaneutraalsete kiirlaadimisjaamade võrku tugevasti laiendada.
Ärisse siseneb USA investor Blackrock.
Ionity plaanib USA investori Blackrocki 700 miljoni euro suuruse rahasüsti abil oma kiirlaadimisvõrku oluliselt laiendada.
Elektriautode laadimisvõrgu operaator tahab 2025. aastaks laadimisjaamade arvu enam kui neljakordistada.
Seega peaks nende arv kasvama ümmarguselt 7000ni.
Praegu 400 laadimispargist koosnev üleeuroopaline võrk peaks arvuliselt kasvama üle 1000, kusjuures tegemist peaks olema eranditult 350 kilovatt-tunnise laadimisvõimsusega kiirlaadijatega.
Pakutav elekter peaks seejuures endiselt tulema eranditult taastuvenergiast.
"Liikuvussektori elektrifitseerimine on otsustav, et saavutada üha pakilisemad kliimaeesmärgid", öeldakse pressiteates.
Keskmiselt on kavandatud kuus kuni kaksteist laadimisjaama.
Lisaks on kavas olemasolevaid asukohti sõltuvalt nõudlusest uuendada.
Lisaks laadimispunktidele kiirtee ääres tahab Ionity tulevikus luua laadimisvõimalusi ka suuremate linnade lähedusse ja suure sõidetavusega maanteede ääres.
Vajadus avalike laadimispunktide järele ELis ei saa aga sellega veel kaugeltki kaetud.
Euroopa autoliidu ACEA hinnangute kohaselt on 2030. aastaks vaja kuus miljonit pistikut, et elektrisõidukitele üleminekuga langetada uute sõidukite CO2 heidet poole võrra.
Hetkel on see arv kokku veidi alla 225 000 – paiknedes eelkõige Lääne-Euroopas.
Kütusesäästja või kliimaprobleem?
Laetavates hübriidsõidukites on nii elektri- kui ka sisepõlemismootor.
Eesmärk on järgmine: linnas peaksid sõidukid liikuma elektriga ja emissioonivabalt, pikematel sõitudel saaks siiski sisepõlemismootorit kasutada.
Lahkarvamusi tekitab ka küsimus, kui sageli nende sõidukitega sõites üldse puhtalt elektrimootorit kasutatakse.
Sageli on laetavateks hübriidsõidukiteks rasked linnamaasturid.
Vaieldav on ka kombinatsioon kliimavaenulikust sisepõlemismootorist ja elektrimootorist, mis vajab raskeid patareisid.
Kes aga jätab oma laetava hübriidsõiduki laadimata ja veab elektrimootorit üksnes ballastina kaasas, tekitab lõppeks mitte vähem vaid rohkem emissioone.
2020. aasta keskel otsustati koroonapandeemia taustal, et innovatsioonipreemia kaudu kahekordistatakse tähtajaliselt 2021. aasta lõpuni elektrisõidukite ostupreemiat (keskkonnaboonus).
SPD, roheliste ja FDP koalitsioonilepingus öeldakse aga, et iseäranis tootjate püsivate raskuste tõttu tellitud laetavate hübriidsõidukite tarnimisel, tuleb riikliku innovatsioonipreemia maksmist senise regulatsiooni järgi jätkata muutmata kujul 2022. aasta lõpuni.
Ilma piloodilitsentsita: e-helikopter peaks reisimise viisi revolutsiooniliselt muutma
Rootsi ettevõte Jetson Aero esitles uudset multikopterit Jetson One.
Nüüd näitab ettevõte õhusõidukit tegevuses.
Tootja tahab muuta viisi, kuidas me reisime.
Tagaajamine Teslale järelejõudmiseks: VW kavatseb oma kiirlaadimistaristut ulatuslikult laiendada
VW tahab otsustavalt edendada elektromobiilsust ja selleks oma laadimistaristut ulatuslikult laiendada.
Lähiaastatel peab tekkima kümnetest tuhandetest kiirlaadijatest koosnev võrk.
Selle juures on eeskujuks Tesla.
Tesla on elektromobiilsuse valdkonnas suur teerajaja.
USA autotootja on maailmas juhtiv elektriautode tootja ja ähvardab ette jõuda isegi VWst, maailma ühest suurimast autotootjast.
Seejuures ei ole Tesla mitte üksnes suur konkurent, vaid samal ajal ka teatud viisil VW eeskuju.
Wolfsburglased tahavad kiiresti elektromobiilsuse asjas järele jõuda ja oma laadimistaristut ulatuslikult laiendada.
Selleks võttis Volkswagen aasta alguses tööle kogenud energiamajanduse eksperdi Elke Temme.
Temme töötas eelnevalt ligi kaks kümnendit energiakontsernides RWE ja Innogy ning juhib tänaseks VW uut ärivaldkonda "Laadimine ja energia".
Seal koondab ta kaubamärkide üleselt kokku erinevad energiaalased tegevused.
Selle juurde kuulub näiteks energia hankimine, klientide võimalus laadida oma autosid kodus ja teel olles ning vajaliku elektri müük.
Täpselt seda Tesla juba teeb.
USA autotootja pakub oma klientidele juba aastaid võimsaid superlaadijaid.
Elon Muski ettevõttel on üle maailma ligikaudu 30 000 kiirlaadimisjaamast koosnev võrk, kus Tesla juhtidel on võimalik 15 minutiga laadida elektrit 200 kilomeetri jaoks.
Oktoobris teatas Tesla, et tema võrk on viimase 18 kuu jooksul kahekordistunud ja peab järgmise kahe aasta jooksul kolmekordistuma.
VW kavatseb 2025. aastaks ehitada 45 000 kiirlaadimisjaama
VW-l on vaja siin järele jõuda.
Oma kiirlaadimisjaamade kavandatud ulatusliku laiendamise kaudu loodab kontsern igal juhul, et tema võrk neljakordistub 2025. aastaks arvuliselt ligikaudu 45 000ni.
Märtsis kõlas Volkswagenilt, et ta investeerib selleks ajaks 400 miljonit eurot oma ülemaailmse kiirlaadimisvõrgu laiendamisse.
Selleks tahab Volkswagen kahekordistada oma laadimis- ja energiaharu töötajate arvu ligikaudu 300ni.
Sellel aastal seda arvu juba kolmekordistati.
"Investeerime suurtesse kasvuvaldkondadesse, mis ei pea alati olema kohe kasumlikud.
Näeme neid investeeringuid alati üldises seoses oma kontserni strateegiaga", ütles Temme uudisteagentuurile Reuters.
Ulatusliku taristu ülesehitamine on seetõttu otsustav.
Võitlused parteitiival on tagasi?
Rohelised kemplesid ministriametite pärast intensiivselt ja peaaegu nagu vanadel aegadel.
Otsustava duelli võitsid niinimetatud reaalpoliitikud.
Sellegipoolest lasi partei valgusfoorikoalitsioonis oma šansid hakatuseks käest.
Neljapäeva hilisõhtul saavad rohelised parteiliikmed oma peasekretärilt Michael Kellnerilt meili.
Kiri on lühike, ent selle vähesed read kõnekad.
Teadaanne osutab võimuvõitluse lõpule roheliste parteis.
Otsus, kellest saavad koalitsioonivalitsuse liikmed, on langetatud.
Robert Habeck võtab asekantslerina üle majandus- ja kliimakaitseministeeriumi juhtimise.
Annalena Baerbockist saab Saksa esimene naisvälisminister.
Anne Spiegel Reinimaa-Pfalzist hakkab tegelema pere, pensionäride, naiste ja noortega.
Steffi Lemke võimkonnas on keskkond, loodushoid, tuumaohutus ja -julgeolek ning tarbijakaitse.
Toit ja põllumajandus – Cem Özdemir.
Nimekirja lõpetab Claudia Roth kultuuri- ja meediaministri ametikohal.
Nagu vanadel aegadel
Ametikohtade pärast kemplesid rohelised 24 tundi.
Vaidlused meenutasid möödunud aegu.
Niisiis võideldakse partei tiival taas, kuigi lahkhelid näisid olevat ületatud hiljemalt paarisrakendi Baerbocki ja Habecki asumisel partei etteotsa.
Juba neljapäeva hommikul sagenesid signaalid, et valitsusliikmete määramisel on hõõrumist.
Kolleegiumi ettenähtud istung lükatakse edasi.
Ent kell tiksus.
Roheliste üleriiklik liidumaade foorum nihkus lähemale.
Rohelised plaanisid Berliini läänesadamas, kus parteid olid päev varem koalitsioonilepingut esitlenud, anda avapaugu veebihääletusele sisu ja valitsusliikmeid puudutavate küsimuste üle.
Ent just sel kohal kiilus partei kinni.
Tiivatüli.
Özdemiril on see, mis varem jäi vajaka
Baerbock ja Habeck, mõlemad reaalpoliitikud, jäid tasakaalukaks.
Pole nii, et Cem Özdemiri suhtes poleks parteis mingeid kahtlusi, kuid liidupäeva valimistel sai ta määratu tulemuse.
Lisaks on tal olemas see miski, mis valgusfoori isikkoosseisul seni puudus – rändetaust.
Ta oli esimene Türgi juurtega saadik, kes end 1994. aastal liidupäevas sisse seadis.
„Tuleviku juured” - selline ülisuures mõõdus moto laval saab siinkohal täiesti uue tähenduse.
Kas te saate endale lubada, et te ei too teda valitsusse, küsivad toetajad.
Partei vasaktiib tõstab esile muid kriteeriume.
Özdemir oleks viie ministrikoha kohta kolmas reaalpoliikute esindaja.
Vasaktiiva arvates ei olnud nende seisukohad piisavalt esindatud.
Hilisõhtune meil aga lõpetab võimuvõitluse.
Kuigi Lemke, Spiegeli ja Rothi näol on nüüd valgusfoorivalitsuses roheliste kolm tugevat vasakpoolset naist, jäid otsustavas duellis Hofreiteri ja Özdemiri vahel peale reaalpoliitikud.
Nad lihtsalt olid läbirääkimistel edukad, ütlevad vasakpoolsed.
Baerbock ja Habeck olid neid toetanud algusest peale.
Seega pidasid jõuproovile vastu ka nemad.
Iisraeli „raudkupli“ tehnoloogia peab Bundeswehri kaitsma
Euroopa saab õhukaitses uue osaleja.
Iisraeli relvatööstuse kontsern IAI sepistab liitu juhitavate rakettide Euroopa kontserniga.
Uus allianss tahab töötada välja süsteemid „Bundeswehri jaoks kogu toimespektri ulatuses“.
Sõjaväelased on ühel meelel: kaasaegse lahinguvälja määravad ära kamikaze-droonid, rakettide liigutatavad suurtükimürsud või raketi- ja drooniparved.
Ka föderaalses kaitseministeeriumis toimub mõtteviisi muutus.
Seatakse uued prioriteedid kaitse suurendamiseks lähi- ja lähimas piirkonnas, nagu sõnastasid eksperdid.
Sellele ennast ümber korraldavale Saksamaa õhukaitseturule siseneb nüüd Iisraeli suurim relvatööstuse kontsern Israel Aerospace Industries (IAI).
Liiri kokkukukkumine – Erdogan tõotab „majanduslikku iseseisvussõda“
Türgi valuuta kukub ühe päevaga 18 protsenti – uus eskalatsioon riigi majanduslanguses.
Sel ajal, kui president Erdogan näitab end järeleandmatuna, kaalub suur osa elanikkonnast täiesti uut valuutavalikut.
Jutt Türgi majanduslikust tõusust on saanud veel ühe raske tagasilöögi.
Selle nähtavaks väljenduseks on murrangud valuutaturul.
Seal langes Türgi liir teisipäeval juhtvaluuta dollari suhtes ajalooliselt madalaimale tasemele.
Tipus kaotas rahvusvaluuta 18 protsenti oma väärtusest, esmakordselt tuli ühe dollari eest maksta üle 13 liiri.
Üks euro maksis seega esmakordselt ajaloos üle 15 liiri.
See oli üheteistkümnes järjestikuna kahjumitega päev – pikim miinuseseeria viimase 20 aasta jooksul.
Ainuüksi sel aastal on liir kaotanud oma väärtusest ümmarguselt 40 protsenti, viie aasta vaates moodustab miinus kolm neljandikku.
Nii palju on türklased sellest ajast alates rahvusvahelisest ostujõust kaotanud.
WELT selgitab, mis nüüd investoreid ootab.
„Ma tunnen reaktsioonilisusest teatud rõõmu“
Kirjandusteadlane Wolfgang Schivelbusch veetis peaaegu poole oma elust New Yorgis.
Praegu elab ta jälle Berliinis.
Mis tema kui endise 1968. aasta meeleavaldaja mõtteid eriti täidab, on konservatiivsete elementide lüüasaamine tänasel Saksamaal.
Viimaste aastate Saksamaa juures ärritavad teda „uudne konformism“ ja „poliitiliselt korrektse keele koletised“.
Sõnaselget kiitust saab selle „ajakirja alapealkiri, mida harilikult peetakse uute paremäärmuslaste häälekandjaks.
See on ‚Konsensuse häirimise ajakiri‘.
Minu jaoks on tänapäeva konsensuslikku ühiskonda ja selle ikka ja jälle kinnitatavat alternatiivide puudumist silmas pidades iga häire teretulnud vastumürk.“
Kolmikliit tahab välja selgitada, mis on "klannikuritegevus"
Saksamaal on raskusi klannikuritegevusega.
Seda koalitsioonileping siiski ei salga.
Kuid samal ajal soovitakse „luua mõisteline selgus“.
Miks on probleem sõnaga, millest kõik tegelikult aru saavad.
Kolmikliidu koalitsioonilepingus seisab nüüd tahteavaldus: „Niinimetatud klannikuritegevusega seoses luuakse mõisteline selgus.“
See lause jubedas saksa keeles – tegusõnakonstruktsioon põrgust, mida keelekriitik Karl Korn nimetas 1958. aastal ühes kuulsas raamatus „keeleks valitsetavas maailmas“ – annab tunnistust semantilisest ja juriidilisest probleemist.
Kõik me arvame küll teadvat, mis on klannikuritegevus, ja loeme sellest ka iga päev.
Aga selle sõna tähendus on poliitilise leeri vasakpoolses osas vaieldav ja isegi lihtsalt selle kasutamine on mõnede meelest suisa rassistlik.
»Inimesed ei taha nüüd enam, et neid vaidlustega tüüdatakse
Lõpuks rahandusminister: siin selgitab Christian Lindner, kuidas kolmikliit tahab ennast kokku võtta ja tema kõik reformid kinni maksta, miks ta nõuab täiendavaid kontaktipiiranguid – ja kuidas on lood tema inglise keelega.
Kohale jõudnud, läbi külmunud, peksa saanud
Enamik põgenikke soovib esmalt Valgevenesse jääda.
Diktaator Lukašenka jaoks, kes tahtis neid ELi suunata, muutub see probleemiks.
Tema julgeolekujõud suruvad nüüd inimesi jõuga tara suunas.
»Paljud vaktsineerimata inimesed ei umbusalda mitte vaktsineerimist, vaid meie ühiskonda«
Taani vaktsineeris kiiresti väga palju inimesi, ka niinimetatud probleemsetes piirkondades.
Meditsiiniekspert Morten Sodemann selgitab, kuidas ta veenis vaktsineerimata inimesi ja miks ta vaktsineerimiskohustuse tagasi lükkab.
SPIEGEL: Härra Sodemann, Taani oli juba septembri alguses saavutanud enam kui 75-protsendilise vaktsineerituse taseme.
Pärast seda tühistati kõik pandeemiapiirangud.
Tänaseks on see samm uuesti üle vaadatud, ka teie juures on vaktsineerimise tempo aeglustunud.
Kes on praegu veel vaktsineerimata?
Sodemann: Need on väga erinevad rühmad: varasemate haigustega inimesed, keda ei ole võimalik veel vaktsineerida või kes kardavad kõrvaltoimeid.
Võõrtöötajad Rumeeniast, Poolast või Eestist, kes töötavad abitöölistena või põllumajanduses ja kellel ei ole kindlat elukohta.
Ja inimesed sotsiaalselt probleemsetest piirkondadest, kes ei räägi korralikult taani keelt ja puutuvad kokku suure hulga valeinformatsiooniga.
SPIEGEL: Kas veendunud vaktsineerimisvastased või koroonaeitajad ei mängi teie juures mingit rolli?
Sodemann: Mitte nii nagu teie juures.
See tundub mulle tõepoolest nähtusena saksakeelsest ruumist ja Madalmaadest.
Aga igal pool on olemas kõva tuum, milleni ei ole peaaegu võimalik jõuda.
Ma räägin kallist viiest protsendist, kuna peate nii ebavõrdselt jõupingutusi tegema, et neid inimesi veenda.
SPIEGEL: Olete pearst Odense ülikooli kliinikus, Taani ainukeses sisserändemeditsiini osakonnas.
Millised on teie kogemused, kui on tegemist vaktsineerimisega?
Sodemann: Inimesed on väga erinevad, aga nende hirmud on sarnased.
Uskumatult palju inimesi on mures oma viljakuse pärast – mis on tõenduspõhiselt põhjendamatu.
Seda hirmu oli siiski ka juba teiste vaktsineerimiste puhul.
Ka taanlaste seas.
Paljud ei ole tänaseni hästi informeeritud.
Enamasti vaatavad nad teiste riikide eratelevisiooni või tarbivad uudiseid Facebookis.
Paljudele patsientidele käib see siis üle jõu.
Lisaks tahavad paljud teada, miks nad ei saa meie juures neid vaktsiine, mida süstitakse nende koduriikides, näiteks Sputnik või Sinovac.
Mis enamikku aga ühendab, on see, et nad on ikka veel vastuvõtlikud headele argumentidele.
Nad tahavad, et neid veendaks isiklikult.
Kuidas ELi miljonid maabusid oletatavate Hezbollah rahastajate juures
Tubli kuus miljonit eurot ELi vahendeid liikus ehitusettevõttesse Kongos.
SPIEGELi uuringud näitavad: ettevõte on seotud kontserniga, mis seisab USA sanktsioonide nimekirjas Hezbollah varifirmana.
Politsei teostab uurimist ilmselt enam kui 3000 menetluses võltsitud vaktsineerimispasside tõttu
Ühe ajakirjanduses avaldatud artikli kohaselt teostavad liidumaade kriminaalametid uurimist enam kui 3000 menetluses võltsitud vaktsineerimistõendite tõttu.
Uurijad näevad selle kohaselt »erinevates sõnumikanalites« suurenenud nõudlust.
Saksamaal on võltsitud vaktsineerimispasside tõttu ilmselt käimas juba vähemalt 3100 uurimismenetlust.
Sellest kirjutab »Wirtschaftswoche«, viidates enda küsitlusele 16 liidumaa kriminaalameti seas.
Ainuüksi Baieris viiakse selle kohaselt läbi ümmarguselt 900 uurimismenetlust.
Kölnis teatas prokuratuur 70 uurimismenetlusest sellel aastal.
Liidumaade kriminaalametid lähtusid siiski märkimisväärsest teatamata juhtumite arvust.
350 eurot võltsingu eest
Föderaalne kriminaalamet näeb artikli kohaselt »erinevates sõnumikanalites« suurenenud nõudlust võltsitud vaktsineerimisraamatute järele.
Näiteks Saksi-Anhaltis on viited seda liiki dokumendivõltsingutele alates maist kolmekordistunud.
Baieris müüs apteegitöötaja pseudonüümi all tumeveebis ainuüksi oktoobris 500 võltsitud QR-koodi digitaalse koroona-vaktsineerimiskaardi jaoks – hinnaga 350 eurot tükk.
Jimmy Kimmel kõrvetab endal kalkuni küpsetamise ajal juuksed
Tänupüha kalkunit valmistades kõrvetas USA saatejuht Jimmy Kimmel kogemata oma eesmised juuksed.
Kalkuniga ei juhtunud äparduse ajal midagi.
54-aastane USA saatejuht Jimmy Kimmel jagas tänupühal endast tehtud selfit.
Tema mütsi all on fotol selgelt näha kõrbenud juuksepiir.
»Rõõmsat tänupüha kõigile«, kirjutas Kimmel selle juures.
»Püüdke ahju süütamise ajal juukseid ja kulme mitte kõrvetada.«
Tänupüha õhtusöögist ei pidanud tema perekond ilmselt sellele vaatamata loobuma.
Varsti pärast seda postitas Kimmel veel ühe foto, millel ta hoiab kaamera ees krõbedat kalkunit.
Kimmeli vanim tütar Katie (30) kommenteeris Instagramis lihtsalt »Juba jälle?«, mille peale saatejuht vastas:
»Jep.
See on nüüd pühadetraditsioon.«
Vana särgiga uude hooaega
Aastast aastasse ujutavad jalgpalliklubid kauplused üle uute särkidega.
Üks Premier League'i klubi läheb nüüd teist teed.
FC Brentford tahab oma koduklubi särki kanda ka tuleval hooajal – fännid peaksid raha kokku hoidma.
Hooaeg hooaja järel annavad mitmedki jalgpalliklubid välja uusi särke, mõned toovad turule isegi kuni kolm särki hooaja kohta, üks särk välismängudeks, üks kodumängudeks ja kolmas särk rahvusvaheliseks võistluseks.
Rahalisest vaatest on sellel mõte.
FC Brentford Inglismaa Premier League'ist soovib nüüd selle arengu puhul teha siiski sammu tagasi.
Klubi tahab järgmisel hooajal kanda jälle kodumängude särki, millega joostakse platsile juba käimasoleval hooajal 2021/2022.
Eesmärk on muutuda jätkusuutlikumaks ja fännid peaksid raha kokku hoidma, nii arvab klubi.
»Usume, et jalgpall muutub meie fännide jaoks taskukohasemaks ja oleme teadlikud vajadusest, et mäng peaks olema suunatud rohkem jätkusuutlikkusele«, ütles Brentfordi tegevdirektor Jon Varney.
»See on ainult väike asi, aga me usume, et see aitab«, ütles Varney, kes rääkis ka fännide poolehoiust sellele ettevõtmisele.
Praegu maksab kodumängude särk klubi ametlikus fännipoes 49 naela, seega ligikaudu 58 eurot.
Brentford kuulub Inglise liigas autsaiderite hulka.
Keskmise vaatajate arvuga 16 725 fänni kodumängu kohta seisab edasipääsenu lisaks liiga võrdluses viimasel kohal.
Fännide väiksemat arvu arvestades ei tohiks loobumine uuest kodumängude särgist pigem suuremat rahalist kahju tähendada; Premier League'i klubid saavad oma põhisissetuleku televisiooniärist.
Liiga teenib hooaja kohta 1,7 miljardit eurot.
Klubi jaoks peaks kampaania seega tähendama pigem maine paranemist.
Jätkusuutlikkuse ja keskkonnakaitse teemadega tegeleb ka jalgpall ja polüestrist särke peetakse eriti kliimat kahjustavaks.
»See on samm õiges suunas, et keskkonda veidi aidata«, ütles Varney.
"Isegi kui Tesla kasvab väga kiiresti, jääb aktsia ülehinnatuks"
Juba kaks kümnendit soovitab Arndt Ellinghorst osta investoritel autoaktsiaid.
Nüüd vahetab ta sektorit – ja teeb Elon Muski, Volkswageni ja ülehinnatud elektriautode aktsiatega lõpparve.
Saksamaa valitsus piirab viirusevariandi tõttu lennuliiklust Lõuna-Aafrikast
Uurimata mutant: Saksamaa valitsus määratleb Lõuna-Aafrikat alates laupäevast viirusevariandipiirkonnana, Maailma Terviseorganisatsioon reageerib olukorra muutusele ekspertide kohtumisega.
Ülevaade.
Kas internet on liiga aeglane?
Varsti on teil õigus vähem maksta.
Kui interneti kiirus ei ole selline nagu lubatud, on klientidel varsti võimalik teenusepakkujale paremini vastu astuda.
Probleemiga kokkupuutujad peavad aga veel natuke kannatust varuma – ja vähemalt 20 korda mõõtma.
Paljusid inimesi ärritab aeglane internetiühendus, eelkõige kodukontoris töötades.
Eriti vihale ajab see, kui ühendus peaks sõlmitud lepingu kohaselt tegelikult olema kiirem – Saksamaa föderaalse võrguagentuuri lairibaühenduse monitooringu järgi tuleb seda ette tihti.
Nüüd on aga olukorrast puudutatud kasutajatel lootust selle paranemisele, sest detsembris jõustub telekommunikatsiooniseaduse eeskiri, mis parandab tunduvalt klientide võimalusi oma internetipakkujale vastu astuda: kui lairibaühenduse mõõtmistarkvaraga tehtud kontrolli käigus saadud väärtus on viletsam kui lepingus lubatud, saavad kliendid oma kuutasu vähendada.
Internetitariifidega käib kaasas infoleht, milles antakse teavet mitmete asjade kohta: maksimaalne andmeedastuskiirus, tavaliselt kättesaadav andmeedastuskiirus ja minimaalne kiirus.
Uue vähendamisõiguse saamiseks peavad tarbijad kasutama föderaalse võrguagentuuri lairibaühenduse mõõtmise töölauarakendust.
Seejuures peavad nad oma arvuti internetiga ühendama kohtvõrgukaabli, mitte raadiokohtvõrgu kaudu, sest kui arvuti statsionaarse internetiga ühendada juhtmeta, võib osa kiirusest kaduma minna.
Tarbijakaitsjad on uuest eeskirjast vaimustuses.
„See on üks tarbijakaitse suurimatest saavutustest,“ ütleb Saksamaa tarbijakaitsekeskuste ja tarbijakaitseliitude föderaalse liidu digiküsimuste referent Susanne Blohm.
Teenusepakkujatele saadab see selge signaali, et lepingute sisu peab olema realistlik ja nendes ei tohi enam anda reklaamlubadusi, millel reaalsusega palju pistmist ei ole.
Millal saavad kliendid vähem maksta?
Seaduse järgi võib hinna vähendamist nõuda „märkimisväärsete, pidevate või regulaarselt korduvate kõrvalekallete“ korral.
Lepingukohast makset tuleb „vähendada samas suhtes, nagu tegelik jõudlus lepingus kokkulepitud jõudlusest erineb“.
See tähendab, et kui kliendini jõuab lubatud jõudlusest vaid pool, tasub ta ainult poole hinnast.
Uus see teema ei ole.
Juba praegu saavad tarbijad nõuda õigust vähem maksta, kui nende interneti kiirus on lubatust aeglasem.
Kui aga pakkuja sellega ei nõustunud, pidid tarbijad kohtusse pöörduma.
Kuigi föderaalse võrguagentuuri lairibaühenduse mõõtmisandmed peaksid tarbijat vaidluses pakkujaga aitama, ei olnud menetluse tulemus ettenähtav.
„30 euro pärast kuus kohtusse pöördumine on koormav, paljud tarbijad kartsid seda,“ ütleb tarbijakaitsekeskuste ja tarbijakaitseliitude föderaalse liidu ekspert Blohm.
Uus vähendamisõigus on nüüd tunduvalt teravam mõõk.
Kui inimesel on käepärast lairibaühenduse mõõtmisrakenduse mõõteprotokoll ja sellest nähtub vilets jõudlus, saab ta tulevikus õiguse hinnavähendusele.
Mõõteprotokolliga tuleb pöörduda oma internetipakkuja poole.
Seejärel peab tema sellele reageerima.
Swen Thissenist saab uus peatoimetaja
Kolmandat korda nelja aasta jooksul vahetub portaali watson.de peatoimetaja: Swen Thissenist, kes seni oli stern.de digijuht, saab Kinga Rustleri järeltulija.
Kinga Rustler jätkab tööd Ströeri kontsernis.
Ajakirjanik Swen Thissenist saab uudisteportaali watson.de peatoimetaja.
Ta jätkab 2022. aasta jaanuaris Kinga Rustleri tööd, nagu Ströeri kontsern neljapäeval teatas.
Thissen juhib praegu stern.de digitoimetust, enne seda oli ta samas sotsiaalmeedia juht.
Rustler vahetab teadaoleva kohaselt töökohta Ströeri kontserni sees ja temast saab sisu üldjuht muu hulgas kontserni kuuluvatele meediabrändidele, nagu T-online, watson.de ja kino.de.
Alates 2018. aasta märtsist, kui uudisteportaal watson.de käivitati, on toimetuse juhid mitu korda vahetunud.
Pärast tüli esimese peatoimetaja Gesa Mayri ja tema asetäitja Anne-Kathrin Gerstlaueriga juhtis portaali kõigepealt peatoimetaja kohusetäitjana Arne Henkes.
Kinga Rustler võttis juhtimise üle 2019. aasta aprillis.
Kontserni Ströer Content Group tegevjuhi Marc Schmitzi sõnul õnnestus Rustleril watson.de „kasvatada juhtivaks noortele täiskasvanutele mõeldud uudiseid pakkuvaks brändiks ja arendada välja ajakirjanduslik hääl, millel on kaalu kogu Saksamaal.“
Deanna Dikeman pildistas hüvastijätu ajal oma vanemaid.
27 aastat.
Iga kord, kui fotograaf oma vanemaid külastas, tegi ta hüvastijätuks ühe foto – peaaegu kolme aastakümne jooksul.
Fotod on samal ajal paeluvad ja häirivad.
Mõnikord läheb terve igavik, enne kui inimene jõuab teadmisele: ma olen nüüd ise nii täiskasvanud, nagu ma lapsena alati mõtlesin, et ma seda kindlasti kunagi olema ei saa.
Ma elan oma vanematest kauem.
Tõenäoliselt.
Siis algab see eluperiood, kui inimene küsib endalt: kui tihti me üksteist enne seda veel näeme?
Mida ma siis näen, kui me üksteist näeme?
Ja mõnikord rajavad kõik need mõtted teed stseenini, mis võib ühekorraga olla nii mõndagi: kergendust tekitav, vabastav, valu tekitav. Siis, kui vanematel on külas käidud, ja on aeg jälle ära sõita.
Tsau, järgmise korrani.
Ei, alles detsembris jälle.
Väike musi.
Tsau, nüüd päriselt, tsau.
Pean minema hakkama.
Vajutad gaasipedaalile, või hakkab rong sõitma.
Saabub kergendustunne.
Või valu.
Ameerika fotograaf Deanna Dikeman tegi sellest ühest hetkest pilte.
27 aastat.
Ta pildistas oma vanemaid, kui nad maja ees seisid ja lehvitasid, kui tütar pärast külaskäiku jälle oma ellu tagasi suundus.
Kas minust peab saama milleski ekspert, et korralikult karjääri teha?
Tundub, et Kai oskab kõike, ta vahetab tihti töökohta ja tööülesandeid.
Kas ta võiks loota paremat palka ja paremaid võimalusi, kui ta millelegi spetsialiseeruks?
45-aastane Kai küsib: „Olen juba palju aastaid tööl käinud ning töötanud eri valdkondades ja ametikohtadel.
Olen oma karjääriga rahul, aga mul on ikkagi iga kord tööd vahetades tunne, et ma ei oska võrreldes kandidaatidega, kellel on valdkonna eriteadmised, eriti hästi midagi.
Kas ma peaksin ühele teemale spetsialiseeruma?“
Kallis Kai,
selle tundega olete heas seltskonnas.
Kui tegelen nõustamisega, istuvad mul 90% juhtudest vastas generalistid nagu teie.
Kuna neil on nii lai huvide ring, et nad ei tea, millised tööd oleks nagu neile loodud, ega näe tööd otsides puude taga metsa.
Ja kuna läbi nende CV jooksev punane niit on nii kirju, et värbajatel on seda raske ära tunda.
Kõiki generaliste vaevab ähmane tunne, et nad ei tea kunagi piisavalt ja jäävad võrreldes oma spetsialistidest kolleegidega võhikutena tagaplaanile.
Nad tunnevad seda oma töökohtadel, kui nende käest ei küsita erialateemadel arvamust ja antakse pigem ülesandeks korraldada järgmine meeskonnaüritus.
Kui erialaekspert juhiks ülendatakse või sirgjoonelise CVga spetsialist uue töökoha konkursi võidab.
Iga asja peale mihkel olemine on ka tugevus
Paljudel inimestel, kes oskavad kõike ja samal ajal mitte midagi korralikult, on oma tugevuste väärtustamisega raskusi.
Sealjuures neil kui generalistidel tugevustest puudu ei tule!
Nad suudavad kiiresti uute katsumustega kohaneda, nad on pidevalt millegagi ametis ja rööprähklevad.
Neil on lihtne mõelda kontseptuaalselt ja uudishimulikult uuele vastu minna.
Neile meeldib vestlusesse uusi vaatenurki tuua ja inimesi üksteisega ühendada.
Nad on juhtijad, kujundajad ja loovad ideedeandjad.
Samal ajal kui spetsialistidel on näiteks loominguliste leiutajate või täpsete kontrollijatena ühe valdkonna selgesti väljakujunenud tugevused, ühendavad generalistid endas mõtlejate, suhtlejate, korraldajate ja juhtijatena palju eri valdkondadele omaseid tugevusi – kõigest midagi.
Vaikus enne vihkamistormi?
Alates veebruarist peavad Facebook ja teised sarnased platvormid edastama vihakõnet sisaldavad kommentaarid Saksamaa Föderaalsele Kriminaalpolitseiametile.
Kuidas politsei end ette valmistab, et igal aastal 250 000 teatest koosnev tulv vastu võtta?
Nad valmistuvad vihakõnet sisaldavate postituste tsunamiks, kuigi nad väga täpselt ei teagi, millal ja kas see saabub.
Föderaalsele Kriminaalpolitseiameti ametnikud harjutavad praegu seda, kuidas sotsiaalvõrgustikest pärit soppa süstemaatiliselt läbi kammida ja süüdistuste esitamise jaoks kasutatavaks muuta.
Sest Facebook ja teised sarnased platvormid peavad alates veebruarist vihakõnet sisaldava ja vaenu õhutava sisu Föderaalsele Kriminaalpolitseiametile edastama ning teateid võib aastas tulla isegi 250 000.
Aga kas see tõepoolest nii ka läheb?
See pole selge.
Sest Google ja Facebook läksid Saksamaa võrgustike jõustamisseaduse (Netzwerkdurchsetzungsgesetz, lühemalt NetzDG) muudatuse vastu kohtusse.
See kohustab platvorme edastama Wiesbadenis asuvale ametile teatavate kuritegude toimepanemise kahtlusega seotud sisu, millest neile on teatatud ja mille nad on kustutanud, ning sisu koostaja IP-aadressi.
Karistatav on näiteks lapse väärkohtlemise, rassiviha õhutamise ja ähvardamise kujutamine.
Prokurör: vihakõne ei tule mitte ainult kustutada, vaid selle eest tuleb võtta ka vastutusele
Kogu protsess näeb välja nii.
Platvormid annavad Föderaalsele Kriminaalpolitseiametile sisust teada.
Esimeses etapis annab Föderaalne Kriminaalpolitseiamet sellele hinnangu, sest võib ka juhtuda, et platvormide edastatud sisus ei ole midagi karistatavat.
Seejärel võib ekspertide hinnangu kohaselt olla 250 000 teatest järele jäänud veel 150 000, mida tuleb uurida.
Kaasapandud IP-aadressi põhjal saab politsei teises etapis lasta internetiteenuse pakkujal kindlaks teha kasutaja asukoha.
Kolmandas etapis võivad sellele järgneda politseijuurdlused kuni kohtumenetluse ja süüdimõistmiseni.
Laskesuusatamine: lootus saksa Lægreidi sünnile
Arnd Peiffer ja Simon Schempp, kaks viimase kümnendi edukaimat saksa laskesuusatajat, taandusid tippspordist.
Järeltulijate otsimine on suur katsumus.
Bernd Eisenbichler tunneb rahvusvahelise laskesuusatamise maailma suurepäraselt.
Ülem-Baieri ringkonnast pärit mees vastutas alates 1999. aastast kaks aastakümmet USA laskesuusatajate eest.
„Väiksemates riikides on areng kahtlemata toimunud,“ esitab 46-aastane Eisenbichler seejuures oma peamise järelduse. Jutuajamises ZDFheutega rõhutab ta: „Seepärast ei või meie seisma jääda – muidu tulevad nad meile ühel hetkel vastu.“
Kõrvaltvaatajad Pokljuka MMil
Meie – Eisenbichleri jaoks on see nüüdseks juba Saksamaa Suusaliidu laskesuusatamismeeskond, mida eest ta alates 2019. aasta aprillist spordijuhina hoolt kannab.
See töö on keeruline, veebruaris toimunud MMil jäi kunagi eduga ärahellitatud liit vaid kahe medaliga kõrvaltvaatajaks.
Lisaks taandus kevadel tippspordist viimaste aastate kõige usaldusväärsem sõitja Arnd Peiffer, kelle hõbemedal klassikalises 20 kilomeetri sõidus oli Sloveenias sakslaste ainuke üksikalalt saadud medal, nii et tema kunagisel toanaabril Erik Lesseril jääb üle ainult ohata:
„Meil pole nüüd kindlasti enam kedagi, kes ühtäkki mõne MM-medali tooks, nagu Arnd on alates 2019. aastast hea meelega teinud.“
Erinevalt Peifferist on 33-aastane Lesser ka sel hooajal, mis algab laupäeval Östersundis naiste üksiksõidu (kell 11.45, ZDFi otseülekanne) ja meeste üksiksõiduga (kell 15.00, ZDFi otseülekanne), jälle osa seltskonnast.
Tuba jagab Tüüringi liidumaalt pärit mees nüüd kaks aastat noorema Schwarzwaldist pärit Benedikt Dolliga, kes oli eelmisel talvel maailmakarikasarja üldarvestuses saadud 14. kohaga Peifferi järel paremuselt teine Saksamaa Suusaliidu eest startinud sportlane.
Suures üksinduses Franziska Preuß
Ka naiste puhul saab eeldada, et Denise Herrmann (32-aastane), kes on üks lähimineviku usaldusväärsemaid medalitoojaid, lõpetab karjääri hiljemalt pärast 2023. aasta Oberhofi MMi.
Potentsiaalse medalikandidaadina jääb keskpikas perspektiivis alles vaid 27-aastane Franziska Preuß.
„Nii asjad ei ole, et meid pärast olümpiat või 2023. aasta kodust MMi sünge periood ootaks.
Aga me peame tõesti kõvasti töötama,“ teab laskesuusatamise juht Eisenbichler, kes räägib hiilivast murrangust ja ütleb: „Me peame lihtsalt vaatama, et me selle perioodi hästi üle elame.“
Väga kõrge vaktsineerimismäär, suur haigestumus – miks?
Peaaegu kogu Gibraltari elanikkond on vaktsineeritud.
Siiski on haigestumus umbes 900.
Kuidas see kokku sobib?
Argument vaktsineerimise vastu need numbrid ei ole.
Väike Gibraltar kuulub nende Euroopa piirkondade hulka, kus praegu on koroonasse haigestumus üks suuremaid.
296 uue nakatunuga on seitsme päeva haigestumus praegu ligikaudu 900, mõni päev tagasi oli see veel tunduvalt üle 1000.
Kuna Gibraltari vaktsineerimismäär on siiski ka üks maailma kõrgematest, on see vaktsiini toimes kahtlejate jaoks tõend.
Selles arutluskäigus on lüngad mitmel põhjusel.
Keegi ei ole Covid-19 tagajärjel intensiivraviosakonnas
Olukord Gibraltaril ei ole kuigivõrd võrreldav olukorraga riikides nagu Saksamaa.
Pürenee poolsaare lõunapoolseimas tipus asuval Briti ülemereterritooriumil Gibraltaril elab umbes 33 700 inimest.
Juba vähene hulk nakkuskoldeid, näiteks ettevõtetes või koolides, võib kaasa tuua selle, et haigestumus kiiresti kasvab – aga seejärel ka jälle kiiresti väheneb.
Valitsus reageeris küll murelikult viimasele kasvule, aga viitas ka haiglates valitsevale rahulikule olukorrale.
Praegu on haiglas ainult kaks koroonapositiivset, kumbki neist ei ole intensiivraviosakonnas.
Me tahame ära hoida selle, et tulevaste nädalate või kuude jooksul tuleb rakendada liikumispiiranguid.
Eelmisel nädalal jäeti ära vaid mitu jõuluaja avalikku üritust või vähendati nende suurust.
76 414 uut koroonajuhtu, haigestumus 438,2
Robert Kochi instituut teatab 76 414 uuest koroonaviirusega nakatunust, seitsme päeva haigestumus on nüüd 438,2.
Ülevaade arvudest ja andmetest.
Saksamaa terviseametid on ühe päeva jooksul teavitanud Robert Kochi instituuti (RKI) 76 414 uuest koroonaviirusega nakatunust.
Täpselt nädal aega tagasi oli nakatumisi 52 970.
Seitsme päeva jooksul teatatud uute nakkusjuhtude arv 100 000 elaniku kohta oli RKI sõnul üle riigi 438,2.
See on seitsme päeva haigestumuse järjekordne uus rekord.
Eelmisel päeval oli see 419,7.
Uute nakkusjuhtude arv näitab ainult ühe üksiku päeva jooksul nakkusega toimuvat.
Hilisema teatamise ja viivituste tõttu RKI teavitamise eri etappides – näiteks testitakse nädalavahetusel vähem – kõigub lisandunud koroonaviiruse nakkusjuhtude arv palju.
Seepärast on kõnekam seitsme päeva keskmine, milles kasutatakse andmeid projektist Risklayer ja Karlsruhe tehnoloogiainstituudi (KTI) katastroofihaldus- ja riskimaandamistehnoloogiate keskuse (CEDIM) töötajatelt, kes hangivad andmeid mitu korda päevas otse linnade ja maakondade terviseametite avaldatud teadetest:
Vonovia otsustab kapitali suurendada
Vonovia jõuab rivaali Deutsche Wohnen ülevõtmisega lõpusirgele: kontsern tahab selle rahastamiseks vajalikud kaheksa miljardit eurot saada kapitali suurendamise teel.
Kunagise konkurendi Deutsche Wohnen ülevõtmiseks vajalikud kaheksa miljardit eurot tahab kinnisvarakontsern Vonovia saada kapitali suurendamise kaudu.
Sellest saadava tuluga tahetakse osaliselt tagasi maksta ostuks võetud laenud.
Vonovia, mille peakontor on Bochumis, teatas, et tahab seejuures välja anda umbkaudu 201 miljonit uut aktsiat.
„Roheliste silmadega tüdruk“ on nüüd ohutus kohas
Üks foto ja tema läbitungivad rohelised silmad tegid ta maailmakuulsaks.
Palju aastaid hiljem on Sharbat Gula nüüd Roomas ja Talibani eest kaitstud.
Läbitungivad rohelised silmad vaatavad umbusaldav-hirmunult punase rätiga afgaani tüdruku näost: see fotograaf Steve McCurry tehtud foto põgenik Sharbat Gulast sai 1980ndate aastate keskel maailmakuulsaks.
Nüüd on Itaalia valitsus selle praegu 40ndate eluaastate lõpus oleva naise Afganistanist evakueerinud ja Rooma toonud.
Sellest teatas peaminister Mario Draghi büroo.
Sharbat Gula ilmus pärast Talibani valitsemisaja lõppu 2002. aastal jälle välja
Abiorganisatsioonid olid edastanud naise palve lahkuda riigist, mille sõjaväeline islamirühmitus Taliban augustis üle võttis.
Draghi valitsus korraldas seejärel Afganistani kodanike evakuatsiooniplaani raames tema reisi Itaaliasse.
Itaalia aitab tal nüüd oma ühiskonda lõimuda.
McCurry pildistas Gulat 1984. aastal Pakistani põgenikelaagris Nasir Bagh, kuhu tüdruk oli põgenenud ajal, kui Afganistan oli Nõukogude okupatsiooni all.
„Afghan Girl“ (afgaani tüdruk) oli Afganistani elanike selle aja kannatuste sümbol.
Tema foto avaldati järgmisel aastal ajakirja „National Geographic“ kaanel.
Seejärel kadus naine esmalt jäljetult.
Pärast Talibani valitsusaja lõppu õnnestus McCurryl ta 2002. aastal uuesti leida.
Itaalia päästab Afganistanist sadu inimesi
2014. aastal elas Gula Pakistanis, aga kadus siis, sest võimud süüdistasid teda võltsitud Pakistani passi ostmises ja korraldasid tema maalt väljasaatmise.
Ta lennutati Kabuli, kus president korraldas talle vastuvõtu ja andis uue korteri võtme.
Itaalia oli üks mitmest lääneriigist, kes pärast seda, kui USA augustis väed välja viis ja Taliban võimu haaras, sajad inimesed Afganistanist ohutusse kohta tõi.
ÜRO kliimakonverents COP26
Sada riiki tahavad raadamise peatada
Briti valitsuse sõnul on enam kui sada riiki võtnud Glasgow's toimuval ülemaailmsel kliimakonverentsil (COP26) endale kohustuse 2030. aastaks metsade hävitamine lõpetada.
Glasgow's toimuval ülemaailmsel kliimatippkohtumisel on üle saja riigi võtnud endale kohustuse lõpetada 2030. aastaks metsade ja teiste maastike hävitamine.
Seda teatas esmaspäeva hilisõhtul Briti valitsus, kes on ÜRO konverentsi eesistuja.
Osalevad riigid, sealhulgas Saksamaa ja kogu EL, esindavad selle kohaselt 85% kogu maailma metsamaast ehk umbes 34 miljonit ruutkilomeetrit.
Osalejate hulgas on ka maailma suurimate metsadega riigid ehk Kanada, Venemaa, Brasiilia, Colombia, Indoneesia, Hiina, Norra ja Kongo Demokraatlik Vabariik.
Metsad seovad CO2 heidet
Eesmärgi täitmiseks eraldatakse aastani 2025 umbes 12 miljardit USA dollarit (umbes 10,3 miljardit eurot) avaliku sektori raha.
Sellele lisandub 7,2 miljardit USA dollarit erainvesteeringuid.
Metsi peetakse meie planeedi kopsudeks, nad seovad inimeste aastasest CO2 heitest umbes kolmandiku.
Siiski kahanevad nad muret tekitavalt, nagu väljendati teate järgmises osas: iga minutiga kaob umbes 27 jalgpalliväljaku suurune ala.
Boris Johnson: „Looduse katedraalid“
Briti peaminister Boris Johnson nimetas teate kohaselt metsi „looduse katedraalideks“ ja selgitas: „Nad on meie ellujäämiseks hädavajalikud.“
Tema sõnul on inimkonnal metsa kaitsmise kohustust võttes võimalik saada looduse „vallutajatest“ looduse kaitsjateks.
Kontserni uus nimi
Facebooki emafirma nimi on nüüd Meta.
Juba varem spekuleeriti, et kontserni uus nimi on seotud metaversumiga, mida Facebook arendada plaanib.
Nüüd on see kindel: Meta.
Facebooki, Instagrami ja Whatsappi valdusettevõtja nimi on edaspidi Meta.
Sellest andis teada Facebooki asutaja Mark Zuckerberg.
Uue nimega tahab ta suunata tähelepanu uuele virtuaalsele keskkonnale metaversumile, milles ta näeb nii digitaalside kui ka oma ettevõtte tulevikku.
Järgmise aastakümne jooksul tahab kontsern sellega jõuda miljardi inimeseni.
Nimi Facebook ei sisalda Zuckerbergi sõnul lihtsalt enam kõike, millega nad tegelevad.
Lisaks esmasele sotsiaalvõrgustikule kuuluvad nende tegevuse hulka muu hulgas ka Instagram, Whatsapp, Messenger, VR peakomplekt Quest ja VR platvorm Horizon.
„Praegu nähakse meid sotsiaalmeediaettevõttena,“ ütles Zuckerberg.
„Aga oma olemuselt oleme me ettevõte, mis arendab tehnoloogiat, et inimesi ühendada.“
Virtuaalreaalsus metaversum on tema sõnul uus tee.
„Meta“ pärineb kreekakeelsest sõnast, mis tähendab „väljaspool“.
Interneti asemel metaversum
Facebooki 37-aastase asutaja ettekujutuse kohaselt saavad metaversumis kokku füüsiline ja digitaalne maailm.
Seejuures keskendub Zuckerberg esiteks virtuaalreaalsusele (VR), mis võimaldab kasutajatel spetsiaalsete prillide abil digitaalsetesse maailmadesse sukelduda.
Facebooki kontsernile kuulub ka virtuaalreaalsusega tegelev firma Oculus.
Metaversumi alustalana näeb Facebooki asutaja aga ka nn liitreaalsust (AR, Augmented Reality), mille puhul sulandatakse kas kuvaritel või projektorprillide abil vaataja jaoks reaalsesse keskkonda digitaalne sisu.
Meediakanaleid kasutatakse internetis rohkem
Instagram, Whatsapp, veebiuudised – internetipõhiste meediakanalite tähtsus on koroonapandeemia ajal veelgi kasvanud.
See selgub uuest ARD ja ZDF-i veebipõhisest uuringust.
Juba 25 aastat analüüsivad ZDF ja ARD igal aastal Saksamaa elanike internetikasutust.
Andmetest nähtub, et ka 2021. aastat on koroonapandeemia tugevalt mõjutanud: inimesed veedavad endiselt rohkem aega veebis.
Ülevaade küsitluse* viiest olulisemast leiust:
