Staatsrichter: Die allgemeinen Verordnungen der Regierung dürfen nicht so weitreichend sein
Die allgemeinen Verordnungen der Regierung, in deren Rahmen während der Corona-Pandemie verschiedene Einschränkungen und Regeln festgelegt wurden, dürfen nur einen eingeschränkten Geltungsbereich haben, so Staatsrichter Ivo Pilving.
„Wir haben auf eine Grenze verwiesen, auf die bereits das Tallinner Bezirksgericht verwiesen hat, nämlich dass die allgemeinen Verordnungen der Regierung, in deren Rahmen sämtliche Anforderungen des Corona-Passes festgelegt wurden, dass deren Reichweite an einem bestimmten Punkt aufhören muss.
Denn auch eine allgemeine Regelung muss ihrem Wesen nach in ihrem juristischen Geltungsbereich auf irgendeine Weise beschränkt sein.
Sie darf nicht so allgemein gültig sein wie ein Gesetz.
Und wenn sie nicht auf eine andere Weise beschränkt ist, wie zum Beispiel, dass sie nur für eine bestimmte Gruppe o. Ä. gilt, so muss sie zeitlich begrenzt sein“, so der Vorsitzende des Verwaltungskollegiums des Staatsgerichthofes Pilving in einer Pressekonferenz am Donnerstag.
„Es ist allerdings nicht der Fall, dass diese zeitliche Begrenzung zum heutigen Zeitpunkt bereits abgelaufen ist oder morgen oder übermorgen abläuft - dafür liegen diese Rechtsstreitigkeiten den Gerichten bereits zur Klärung vor.
An irgendeinem Punkt ist die Regierung allerdings auch in der Anwendung dieses Mittels beschränkt, und in diesem Fall ist die Kritik der Kläger, dass der Gesetzgeber sich nicht gänzlich von diesen Themen distanzieren kann, in gewissem Maße auch berechtigt“, ergänzte Pilving.
Eine allgemeine Verordnung ist eine Sonderform des Verwaltungsakts, die in deren Rahmen festgelegten Einschränkungen können vor Gericht nur individuell angefochten werden, wobei das entsprechende Gerichtsurteil sich nicht auf die gesamte Einschränkung als solche ausweitet, sondern nur auf den Kläger allein.
Die ausgedehnte Anwendung allgemeiner Verordnungen kritisierte bereits der frühere Rechtskanzler Allar Jõks.
Der Staatsrichter betonte ebenfalls, dass es sich bei dem Rechtsstreit, in dessen Zusammenhang der Staatsgerichthof am Donnerstag sein Urteil bekanntgab, jedoch anders verhalte.
„Dadurch ist nur eine – zwar eine sehr besondere, aber dennoch nur eine Behörde betroffen, nämlich das Militär – und hier gelten etwas lockerere rechtsstaatliche Rahmenbedingungen, da nicht jeder davon betroffen ist.
Davon betroffen sind die vom Militär beschäftigten Männer und Frauen und für diesen begrenzten Personenkreis kann die Leitung der jeweiligen Behörde nach heutigem Verständnis auf Grundlage des Arbeitsschutzgesetztes eigene Anforderungen festlegen“, so Pilving.
Er erklärte, dass die damalige Praxis des Staatsgerichtshofs darauf verwies, dass das Parlament entsprechend mehr Arbeit hatte, je weitreichender, tiefgreifender oder intensiver eine Einschränkung oder Verpflichtung war.
„So weit, dass manche Verpflichtungen gesetzlich reguliert werden müssen“, bemerkte der Staatsrichter.
„Auf der anderen Seite haben wir das Thema Impfung und die Pandemie, welche in Wellen auftritt und eine schnelle Reaktion erfordert, dies spricht wiederum für die Entscheidungsbefugnis der Exekutive und für die Entscheidungsbefugnis der Regierung.
Und wenn wir von Behörden und die Anforderungen an ihre Angestellten reden, gibt es dort nach Auffassung des derzeitigen Staatsrichters Spielraum für die Leitung dieser Behörden, Anweisungen auszusprechen, wenn dafür entsprechende Umstände gegeben sind“, fügte er hinzu.
Französische Fischer blockieren den Verkehr in Ärmelkanal zur Einforderung von Fangrechten
Französische Fischer werden am Freitag den Fährverkehr in drei Häfen des Ärmelkanals und den Frachtverkehr im Tunnel zwischen Frankreich und England blockieren, um Fangrechte für die Zeit nach dem Brexit einzufordern, gab der Berufsverband bekannt.
Gerard Romiti, Vorsitzender des staatlichen französischen Fischereiausschusses (CNPMEM), bezeichnete die Proteste als Warnschuss und kündigte an, dass der Verkehr in den Häfen von Saint-Malo, Ouistreham und Calais sowie im Eurotunnel mehrere Stunden lang blockiert werden würde.
Der jedoch seit Langem andauernde Streit zwischen Großbritannien und Frankreich über die Fanglizenzen ist weiterhin ungelöst und droht, zu einem echten Handelskrieg zu eskalieren.
„Wir wollen keine Spenden, wir wollen einfach unsere Lizenzen zurück.
Das Vereinigte Königreich muss die Vereinbarungen für die Zeit nach dem Brexit einhalten“, so Romiti.
„Wir sitzen seit 11 Monaten fest.
Die Geduld der Kollegin hat Grenzen.
Wir hoffen, dass dieser Warnschuss gehört wird“, sagte er, ohne weitere Maßnahmen auszuschließen.
Frankreich hat damit gedroht, britischen Fischereifahrzeuge das Abladen ihrer Fänge in französischen Häfen zu verbieten, und führt strengere Kontrollen für alle britischen Importwaren ein.
Laut Präsident Emmanuel Macron, dass mit ähnlichen Maßnahmen abgewartet wird, um Verhandlungen eine Chance zu geben, jedoch betonten französische Beamte, dass alle Optionen noch auf dem Tisch liegen.
Die Verhandlungen zwischen dem französische Minister für europäische Angelegenheiten Clement Beaune und dem britischen Brexit-Minister David Frost haben bisher zu nichts geführt.
Nach der im letzten Jahr zwischen Großbritannien und der EU abgeschlossenen Vereinbarung dürfen europäische Fischereifahrzeuge weiterhin in britischen Gewässern fangen, falls sie nachweisen können, dass sie die bereits zuvor getan haben.
Nach Angaben von Paris wurden die Anträge mehrerer Dutzend französischer Schiffe ohne Begründung abgelehnt.
London streitet das ab.
Basketballmannschaft verliert Halbzeit mit vier Punkten Rückstand gegen Deutschland
Die estnische Basketballmannschaft der Männer startet die Qualifikation für die Weltmeisterschaft 2023 mit einem Auswärtsspiel gegen Deutschland.
Das ERR Sportportal wird das Match ab 20 Uhr in einem Live-Blog kommentieren.
Vene dribbelt eine Weile, sucht eine passende Position und wird schließlich von Benzing gefoult.
Das ist bereits das vierte für den erfahrenen Deutschen, aber vier Minuten vor Spielende haben beide Teams zahlreiche Fouls zu verantworten.
Heckmann kann beide Freiwürfe nicht verwandeln.
4:20 Min. sind übrig, Deutschland führt 61:58, doch Jurkatamm foult Heckmann beim Freiwurf.
Veideman kommt gut durch und Estland holt schließlich zwei weitere Punkte aus der Spielsituation.
Veideman verfehlt einen Weitwurf, aber Sengfelder schafft es ebenfalls nicht unter den Korb und foult anschließend Nurger.
Jurkatamm kommt der Verteidigung großartig zu Hilfe und der Ball bleibt in den Händen von Estland.
Doreth verfehlt einen Weitwurf, Treier macht jedoch beim defensiven Rebound sein viertes Foul.
Einer von zwei, 5:50 Min. vor Schluss führt Deutschland 61:56.
Vambola Paavo | Führen wir einen Maximalpreis für Benzin nach ungarischem Vorbild ein
Zufällig habe ich vor einem Monat die Sendung „Die Ministerpräsidentin im Studio“ im Radio gehört.
Als der Reporter Kaja Kallas fragte, wie viel ein Liter Kraftstoff an der Tankstelle koste, folgte Stille.
Die Ministerpräsidentin gab zögernd zu, dass sie es nicht wisse.
In einer Zeit, in der die Energieträger weltweit teuer werden, weiß eine Regierungschefin nicht, wie viel etwas kostet!
Demzufolge muss sie lebensfremde und schlechte Berater haben.
Im Gegensatz dazu weiß das der ungarische Ministerpräsident Viktor Orban sehr gut.
Ungar hat den Kraftstoffpreis für drei Monate staatlich fixiert.
Dieser darf an den Tankstellen nicht mehr als 500 Forint bzw. 1,42 Euro pro Liter betragen.
Derzeit ist der Preis für drei Monate auf 480 Forint bzw. 1,37 Euro pro Liter fixiert.
Der Preis wird alle drei Monate überprüft.
Die Obergrenze wurde durch die beschleunigte Inflation motiviert, welche in dem Land auf dem höchsten Niveau seit neun Jahren ist - 6,5 Prozent.
Entsprechend dem Beschluss dürfen die Tankstellen Kraftstoff günstiger verkaufen, aber nicht für einen höheren Preis.
DIE CHINESISCHE MEDIZIN EMPFIEHLT: Dies Pflanze braucht jeder zu Hause!
In der Herbst-Winter-Saison, wenn es draußen kühl und feucht ist, muss man sich stärken und warm halten.
Dafür sind mehrere Heilpflanzen geeignet, welche warm halten, ohne übermäßig viel Wärme zu erzeugen.
Laut dem Blog Tervise Alkeemia gießt man am besten die Pflanzen mit heißem Wasser auf, nimmt sie in einer Thermoskanne mit zur Arbeit oder zur Schule und trinkt im Laufe des Tages diesen Tee, der den Organismus unterstützt.
Wenn der Tee ausgetrunken ist, kann man die Pflanzen mehrere Mal mit kochendem Wasser aufgießen.
FERNUNTERRICHT IN TALLINN NUTZLOS!
Schnelltests an Schulen hatten gleichen Erfolg!
Der vierwöchige Fernunterricht der Klassen vier bis acht an den Tallinner Schulen brachten der Stadt im Kampf gegen Corona keine Vorteile, denn mit den Schnelltests wurden in den Bezirken mit geöffneten Schulen ein ähnliches Ergebnis erzielt, bestätigen die Zahlen.
Eine kürzere Zeit lang fand auch in Pärnu Fernunterricht statt sowie teilweise auch in Narva; in Tallinn begann dieser gleich nach den Schulferien und dauerte insgesamt ganze vier Wochen.
Wissenschaftler, welche sich mit der Analyse der Corona-Daten beschäftigen, haben nun eine hervorragende Vergleichsgrundlage für die Situation in Tallinn gegenüber dem restlichen Estland geschaffen.
Nach den künftigen Prüfungen wird man nämlich feststellen können, ob die vier Wochen ohne Präsenzunterricht in der Schule auch zu schlechteren Erfolgen im Vergleich zum Rest des Landes führen werden.
Aber im Moment ist die wichtigste Frage, ob die Entscheidung Tallinns, die städtischen Schulen auf Distanzunterricht umzustellen, der Stadt einen größeren Erfolg im Kampf gegen das Coronavirus beschert hat.
Schließlich kam es aufgrund des Vorgehens von Bürgermeister Mihhail Kõlvart zu Reibereien zwischen Parlament und Stadtverwaltung.
ANU SÄÄRITS EHRLICH ÜBER DAS LEBEN: Objektivität und der Mut, für sich einzustehen und sich selbst und andere nicht zu unterschätzen, sind unerlässlich
Aus ihrem Elternhaus hat Anu mitbekommen, dass man, was immer auch kommt, damit zurechtkommen muss.
„Ich stamme aus einer großen Familie.
In unserer Familie hat sich unere Mutter praktisch alleine um fünf Kinder gekümmert, wir konnten keinen Forderungen stellen.
Ich selbst musste schnell erwachsen werden, um meine Interessen irgendwie umzusetzen.“
Neugier war für Anu Säärits (49), die mit Sportnachrichten und -übertragungen vertraut ist, tatsächlich bereits seit ihrer Kindheit eine treibende Kraft.
„Schon ziemlich früh habe ich es verstanden, wenn in Tallinn etwas Interessantes passierte.
Ich bin dann den ganzen Weg von Tartu per Anhalter gefahren, mir alles angeschaut und erst, als ich wieder zuhause war, meiner Familie gesagt, dass ich weg war", schmunzelt sie über ihre damalige Entschlossenheit, die sie mehrmals neugierig in die Ferne trieb.
Mart Seim: Ich habe als einziger Schwergewichtheber an der Olympiade in Rio teilgenommen, der nicht mit illegalen Substanzen erwischt wurde
Der erfolgreichste Gewichtheber Estlands Mart Seim und sein Kollege Leho Pent bereiten sich auf die in zwei Wochen stattfindende WM vor.
Solange ihre Lieblingssportart weiterhin olympische Disziplin bleibt, wollen beide mindestens bis zu den Spielen in Paris 2024 Wettkämpfe bestreiten.
Den Anstrengungen für die diesjährige Sommerolympiade in Tokio machte das Coronavirus ein Strich durch die Rechnung, welches sowohl Mart als auch Leho ans Bett fesselte und es ihnen nicht ermöglichte, ihre sportliche Kondition bis zur EM wiederzuerlangen.
Leserbrief | Hilfeschrei: Im Einkaufswagen waren nur die zappelnden Füßchen zu sehen
Ein Mann rettete ein Kind, das im Einkaufswagen unter den Waren begraben war.
Gehört ein Kind überhaupt in den Einkaufswagen?!
„Ich war beim Wocheneinkauf und wollte gerade zu den Kühlregalen, als vor meinen Augen zwei zappelnde Füßchen auftauchten.
Anfangs habe ich nicht begriffen, was gerade vor sich geht, dann wurde mir aber klar, das ein Kind im Einkaufswagen steckt.
Ich kann es nicht mit Sicherheit sagen, aber scheinbar versuchte der Knirps mit den Beinen voran aus dem Lebensmittelhaufen herausklettern.
Aber dann war er wohl dummerweise unter die Waren geraten und ging mit dem Kopf unter, als er sich aufrichten wollte”, beschreibt Siim den Anblick, der sich ihm im Geschäft bot.
Nüsse von einheimischen Herstellern für den Sack des Weihnachtsmannes
Süßigkeiten, verschiedene Riegel und Tafeln Schokolade – klingt nach der üblichen Auswahl für den Sack vom Weihnachtsmann oder für die Schuhe am Nikolaustag?
Diese Sachen sind wirklich überhaupt nicht gesund.
Stattdessen könnten Sie Ihrem Kind oder einem geliebten Menschen in der Weihnachtszeit mit etwas Gesundem eine Freude machen.
Verschiedene Nüsse, Mandeln und Samen sind gut für die Gesundheit.
Manch einer wird daraufhin komisch gucken und sagen, dass Nüsse viel Fett enthalten – kann man sie dann nicht mit Süßigkeiten vergleichen?
Nein, ganz bestimmt nicht.
Wenn Sie auf das Etikett der Nussverpackung schauen, können sie lesen, dass die Fette in Nüssen fast völlig aus gesunden ungesättigten Fettsäuren bestehen, die der Körper braucht, gesättigte Fettsäuren nur in geringem Maß enthalten sind und Transfette gänzlich fehlen.
Fette sind nützlich für unseren Körper und man sollte nicht völlig auf sie verzichten.
Allerdings sollte man ungesättigte Fettsäure, d. h. gute Fette, vorziehen, welche uns Nüsse, Samen und Mandeln liefern.
Deshalb empfiehlt der einzige estnische Nussproduzent Germund Hulgi gesunde Snacks zur Weihnachtszeit.
Besonders beliebt sind die schwarzen Premium-Packungen von Germund Hulgi, in die die größten Nüsse und Trockenfrüchte kommen.
Beispielsweise stammen die Haselnüsse aus Georgien, die Mandeln aus Kalifornien, die Rosinen und Moosbeeren aus Chile und die Cashews aus Vietnam.
Das Rösten, Salzen, Vermengen zu leckeren Mischungen und das Verpacken geschieht jedoch in Estland.
Heute mäßiger Anstieg an der baltischen Börse
Die Tallinner Börse verzeichnete im Vergleich zum 24. November einen Anstieg von 0,19 %.
Der Aktienpreis von Bercman Technologies ist spürbar gefallen.
Im Verzeichnis von Baltic First North ist die Bercman-Technologies-Aktie im Laufe des vergangenen Tages von 9 Euro auf 8,6 Euro gefallen, was einen Fall von 4,44 % ausmachte.
Im Vergleich mit dem Sturz vom 24. November von 11,4 Euro auf 9 Euro (-21,05 %) stabilisiert sich der Preis der Bercman-Aktie gerade.
Auch die Aktie von ELMO Rent befindet sich im Abstieg seit den guten Neuigkeiten vom Anfang der Woche.
Zum heutigen Stand ist die Aktie auf 5,03 Euro (-2,9 %) gefallen.
Im Gegensatz dazu steigt K2 LT von Baltic First North auf 31,2 Euro (2,63 %) und auch MADARA Cosmetics verzeichnet einen leichten Anstieg um 0,71 % auf 28,2 Euro.
Auf der baltischen Hauptliste sind heute als größte Gewinner Panevezio statybos trestas auf 0,7 Euro (5,74 %) und SAF Tehnika auf 12,5 Euro (3,73 %) gestiegen.
Den größten Anstieg auf 0,815 Euro (3,82 %) auf der baltischen Nebenliste konnte Utenos Trikotazas verzeichnen.
Die größten Verlierer der baltischen Hauptliste waren heute Griego mit einem Abstieg auf 0,95 Euro (-1,45 %) und Ekspress Grupp mit einem Abstieg auf 1,53 Euro (-11,29 %)
Auf der Nebenliste fiel der Wert der VEF-Aktie deutlich auf 5,1 Euro (-8,93 %).
Auch die Aktie von Žemaitijos pienas fiel auf 1,7 Euro (-5,03 %).
792 Euro pro Garnitur!
Das neue Fitnessstudio in Kohtla-Järve erhält aus staatlichen Mitteln extrem teure Kleiderhaken.
Im Materialkostenverzeichnis des in diesem Jahr in Kohtla-Järve eröffneten Sportzentrums Wiru fällt besonders der Preis für die Kleiderhaken für die Umkleidkabine des Fitnessstudios auf.
Die Leitung des Sportzentrums begründet die extrem teuren Kleiderhaken damit, dass man so modern wie möglich sein möchte.
„Man kann nicht sagen, dass ich keine Frau bin.”
Eine besondere Sprinterin, die mit einem fliegenden Start die 100 Meter in 9,86 Sekunden erreichte
Die namibischen Sprinterinnen Christine Mboma und Beatrice Masilingi passen mit ihrem natürlich hohem Testosteronspiegel nicht ins gewöhnliche Bild und werfen ständig neue Fragen auf.
Während der Olympiade in Tokyo fieberten die Esten mit Maicel Uibos Ehefrau Shaunae Miller-Uibo mit, welche erfolgreich ihren Titel im 400-Meter-Lauf verteidigte.
Der Sieg war überwältigend, aber man muss zugeben, dass alle möglichen Konkurrentinnen aus verschiedenen Gründen ausfielen, sodass die schlanke Sportlerin von den Bahamas einfach gewinnen musste.
Bildlich gesprochen wurde ihr der Weg zur Goldmedaille freigeräumt.
Zwei Jahre zuvor erhielt die bahrainische 400-Meter-Läuferin Salwa Eid Naser, welche Miller-Uibo bei der WM in Doha überraschenderweise den ersten Platz wegschnappte, eine Strafe für einen nicht abgegebenen Dopingtest.
Das neue, aufsteigende 19-jährige Supertalent Athing Mu aus Amerika nahm am 800-Meter-Lauf teil, in dem sie zur Olympiasiegerin wurde.
Und in diesem Jahr sprach der internationale Leichtathletikverband (WA) den jugendlichen namibischen Sprinterinnen, welche sehr schnelle Zeiten vorweisen konnten (Christine Mboma lief 48,54 Sekunden und Beatrice Masilingi 49,53 Sekunden), aufgrund zu hoher Testosteronwerte das Verbot aus, am 400-Meter-Lauf teilzunehmen.
Was wird nun aus ihnen?
Mboma und Masilinig, welche beim 200-Meter-Lauf den zweiten und den sechsten Platz erreichten, lösen weiterhin Meinungsverschiedenheiten aus.
Niemand scheint zufrieden zu sein.
Die einen sind der Meinung, dass sie diskriminiert werden, die anderen finden, dass sie überhaupt nicht gegen andere Frauen antreten dürfen sollten.
Die Angelegenheit sollte schnellstmöglich gelöst werden, denn Beobachtern zufolge ist es nur eine Frage der Zeit, bis Mboma mit einem sehr schlechten Start, aber einer beispiellosen Geschwindigkeit vor dem Ziel Weltrekorde aufstellt.
Ausnahme der Regierung: Zum Qualifikationsspiel Estland-Israel sind mehr Zuschauer erlaubt
Die Regierung betrachtet das am kommenden Sonntag in Tallinn in der Saku Suurhall stattfindende Qualifikationsspiel für die Basketball-WM der Männer zwischen den Nationalmannschaften Estlands und Israels als Veranstaltung von übergeordnetem gesellschaftlichen Interesse und erlaubt zum Spiel bis zu 3360 Zuschauer.
Gemäß den gültigen Restriktionen sind ab dem 15. November bis zu 1000 Zuschauer bei Sportveranstaltungen in Innenräumen zugelassen.
Das Gesundheitsamt unterstützt die Durchführung der Veranstaltung mit erhöhter Zuschauerschaft, falls der Veranstalter das Risiko einer Verbreitung des Coronavirus entsprechend dem vorgeschlagenen Plan vermindert, gab die Regierung auf ihrer Homepage bekannt.
Die Zuschauer würden in der Saku Suurhall in vier Zonen aufgeteilt und dürften nicht miteinander, den Spielern oder dem Dienstpersonal des Spiels in Kontakt kommen.
Für die Veranstaltung sei COVID-Zertifikat erforderlich und es würde vor Ort die Maskenpflicht durchgesetzt.
In den Sektoren sollen die Menschen versetzt platziert werden und jeder Bereich verfüge über eine gesonderte Belüftung.
Trompeten und ähnliches seien nicht erlaubt.
Der Estnische Basketballverband bittet im Voraus darum, dass die Zuschauer frühzeitig zum Spiel erscheinen, um die Bildung von Schlangen bei der Kontrolle der Nachweise und Dokumente vor dem Einlass zu vermeiden.
Der Einlass erfolgt eine Stunde vor dem Beginn der Veranstaltung.
Insgesamt sind 14 verschiedene Eingänge auf vier Ebenen geöffnet.
Die estnische Mannschaft beginnt ihre Serie zur Qualifikation für die WM 2023 am Donnerstagabend in Nürnberg gegen Deutschland.
Tickets für das Spiel gegen Israel am Sonntag sind via Piletitasku erhältlich.
Das Catering war bereits organisiert und die Einladungen waren verschickt: Die Finnen entschlossen sich, den Präsidentenball im letzten Moment abzusagen
Das Amt des finnischen Präsidenten gab heute bekannt, dass nun zum Mal in Folge der jährlich stattfindende traditionelle Präsidentenball ausfallen wird.
Mit der Entscheidung ließ man sich bis zum letzten Moment Zeit, denn die Veranstaltung hätte bereits am 6. Dezember stattfinden sollen.
Das bedeutet, dass für die Organisation des Balls viele Arbeitsstunden aufgewendet wurden.
Vor einiger Zeit wurden die Einladungen verschickt und auch das Catering war bereits organisiert.
Laut Präsidentenamt würde nichts verschwendet, denn man könne alles für die kommenden Veranstaltungen nutzen.
Ebenso gelten die verschickten Einladungen auch für das nächste Jahr, schreibt die Zeitung Iltalehti.
„Bei den Vorbereitungen für den Empfang wurde mit geringen Besucherzahlen kalkuliert, weshalb für die Veranstaltung weniger Mittel aufgewendet wurden“, so ein Vertreter des Präsidentenamts.
Der Grund für das Ausbleiben des Balls ist der gleiche wie im letzten Jahr.
Man ist nämlich wegen der steigenden Infektionszahlen des Coronavirus besorgt.
Dennoch habt das Präsidentenpaar Sauli Niinistö und Jenni Haukio eine Möglichkeit gefunden, wie sie zusammen mit ihrem Volk den Unabhängigkeitstag begehen können.
Am 6. Dezember werden der Präsident und die Präsidentengattin dem Fernsehsender Yle ein Live-Interview direkt aus dem Präsidentenpalais geben.
Im Rahmen dieser Übertragung werden auch mehrere bekannte Musiker auftreten.
Großes Vorbild: Anett Kontaveit bleibt im Urlaub nicht untätig und hilft Bedürftigen
Nach einem anstrengenden Turnier in Mexiko nimmt sich die estnische Spitzen-Tennisspielerin etwas Zeit, um in ihrer Heimat Urlaub zu machen.
Doch in dieser Zeit hilft sie denjenigen, die Hilfe benötigen.
Anett Kontaveit bleibt im Urlaub nicht untätig, sondern nutzt diese Zeit sinnvoll.
Sie postete Bilder auf Instagram, auf denen sie sich „Pflanzenmutti“ nennt, denn ihre Pflanzen sorgen zuhause für ein herrliches Grün.
Außerdem engagiert sie sich für wohltätige Zwecke und schafft Bewusstsein für die Tierheime der Non-Profit-Organisation Varjupaikade MTÜ.
Anett postete Bilder von Hunden in den sozialen Medien und teilte mit, dass sie ihnen auch in diesem Jahr helfen wird.
Auf einer Pressekonferenz am Montag sagte Anett Kontaveit, dass sie sich einen Grand Slam als Ziel gesetzt hat.
„Ich habe ein paar Tage darüber nachgedacht.
Natürlich ist es mein Traum, einen Grand Slam zu gewinnen, aber vor allem müssen die Ziele entwicklungsorientiert sein.
Ich möchte mein Spiel und bestimmte Aspekte beim Tennis verbessern, ebenso meine Physis.
Wenn dieser Entwicklungsprozess positiv ist, bringt das auch bessere Ergebnisse mit sich“, sagte sie im Gespräch mit Delfi Sport.
Kontaveit bedankte sich bei ihren Fans, die aufgrund ihrer Spiele in Mexiko in den letzten Wochen bis spät in die Nacht wach blieben: „Es war sehr herzerwärmend, dass viele Menschen mit mir mitgefiebert haben.
Ich habe so viel positives Feedback erhalten und bin allen zutiefst dankbar, die sich darum kümmern, was ich mache.
Ich danke allen Unterstützern und Sponsoren, dank denen ich es so weit geschafft habe.“
Nach einem kurzen Urlaub beginnt Kontaveit, sich in Tallinn auf die neue Saison vorzubereiten, und wird sich an einen wärmen Ort akklimatisieren, sobald die Turniere in Australien näherrücken.
Du glaubst, dass du für deinen Mann nicht mehr anziehend bist?
Das ist deine Garantie, dass die Flagge nicht auf Halbmast steht
Eine lange Partnerschaft, Probleme im Zusammenleben, Nörgeleien, herumliegende Klamotten und schmutziges Geschirr — verständlicherweise nicht gerade eine sexy Kombination.
Aber wie lässt sich dieser mystische Funke wieder zum Leben erwecken?
Wie kann ist ein leidenschaftliches Erlebnis zwischen den Laken garantiert, dass zudem die Flitterwochen übertrifft?
Wenn du möchtest, dass deinem Schatz wieder die Augen leuchten, wenn er dich sieht, und du dich verführerisch auf seinen Schoß setzen kannst, ohne dass er meckert, dass er deinetwegen nicht die unglaublich wichtige Sportsendung im Fernsehen sehen kann, dann befolge diese Anweisungen und die ungezähmte Begierde deines Mannes ist garantiert!
Der sexuelle Funke kommt nicht von allein wieder in die Beziehung zurück, er muss erweckt werden. Und wenn dein Mann nicht selbst die Zügel in die Hand nimmt, dann ruh dich nicht auf deinen Lorbeeren aus und tu es selbst.
Sängerin Jessie J über ihre Fehlgeburt: Ich habe keine Kontrolle über meine Emotionen
Die bekannte Musikerin trennte sich vor kurzem von ihrem Freund Max Pham, beschloss aber, ihr gemeinsames Kind auszutragen und es als alleinerziehende Mutter aufzuziehen.
Leider konnten die Ärzte während der jüngsten Untersuchung keinen Herzschlag beim Kind feststellen, gab Jessie J in einem Post auf Instagram bekannt.
„Gestern früh habe ich noch mit meiner Freundin gelacht und gesagt: „Ganz ehrlich, wie soll ich morgen Abend in L.A. auftreten, ohne dem Publikum zu sagen, dass ich schwanger bin?““, schrieb die Sängerin.
„Am Nachmittag hatte ich aber mit dem Gedanken zu kämpfen, wie ich, ohne zusammenzubrechen, den Auftritt überstehen soll.
Während der dritten Schwangerschaftsuntersuchung wurde mir gesagt, dass das Herz des Kindes nicht mehr schlägt.
Heute morgen.
Ich habe das Gefühl, ich habe keine Kontrolle über meine Emotionen.
Möglich, dass ich diesen Post später bereue.
Ich habe wirklich keine Ahnung.“
Obwohl sie gerade in Trauer ist, hat sie beschlossen, den Auftritt in Los Angeles durchzuziehen, in dem Glauben, dass er ihr hilft.
„Ich möchte heute Abend singen.
Nicht deshalb, dass ich das Trauern oder diese ganzen Prozess verdränge, sondern deswegen, weil ich weiß, dass mir das Singen heute Abend helfen wird“, sagte sie.
„Ich habe in zwei Jahren nur zwei Konzerte gegeben und meine Seele braucht das.
Heute mehr als jemals zuvor.
Ich weiß, dass einige der Ansicht sein werden, dass ich es heute ausfallen lassen sollte, aber eine Sache ist für mich klar.
Ich habe früh mit dem Singen angefangen, weil es mich glücklich macht, meine Seele erfüllt und therapeutisch wirkt.
Das hat sich nicht geändert und ich muss die Dinge einfach auf diese Weise durchleben.“
Jessie J äußerte, dass sie sich entschlossen hatte, das Kind allein großzuziehen, da sie sich sehr auf die Mutterschaft freute.
Sie weiß, dass das Leben kurz ist und die Schwangerschaft ein Wunder und eine Erfahrung war, die sie nie vergessen wird.
Sie hofft, dass sie in Zukunft erneut schwanger wird, aber im Moment stehe sie noch unter Schock und sei maßlos traurig.
„Aber ich weiß, dass ich stark bin, und ich weiß, dass alles wieder in Ordnung kommen wird“, fügte sie hinzu.
„Ich weiß, dass Millionen von Frauen auf der ganzen Welt diesen Schmerz und sogar Schlimmeres verspürt haben.“
Stelle deine eigenen Kerzen mit kleinem Fußabdruck her
Wer vor dem Fest Kerzen gießt, sollte es mit natürlichem Rapswachs aus den nordischen Ländern versuchen
Das aus Rapssamen hergestellte Wachs ist ein nachhaltiger und in jeder Hinsicht umweltfreundlicher Rohstoff.
Mit dem Herbst kommt auch die alljährliche Zeit zum Kerzengießen.
Kerzen kann man zwar auch im Frühling und Sommer herstellen, aber der Herbst ist eine besonders gute Zeit für diese Technik.
Draußen ist es dunkel und regnerisch, der Wind bläst.
Gleichzeitig schmilzt das Kerzenwachs im Topf auf dem Herd und das Zimmer füllt sich mit wunderbaren Aromen.
Das sind magische Momente.
Unsere Vorfahrinnen stellten Kerzen aus wertvollem Schafsfett her, welche nur zu besonderen Ereignissen verwendet wurden.
Heute sind für die Herstellung von Kerzen viele verschiedene Materialien und Mittel erhältlich.
Sich damit zurechtzufinden, kann verwirrend sein.
Auf TikTok verbreitet sich gerade ein neuer, eigenartiger Beauty-Trend: Frauen verwenden Gleitmittel als Primer
TikTok-Userinnen stellen einen neuen Beauty-Trend vor und empfehlen, den Primer aus dem Kosmetikbeutel mit Gleitmittel zu ersetzen, das man sonst im Schlafzimmer verwendet.
Das traurige Schicksal des Johannes Vares: War es Selbstmord oder wurde er ausgeschaltet?
Beging Johannes Vares Selbstmord, um dem Tod zuvorzukommen?
Oder wurde er zum Selbstmord gezwungen oder getrieben?
Oder wurde er ausgeschaltet, weil er sich nicht nicht körperlich, sondern geistig wehrte ...
Peeter Olesk erörtert in seinem neuesten Buch das Leben und den Tod von Vares-Barbarus.
Als man an einem frühen Morgen Johannes Vares, den Dichter Johannes Barbarus (12.01.1890-29.11.1946) Tod im Badezimmer seiner Dienstwohnung in Kadriorg auffand, hatte er ich natürlich nicht mit einem Taschenmesser rasiert, sondern wahrscheinlich mit einem Rasiermesser, einer Creme und einem Rasierpinsel.
Diese Morgentoilette kann weder schwierig noch schmerzhaft gewesen sein, das er sich offensichtlich täglich rasierte, aber natürlich befanden sich neben seinem Spiegel mehrere Sorten Kölnisch Wasser sowie entsprechende Flüssigkeiten, um die blutigen Spuren von Schnitten zu beseitigen.
Es stellt sich die Frage, ob er die beiden Abschiedsbriefe fertigstellte, bevor er vor den Spiegel trat oder danach, mit frisch rasiertem Gesicht.
Die Antwort auf diese Frage könnte uns helfen, zu klären, um welche Uhrzeit Johannes Vares am Morgen seines Todestages ins Bett ging, wie viel Zeit er für das Verfassen seiner Abschiedsbriefe hatte und wo er dies tat.
Der Schreibtisch, das weiße Papier, das Tintenfass und die Feder sind keine typischen Gegenstände für ein Badezimmer!
Es dauert etwa eine Stunde, zwei ziemlich lange und sehr persönliche Briefe zu verfassen.
Das Rasieren, Zähneputzen und Gurgeln könnte vielleicht zwanzig Minuten gedauert haben, doch Johannes Vares konnte nicht wissen, nach wie viel Zeit man anfangen würde, ihn zu suchen, und wer als Erster seine Leiche finden würde.
In Anbetracht dieser Umstände neige ich zu der Annahme, dass die Abschiedsbriefe weit vor dem Eintritt des Todes, spätestens am Vorabend, fertig waren.
Demzufolge wurden sie bewusst geschrieben, nicht aus dem Affekt.
Laut der mündlichen Aussage von Nigol Andres wollte Johannes Vares am Ende seines Lebens nicht als Invalide leben.
Daraus könnte man ableiten, dass er den Verlauf seiner Krankheit kannte.
Das Word „Invalide“ bedeutet nicht notwendigerweise eine äußerlich sichtbare Behinderung, es kann sich auch auf den Verlust der Arbeitsfähigkeit oder die Entlassung aus der Arbeit aus gesundheitlichen Vorwänden handeln.
In Nõmme wurde ein Mordopfer unter einem Stapel Bücher versteckt.
Der Fall wird von „Cold Case”-Ermittlern untersucht
Die Polizei wurde 2019 zu einem ungewöhnlichen Fund in der Straße Lemmiku in Nõmme gerufen: Während Renovierungsarbeiten wurde eine sorgfältig unter einem Bücherstapel versteckte Leiche entdeckt.
Wie ist das möglich?
Die Ermittler haben zwei Mal eine ältere Dame befragt, allerdings konnte die Befragung nicht ausreichend Licht ins Dunkle bringen.
Die Dame könnte den Schlüssel zu einem Mord in der Hand haben: Sie habe einer Quelle zufolge vor einigen Jahren gesagt, dass ihr Sohn möglicherweise eine Straftat begangen habe.
Gas statt Bremse.
Umstrittene Fabrik legt Grundstein trotz laufenden Rechtsstreits
Bevor das Urteil gefällt ist, wird der Bau der Fabrik nicht eingeleitet, so die Regierungsvertreter im Sommer dieses Jahres.
Dennoch gaben die Minister am vergangenen Dienstage grünes Licht für den Grundstein der Ölfabrik.
Am 16. November legte Eesti Energia den Grundstein für die Ölschieferfabrik Enefit280, für deren Bau die Regierung dem staatlichen Unternehmen 125 Millionen Euro aus Steuergeldern zur Verfügung gestellt und gegen welches junge Klimaaktivisten geklagt hatten.
Wer aufmerksam ist, wird sich vielleicht erinnern, das ein halbes Jahr zuvor das Bezirksgericht Tartu im Rahmen des vorläufigen Rechtsschutzes die Baugenehmigung gestoppt hatte und sich Premierministerin Kaja Kallas dazu äußerte, dass Eesti Energia eine klare Botschaft ausgesprochen wurde: Bis zum Urteil des Rechtsstreits muss der Bau der Fabrik auf Eis gelegt werden.
Im November trat Eesti Energia jedoch aufs Gaspedal und begann mit den Baumaßnahmen.
Juristisch hat Eesti Energia das Recht, mit dem Bau der Fabrik zu beginnen, da das Bezirksgericht Tartu das Verbot für den Bau der Fabrik Anfang Juni aufgehoben hat.
Allerdings geht das Unternehmen mit der Grundsteinsetzung für die Fabrik ein Geschäftsrisiko ein, da der Streit um die Rechtmäßigkeit der Baugenehmigung noch nicht beigelegt ist.
„Falls das Fabriksgebäude und seine Anlagen bis zur Beilegung des Rechtsstreit fertiggestellt werden, der Klage jedoch stattgegeben und die Baugenehmigung als ungültig erklärt wird, hängt der weitere Verlauf des Falls von der Begründung der Gerichte ab.
Es ist durchaus möglich, dass sich die Gebäude als gesetzeswidrig erweisen, und es besteht theoretisch die Möglichkeit, dass sie abgerissen werden müssen“, erklärt Kärt Vaarmari, Anwältin beim Zentrum für Umweltrecht.
Der einzige Australier im Landkreis Läänemaa bringt den Esten bei, Gras zu essen
Der aus Australien nach Estland gezogene Matthew Hill hat mit seiner Frau Piret im Hof Jaagu im Landkreis Läänemaa einen ökologischen Sprossenanbau gegründet.
Die Familie züchtet dort ganzjährig rund zehn Sprossensorten und gewann den Titel des besten ökologischen Landwirtes.
Siehe hier, um was es in der neuen Ausgabe des Maaleht sonst noch geht!
Der aus Australien nach Estland gezogene Matthew Hill hat mit seiner Frau Piret im Landkreis Läänemaa einen ökologischen Sprossenanbau gegründet.
Auf seinem Gemüsebeet praktiziert der Landwirt aber eine Bodenbearbeitung ohne Spaten, also nachhaltige Landwirtschaft, die anderswo in der Welt schon sehr beliebt ist: die Beete werden nicht umgegraben, sondern nur leicht gelockert.
Die neuartigen Ideen und Methoden im Gemüsebau der Familie Hill haben Aufmerksamkeit auf sich gezogen und so gewannen sie dieses Jahr den Titel des besten ökologischen Landwirtes.
Deutsche Wissenschaftler bringen Rindern bei, die Toilette zu benutzen.
Die Ergebnisse könnten weltverändernd sein
Eine kleine Rinderherde in Deutschland hat ein beeindruckendes Verhalten erlernt.
Sie benutzen eine umzäunte Kunstrasenfläche als Toilette.
Aber wofür ist ein solches Training notwendig?
Ungefähr 10% der durch menschliches Handeln verursachten Treibhausgasemissionen weltweit stammen von Rindern.
Deutsche Wissenschaftler versuchen eine unglaublich erscheinende Lösung zu finden, um die Rinderzucht umweltfreundlicher zu gestalten.
Die Staatsanwaltschaft über den Fall des Mannes, der eine Frau erschlug: Er bereute seine Tat und suchte freiwillig Hilfe
Am Mittwoch schrieben wir von einem Fall, bei dem für Kiur, der eine Frau misshandelte und fahrlässig ihren Tod verursachte, eine zweijährige Haftstrafe mit drei Jahren und drei Monaten Bewährungszeit gefordert wurde.
Das heißt, dass der Mann zum jetzigen Zeitpunkt nur zwei Tage hinter Gittern verbringen musste.
Eine solche Strafe ist laut der regionalen Staatsanwältin Kelly Kruusimägi berechtigt, da Kiur die Tat bereute und freiwillig nach Hilfe für seine Probleme suchte.
Wir veröffentlichen den Kommentar der Staatsanwältin.
"Die im vorgerichtlichen Ermittlungsverfahren gesammelten Beweise ergaben, dass Kiur die Frau einmal ins Gesicht schlug und der Tod der Frau ungefähr zwei Tage später eintrat.
Die Beweise bestätigen, dass die Frau direkt nach dem Stoß und an den folgenden zwei Tagen Kontakt zu Kiur hatte.
Die Frau verließ am Folgetag die Wohnung, war unterwegs und nach Kiurs Aussagen erkannte er nicht, dass die Frau einen Gesundheitsschaden davongetragen habe, der gefährlich sein und einen medizinischen Eingriff benötigen könnte.
In Anbetracht der Gesamtsituation ist es zweifelsohne glaubwürdig, dass die Frau als Alkoholikerin auch unter gewöhnlichen Umständen gewisse Koordinationsstörungen aufgezeigt haben könnte.
Zudem hat das Opfer nach dem Stoß nicht geblutet und hatte auch keine außergewöhnlichen Beschwerden.
Daher haben wir keinen Tötungsvorsatz festgestellt und die Beweise wiesen nicht daraufhin, dass der lebensgefährliche Gesundheitsschaden willentlich ausgelöst wurde.
Gegen Kiur liegen keine gültigen strafrechtlichen Sanktionen vor.
Er gab zu, das Opfer geschlagen zu haben, und bereute seine Tat und auch, dass er die Notwendigkeit eines Notfalleinsatzes nicht verstanden hat.
Er hat freiwillig nach Hilfe für sein Alkoholproblem gesucht und hat einen Arbeitsplatz.
Angesichts all dieser Faktoren, vor allem aber der konkreten Tat und seines früheren Verhaltens, fordert die Staatsanwältin eine Freiheitsstrafe von zwei Jahren, die nicht vollstreckt wird, wenn Kiur in der noch längeren Bewährungszeit von drei Jahren und drei Monaten keine weitere Straftat begeht.
Die Bewährungszeit ist ein Zeitraum, in dem ein Mensch beweisen muss, dass er fortan straffrei lebt, was eines der Ziele der Strafe ist.
Mit dieser Lösung waren alle Beteiligten einverstanden, darunter auch die Mutter des Opfers, die in ihren Aussagen berichtete, dass sie nicht glaube, dass Kiur den Tod der Frau wollte."
Ein Tag im Straßenverkehr: Drei Autos waren an einem Unfall in der Tallinner Innenstadt beteiligt
In der Tallinner Innenstadt waren gestern Morgen drei Autos in einem Unfall verwickelt, von denen eins am Straßenrand stand.
Um 9.53 Uhr passierte ein Verkehrsunfall an der Kreuzung von Pronksi- und Gonsiori-Straße, wo ersten Angaben zufolge ein 38-jähriger Mann einen Audi R8 fuhr und mit einem Audi Q7 zusammenstieß, an dessen Steuer eine 44-jährige Frau saß.
Als Folge des Zusammenstoßes prallte der Audi R8 gegen den stehenden Ford Tourneo.
Der Fahrer des Audi A7 wurde in das Ost-Tallinner Zentralkrankenhaus gebracht.
Die genaueren Umstände des Unfalls werden ermittelt.
Um 15.20 Uhr fuhr eine 48-jährige Frau mit einem Mercedes-Benz in der Stadt Võru vor dem Haus in der Jüri-Straße 46 eine 75-jährige Frau an, die gerade die Straße überquerte.
Die Fahrerin brachte die Fußgängerin zur Kontrolle in das Krankenhaus in Võru.
In den letzten 24 Stunden wurde ein Kraftfahrzeugfahrer mit Anzeichen von Drogen- und ein Fahrer mit Anzeichen von Alkoholkonsum gefasst.
Im Geltungsbereich des Polizeipräsidiums Südestlands wurde ein grauer Volvo V40 aus dem Jahr 2004 mit dem Kennzeichen 789BSN gestohlen.
Ülo Kalm: Bei den Wahlen wurde ein neues, leistungsfähiges Krankenhaus versprochen.
Das Geld dafür kommt aus Brüssel, aber woher kommen die Angestellten und die medizinischen Geräte?
Wie gelingt es dem Bürgermeister, dessen Vater Ülo und dessen Mutter Liidia ist, mit der Verwaltung der multiethnischen Stadt zurechtzukommen?
Tragikomisch war die Überzeugung des ehemaligen Bürgermeisters Savisaar, dass Vertrauen ewig anhält und dass er sich wieder als Kandidat zur Abgeordnetenwahl aufstellte.
Der Stern war erloschen.
Dass Vertrauen schon jetzt wichtiger als Sprache und Ethnizität ist, zeigen die Wahlergebnisse in Narva.
Ärzte müssen im Kampf um Vertrauen gegen Quacksalber ankommen, die statt Fakten Meinungen anbieten.
Außerdem sind im Rampenlicht (genauer gesagt in Zeitungsrubriken) auch Herrschaften erschienen, die unserem Krankenhaussystem überhaupt nicht vertrauen.
Ich habe gerade das Bekenntnis eines Herren zu Erlebnissen im Regionalkrankenhaus Nordestland (PERH) gelesen.
Alo Raun: Herzlichen Glückwunsch, das Lebenspartnerschaftsgesetz wird von 55% befürwortet!
55% – heute hat das Lebenspartnerschaftsgesetz Meinungsumfragen zufolge die Unterstützung der absoluten Mehrheit, wenn es nach 18-jährigen und älteren estnischen Staatsbürgern geht, die in dieser Frage einen Standpunkt vertreten.
Also nach Menschen, die auch das Parlament wählen und an einem Referendum teilnehmen können.
Dies zeigen die zusammengefassten Ergebnisse von Umfragen im September und Oktober, die von Norstat ausgeführt und der Stiftung Liberaalne Kodanik (Liberaler Bürger) in Auftrag gegeben wurden.
Dieser Trend dauert laut derselben Umfrage schon längere Zeit an.
Wenn wir also davon reden, was "das Volk will", ist es nicht mehr korrekt zu sagen, dass wir/sie gegen das Lebenspartnerschaftsgesetz wären.
In Botsuana wurde eine neue und "wirklich schreckliche" Coronavirus-Variante B.1.1.529 entdeckt
In Botsuana ist die neue Coronavirus-Variante B.1.1.529 mit sogar 32 Mutationen am Spikeprotein entdeckt worden und es ist noch nicht bekannt, ob bei Menschen vorhandene Antikörper darauf effektiv reagieren können.
Bisher ist als Ergebnis der Sequenzierung nur eine Handvoll Infektionen mit dieser Variante registriert worden – drei in Botsuana, sechs in Südafrika und eine in Hongkong.
Also hoffen Wissenschaftler, dass die durch die neue Virusvariante verursachten COVID-Fälle nicht weit verbreitet sind, schreibt Sky News.
Tom Peacock, ein Virologe am Imperial College London nannte die an der Variante entdeckte Fülle von Mutationen "wirklich schrecklich":
Spikeproteine sind diejenigen, die Viren verwenden, um in menschliche Zellen einzudringen, und die Wirkungsweise der meisten Impfstoffe ist es, den menschlichen Körper zu trainieren, um sie zu erkennen und zu neutralisieren.
Deshalb können sich die Mutationen des Spikeproteins bei mRNA-Impfstoffen als problematisch erweisen.
Professor Francois Balloux von der Universität London sagte, dass die neue Variante sorgfältig überwacht und deren Verbreitung analysiert werden muss.
„Doch gibt es keinen Grund, zu viele Sorgen zu machen, es sei denn, deren Prävalenz wird in naher Zukunft zunehmen," sagte er.
Professor fügte hinzu, dass die Fülle von Mutationen an der Variante B.1.1.529 dadurch bedingt sein kann, dass sie "sich während einer chronischen Krankheit bei einem immungeschwächten Menschen entwickelt hat, vielleicht bei einem unbehandelten HIV-/AIDS-Patienten".
Die ersten Infektionsfälle mit dieser Variante wurden in Botsuana am 11. November und in Südafrika drei Tage später entdeckt.
In Hongkong wurde ein 36-jähriger Mann gefunden, dessen PCR-Test vor dem Flug von Hongkong nach Südafrika, wo er sich ab dem 22. Oktober bis zum 11. November aufhielt, negativ war.
Er wurde bei der Rückkehr nach Hongkong negativ getestet, aber am 13. November war das Testergebnis schon positiv.
The Guardian schreibt, dass manche südafrikanische Virologen bereits besorgt sind, insbesondere angesichts der Zunahme der Fälle in Gauteng, wo B.1.1.529 festgestellt worden ist.
Ravi Gupta, Professor für klinische Mikrobiologie an der Universität Cambridge, sagte der Publikation, dass in seinem Labor festgestellt wurde, dass zwei Mutationen von B.1.1.529 die Infektiosität des Virus erhöht und die Erkenntnis des Virus durch Antikörper reduziert haben.
Europäische Kommission: Impfzertifikate sollen beim Reisen 9 Monate, nach der Auffrischungsdosis unbefristet gültig sein
Die Europäische Kommission unterbreitete kürzlich den Mitgliedstaaten ihren Vorschlag, Fristen für die Gültigkeit der Impfzertifikate für Reisende zwischen den Ländern der Europäischen Union festzusetzen.
Laut dem Vorschlag sollte die standardmäßige Gültigkeitsdauer des nach dem ersten Impfzyklus auszustellenden Impfzertifikats mindestens 9 Monate sein.
Dies bedeutet, dass bei den Kontrollen der Reisenden sollten die Mitgliedstaaten nicht verweigern, ein Impfzertifikat anzuerkennen, das bestätigt, dass nach Verabreichung der letzten Dosis der ersten Impfung weniger als 9 Monate vergangen sind.
Was die Auffrischungsdosen betrifft, dann sollte laut dem Vorschlag der Kommission die 9-monatige Gültigkeitsdauer bei den nach der Auffrischungsdosis ausgestellten Zertifikaten nicht angewandt werden.
Dies bedeutet, dass mindestens anfangs die nach der Auffrischungsdosis erhaltenen Zertifikate unbefristet gültig sein sollten.
„Es ist möglich, dass die Schutzwirkung nach der Auffrischungsdosis länger als nach der ersten Impfung dauert, weshalb die Kommission neue wissenschaftliche Daten in dieser Frage aufmerksam verfolgt.
Auf dieser Grundlage kann die Kommission später den Vorschlag unterbreiten, eine passende Gültigkeitsdauer auch bei Impfzertifikaten festzusetzen, die nach der Auffrischungsdosis ausgestellt sind," stellte die Kommission fest.
Um für die Durchführung der neuen Regelung genügend Zeit zu lassen, unterbreitet die Kommission den Vorschlag, mit der Anwendung von Neuerungen ab dem 10. Januar 2022 zu beginnen.
Didier Reynders, der Kommissar für Justiz, stellte bei der heutigen Pressekonferenz fest, dass nur von der Europäischen Arzneimittelagentur genehmigte Impfstoffe akzeptiert werden und deshalb sind beispielsweise diese in Ungarn ausgestellte Zertifikate, nach denen den Menschen der russische Sputnik oder chinesische Impfstoffe verabreicht wurden, ungültig.
In der EU sind heute mehr als 650 Millionen Impfzertifikate ausgestellt worden.
Die Kommission war außerdem der Ansicht, dass hinsichtlich des Menschen, der ein gültiges digitales EU-COVID-Zertifikat hat, sollte ungeachtet dessen, aus welcher EU-Region er kommt, grundsätzlich keine Testung, Quarantäne oder sonstige zusätzliche Beschränkungen angewandt werden.
Menschen, die kein digitales EU-COVID-Zertifikat haben, sollten aufgrund des Tests, welcher vor oder nach der Ankunft gemacht wird, reisen dürfen.
Die EU-Ampelkarte wird wie folgt aktualisiert: Die Rate neuer Krankheitsfälle wird zusammen mit der Durchimpfungsrate einer Region beobachtet werden.
Bei Reisenden, die von grünen Gebieten kommen, sollten keine Beschränkungen angewandt werden.
Bei dunkelroten Regionen hingegen ist unter Berücksichtigung der großen Menge der Infizierten empfehlenswert, das Reisen sowohl in einer als auch der anderen Richtung zu unterlassen und von den Reisenden, die weder geimpft noch von der Krankheit genesen sind, sollte gefordert werden, sich testen zu lassen oder in Quarantäne zu bleiben.
Ausnahmen sollten bei grenzüberschreitenden Pendlern, Kindern unter 12 Jahren und Menschen mit einem unvermeidlichen Reisebedarf angewandt werden.
Die Liste der Menschen mit einem unvermeidlichen Reisebedarf sollte nach Einschätzung der Kommission eingeschränkt werden, weil viele Reisende, die jetzt in der Liste eingetragen sind, inzwischen die Möglichkeit gehabt haben, sich zu impfen.
Chinesisches Unternehmen: Das estnische Parlament verabschiedete ein diskriminierendes und wettbewerbswidriges Gesetz
Das chinesische Technologieunternehmen Huawei macht kein Geheimnis daraus, dass ihm das im estnischen Parlament (Riigikogu) gestern verabschiedete Gesetz über elektronische Kommunikation nicht gefällt – dadurch sei der Exekutive die Möglichkeit eingeräumt worden, Unternehmer nur auf der Basis der Tatsache zu diskriminieren, in welchem Staat sich ihre Hauptniederlassung befindet.
„Auf Grund des Gesetzes kann man voraussetzen, dass die Erlangung der Zulassung für Hard- und Software eines Herstellers aus dem Land außerhalb der Europäischen Union, der NATO oder der OECD sich als wesentlich schwieriger erweisen kann als bei dem Hersteller, dessen Hauptniederlassung in einem Mitgliedstaat der vorgenannten Organisationen ihren Sitz hat," sagte Ben Chang Bin, Leiter der Huawei Technologies Eesti.
Nach dem Antrag von Huawei ist die voraussichtliche Verknüpfung des Herstellers der im Kommunikationsnetz zu verwendenden Hard- und Software mit einem bestimmten Land nicht begründet, weil alle großen Unternehmen international funktionieren und ihre Lieferketten sich einander ähneln.
Die Sicherheit der Technologie kann nach Einschätzung des Unternehmens auch „mit transparenten und proportionalen Maßnahmen, unbegründete Diskriminierung der Marktteilnehmer vermeidend und ohne den Wettbewerb zu beeinträchtigen" gesichert werden.
Gemäß dem Gesetz über elektronische Kommunikation, dem Baugesetzbuch und der neuen Version des Staatsgebührgesetzes hat die Regierung das Recht, zur Gewährleistung der Sicherheit des Staates dem Kommunikationsunternehmer die Verpflichtung aufzuerlegen, die Zulassung für die Nutzung der Hard- und Software des Kommunikationsnetzes zu beantragen.
Die Erteilung dieser Zulassung erfolgt auch durch Sicherheitsbehörden.
Die Hard- und Software fallen unter das Verbot in Fällen, deren Liste so lang ist, dass es wahrscheinlich weltweit kein Land und keinen Hersteller gibt, die den in Estland festgesetzten Anforderungen entsprechen könnten.
Es reicht z. B. aus, dass ein Unternehmen Lieferengpässe hat, von seinem Heimatland aus ein Cyberangriff organisiert worden ist oder manche Produkte Sicherheitslücken aufgewiesen haben.
Der Sitz oder die Hauptniederlassung des Herstellers ist in einem Staat, welcher kein Mitgliedstaat der Europäischen Union, der NATO oder der OECD ist.
Im Sitzland des Herstellers werden die Grundsätze des demokratischen Rechtsstaats missachtet oder die Menschenrechte nicht respektiert.
Im Sitzland des Herstellers werden geistiges Eigentum der Personen eines anderen Landes, personenbezogene Daten oder Betriebsgeheimnis nicht geschützt.
Das Sitzland des Herstellers verhält sich im Cyberspace aggressiv.
Dem Sitzland des Herstellers wurden durch die EU, die NATO oder die OECD Cyberangriffe zugeschrieben.
Der Hersteller unterliegt ohne unabhängige gerichtliche Kontrolle der Regierung oder einer Staatsbehörde des Sitzlandes oder eines sonstigen Auslandes.
Das Sitzland des Herstellers oder das sonstige Ausland kann ihn verpflichten, in einer die Sicherheit Estlands gefährdenden Weise tätig zu sein.
Die Wirtschaftstätigkeit des Herstellers basiert nicht auf einem marktorientierten Wettbewerb oder dafür sind im Sitzland keine genügende Bedingungen geschaffen worden.
Die Eigentumsstruktur, der organisatorische Aufbau oder die Führungsstruktur des Herstellers sind nicht transparent.
Die Finanzierung des Herstellers ist nicht transparent.
Produkte oder Dienstleistungen des Herstellers beinhalten Sicherheitslücken und für deren Beseitigung sind keine genügende Sicherheitsmaßnahmen ergriffen worden.
Der Hersteller ist nicht beständig in der Lage, Lieferungen von Produkten oder Dienstleistungen zu sichern, außer wegen höherer Gewalt.
Nach dem Beschluss des Parlaments kann Estland jetzt endlich die Auktion der 5G-Frequenzen für Telekommunikationsunternehmen ankündigen.
Estland steht hinsichtlich der Inbetriebnahme von 5G in der Europäischen Union an letzter Stelle.
Mihkel Raud über Coronageschichte in sozialen Medien: Das ist wie 15 Minuten des Ruhms, anhand deren es einfach ist, Mitleid von anderen zu bekommen
“Leben ist das, was passiert, während du dabei bist, andere Pläne zu machen,” sagte einmal ein kluger Mann.
Dieser Mann war wahrscheinlich John Lennon.
Wir schreiben geniale Zitate leicht denjenigen Menschen zu, die uns am meisten gefallen, weshalb es passieren kann, dass diese weise Worte statt Lennon von jemand anderem gesagt wurden.
Doch der Kern des Satzes ändert sich daraus natürlich wenig.
Ich hatte schöne Pläne.
Ich sollte mit Singer Vinger in Sindi auftreten, danach mit dem Bus zurück nach Tallinn fahren und am nächsten Tag am Finale von “Estland sucht den Superstar” teilnehmen – genau so, wie ich innerhalb der Dutzend Jahre unzählige Male aufgetreten und gefahren war und teilgenommen hatte.
Aber das Leben kam meinen Plänen zuvor.
“Ich fühle mich nicht so gut, vielleicht fahren wir direkt in die Stadt?” versuchte ich die Bandkameraden von Singer Vinger zu überzeugen, auf den nächstfolgenden Waldstopp zu verzichten.
Wir hatten bereits drei Stopps gemacht.
Der Bus bog in den Wald ab, die Männer rauchten draußen und ich fühlte, wie das Fieber mit jeder Sekunde steigt.
Und wenn du jetzt meinst, dass du über ein weiteres COVID-Klagelied gestolpert bist, hast du nur teilweise Recht.
Hausarzt warnt: Grippe ist unterwegs!
Es handelt sich mit einer schweren Krankheit, es ist nicht einfach Schnupfen und Husten.
Wie kann man sich schützen?
Man spricht viel über Coronavirus, dessen Vorbeugung und Behandlung.
Daneben vergisst man leicht, dass in der Herbst-Winter-Saison sehr viele verschiedene Atemwegsviren drohen und schon ist die Grippe in Estland angekommen, also ist die letzte Zeit, um sich gegen das Virus zu schützen, sagt Triinu-Mari Ots, Hausärztin und Leiterin des Hausarztzentrums Laagri Perearstikeskus, bei der Erkennung und Vorbeugung der Grippe beratend.
Die typische estländische Herbst-Winter-Saison mit Husten, Schnupfen und Halsschmerzen hat begonnen, in der hauptsächlich die durch verschiedene Viren verursachten akuten Virusinfektionen der oberen Atemwege drohen.
„Die gewöhnlichen Erreger sind Rhinovirus, RS-Virus, Adenovirus und Paragrippe.
Die allgemeine Bezeichnung dieser Krankheiten ist akute respiratorische Virusinfektionen und bei denen wird ein bestimmtes Symptom, sei es denn Husten, Halsschmerzen, Schnupfen oder Kopfschmerzen, behandelt,“ sagt Triinu-Mari Ots.
Als Ausnahme gilt das Influenzavirus, dessen Verlauf sehr spezifisch ist und das bereits an ersten Tagen der Erkrankung anhand der Symptome festgestellt werden kann.
„In diesem Fall werden auch Analysen genommen, um das Vorhandensein des Influenzavirus laboratorisch zu bestätigen,“ so die Hausärztin.
Dies ist wichtig sowohl bei der Bestimmung der Behandlung als auch für Vorbeugung oder Beschränkung von Ausbrüchen beispielsweise in Arbeitsgemeinschaften, Trainingsräumen oder Schulen.
“POOLKUU”: Welche Bücher könnte man in der herbstlichen Coronakrise lesen
Mehr Zeit zuhause – wird es dadurch auch mehr gelesen?!
Schwierig zu sagen, die Menge ist letzten Endes nicht so wichtig.
Was ist bei uns in Buchläden zu finden?
In Toplisten sind natürlich Biografien und Kochbücher, aber zum Glück gibt es auch etwas anderes.
Journalist Andres Raid und Rechtswissenschaftler und Geistlicher Igor Gräzin sprechen über Bücher um uns und in Reichweite.
Widersinnige grüne Wende oder einfach ein großer Blödsinn: Entlang den öffentlichen Straßen verschwinden Toiletten und Abfalleimer
Ein weiterer Beispiel von einer negativen Seite der Einsparung stammt aus dem Transportamt – das ist das Gegenteil vom bei uns so weit durchzuführenden grünen Denken.
Da das Transportamt im nächsten Jahr Betriebskosten um mehr als 3,5 Millionen Euro kürzen soll, wurde als eine Einsparungsmöglichkeit die Entfernung von Toiletten und Abfalleimern von den Parkplätzen vorgeschlagen.
Der Beschluss erfolgte ausgehend davon, dass durch die Kürzung dieser Kosten die Sicherheit im Straßenverkehr am wenigsten beeinträchtigt wird, begründete dem Estnischen Rundfunk (ERR) Raido Randmaa, Direktor des Dienstes für die Verwaltung der Infrastruktur beim Transportamt.
Dem Transportamt gehörende Toiletten gibt es überall in Estland an 61 Parkplätzen, Abfallbehälter an 63 Parkplätzen.
Die jährlichen Kosten des Transportamts für die Toiletten betragen 472.000 Euro, für die Abfallbehälter 267.000 Euro.
Nach den Worten von Randmaa ist dieser Beschluss im Transportamt bereits gefasst, aber da der Haushalt des Amts noch nicht endgültig bestätigt ist, hat der Beschluss keine Unterschrift.
„Du liebe Güte – als ehemalige Leiterin von Circle K und heute Leiterin von Ragn-Sells kann ich nicht schweigen,“ kommentiert Kai Realo, die Topführungskraft diesen Beschluss in sozialen Medien.
„Als Circle K entlang den neuen Landstraßen Tankstellen bauen wollte, wo bekanntlich sowohl Abfalleimer als auch Toiletten sind, dann war die größte Mühe, Standorten zu bekommen, an denen das damalige Straßenverkehrsamt normale Auf- und Ausfahrten geben hätte, denn „Estland ist so klein, dass hier kann man das ganze Land auf einmal von einem Rand bis zum anderen durchfahren und es ist nicht nötig, unterwegs zu tanken, zu essen oder WC zu besuchen“.“
Realo fügt hinzu, dass diese Einstellung sie damals sprachlos, aber dieser Beschluss sogar wütend machte: „Könnt ihr euch dieses „Land der pissenden Männer“ und diese Abfallberge am Waldrand vorstellen?”
“Offenheit” Estlands wird auch von lateinamerikanischen Prostituierten und Illegalen ausgenutzt
“Offenheit” hat Estland zu einem Zentrum auch für Vertreter der dunklen Seite gemacht.
BNS schreibt: Die Polizei hat am Mittwoch eine in der Hauptstadt als Prostituierte gearbeitete brasilianische Frau ausgewiesen.
Nach Angaben der Nördlichen Polizeidirektion des Polizei- und Grenzschutzamtes wurde am Mittwoch, den 24. November der visafreie Aufenthalt in Estland einer 29-jährigen brasilianischen Staatsbürgerin vorzeitig beendet, weil sie in Tallinn gegen Entgelt sexuelle Dienstleistungen erbrachte.
Der Frau wurde das Verlassen Estlands angeordnet und die Einreiseverweigerung ins Schengener Gebiet ausgeschrieben.
Dies ist nicht das erste Mal.
Die Polizei hat im Juli dieses Jahres eine kolumbianische Staatsbürgerin, die als Prostituierte arbeitete, ausgewiesen.
Die Nördliche Polizeidirektion führte damals ein Illegal-Verfahren hinsichtlich der in 1988 geborenen kolumbianischen Staatsbürgerin durch, die nach Estland mit dem Zweck, intime Dienste zu erbringen, ankam.
Der Frau wurde das Verlassen des Staates angeordnet und die Einreiseverweigerung für drei Jahre ausgeschrieben.
Im Dezember 2019 schrieb das Portal Uued Uudised: “Die Polizei hat einen in Tallinn als Prostituierter gearbeiteten brasilianischen Staatsbürger ausgewiesen.
Am Donnerstag führte ein Mitarbeiter der Abteilung der Grenz- und Migrationsüberwachung ein Illegal-Verfahren hinsichtlich des in 1988 geborenen brasilianischen Staatsbürger durch, übermittelte die Nördliche Polizeidirektion.
Der Mann wollte mit Polizeibeamten keine Zusammenarbeit machen und außerdem hatte er in Tallinn gegen Entgelt sexuelle Dienstleistungen erbracht.
Sein Reiseziel entsprach nicht dem eigentlichen Zweck.
Die Polizei beendete seinen visafreien Aufenthalt vorzeitig, ihm wurde das Verlassen Estlands angeordnet und die Einreiseverweigerung für drei Jahre ausgeschrieben.”
Lateinamerikaner sind nach Estland auch auf anderen Wegen gekommen.
Im August dieses Jahres schrieb die Zeitschrift Delfi Ärileht: “Am Abend des 4. August wurde in Tallinn einen Pkw Toyota Yaris mit dem estnischen Kennzeichen kontrolliert, welcher von einer in 1993 geborenen brasilianischen Staatsbürgerin geführt wurde.
Die Frau erwies sich als Essenskurier ohne Arbeitserlaubnis, die aus Estland ausgewiesen wird.
Im Fahrzeug gab es eine Essenstasche des Kurierunternehmens und im Telefon der Frau war sichtbar, dass sie die letzte Bestellung vor weniger als 10 Minuten erfüllt hatte.
Kurzfristiges Arbeiten der Person war nicht beim Polizei- und Grenzschutzamt registriert worden.
Ihr Visum wurde ungültig erklärt und ihr visafreier Aufenthalt in Estland einmalig verkürzt.
Der Frau wurde das Verlassen Estlands innerhalb von 15 Tagen angeordnet und die Einreiseverweigerung für 3 Monate ausgeschrieben.”
Siebenundzwanzig im Ärmelkanal umgekommene Migranten wurden sofort in die Propagandamühle geworfen
Der Tod von siebenundzwanzig Migranten im herbstlichen Ärmelkanal ist sicherlich eine große Tragödie, aber der liberale Westen warf dies sofort in seine Propaganda, vor allem dazu, um seine Untätigkeit zu berechtigen.
Den am meisten pharisäischen Schritt tat Frankreich, dessen Präsident Emmanuel Macron am Donnerstag den britischen Premierminister Boris Johnson vor der Ausnutzung der Migrationskrise zu politischen Zwecken warnte, hinweisend auf den Bootsunfall im Ärmelkanal, welcher 27 Menschen das Leben gekostet hat.
Zuvor aber haben der französische Präsident Emmanuel Macron und der britische Premierminister Boris Johnson am Mittwoch im Telefongespräch vereinbart, die Tätigkeit gegen tödliche Meerüberquerungen zu intensivieren.
“Die beiden Führer waren ausdrücklich, dass der heutige tragische Lebensverlust scharf daran erinnerte, dass es wichtig ist, alle Varianten auf dem Tisch zu halten, um diese letale Meerüberquerungen zu stoppen und das dahinter steckende Geschäftsmodell von verbrecherischen Banden zu brechen,” sagte der Sprecher der britischen Regierung.
Großbritannien ist das Land, in das diese Menschen streben, und Frankreich ist das Transitland, durch das sie alle ungehindert stürzen und in dem sie in Zeltlagern Menschenhändler wartend leben – Paris sollte alle Heben in der Hand haben, um Migranten zu verhindern, das Land als Sprungplattform zu nutzen, und natürlich den Ärmelkanal für den Menschenhandel zu blockieren.
Die Briten wollen sie nicht, die Franzosen auch nicht – was für Hindernisse gibt es denn zum Schließen der Migrationsroute?
Hinsichtlich des mindestens 27 Menschenleben kostenden Sinkens des Migrantenboots am Mittwoch im Ärmelkanal wurden fünf Personen festgenommen, informierte der französische Innenminister Gerald Darmanin am Donnerstag.
Laut Bestätigung des Staatsanwalts von Lille starben im in der Nähe der Nordküste Frankreichs gesunkenen Boot am Mittwoch 17 Männer, sieben Frauen und drei Minderjährige.
Vier mutmaßliche Schleuser wurden bereits am Mittwochnachmittag festgenommen, präzisierte Darmanin.
Französische Machthaber haben ihre Worte nicht zurückgehalten, um ihre angebliche Empörung zu äußern, während die Menschenhändler nicht ohne Unterstützung des Landes tätig sein könnten – und diese Unterstützung ist sowohl zur Beibehaltung der Migrationsroute des Ärmelkanals (diese konnte man schließen) als auch zur Schaffung eines günstigen Bodens für den Menschenhandel durch das Erlauben der Massenimmigration als staatliche Politik zurückzuführen.
Der Präsident Emmanuel Macron sagte am Mittwochabend, dass Frankreich verhindert, den Ärmelkanal zu einem “Friedhof” zu werden, und versprach, dass die Machthaber diejenigen, die für diese Tragödie verantwortlich sind, finden werden.
Die französischen Staatsanwälte haben eine Mordermittlung eingeleitet.
Der Präsident fühlt sich nicht schuldig, obwohl gerade während seiner Regierung Frankreich von Migranten überflutet wurde.
Der Innenminister Gerald Darmanin rief zur “harten internationalen Reaktion” auf.
Er sagte, dass vier Personen, die der direkten Beteiligung am Geschehenen verdächtigt werden, festgenommen worden sind.
”Die verbrecherische Natur der Schleuser, die diese Überquerungen organisieren, kann man nicht genug verurteilen,” fügte er hinzu.
“Diese Katastrophe im Kanal ist eine Tragödie,” twitterte der Premierminister Jean Castex.
“Meine Gedanken sind mit Verschwundenen und Geschädigten, die zum Opfer dieser Not und Elend missbrauchenden kriminellen Schleuser geworden sind.”
Die pharisäischen Geschichten der französischen Machthaber werden den Menschenhandel und Ertrinkungsfälle zwar nicht verhindern.
Unter den Autos mit dem am meisten zurückgedrehten Kilometerstand haben deutsche Elitemarken die führende Rolle
Das Zurückdrehen der Kilometeranzeige ist auf dem Markt der Gebrauchtwagen eines der verbreiteten Betrugsmuster.
Dadurch wird der Preis des Gebrauchtwagens mit betrügerischen Praktiken erhöht und der Wert des Autos beeinträchtigt.
Eine neuere carVertical-Studie hat ergeben, dass die Käufer von deutschen Elitemarken die größte Gefahr haben, ein Auto mit einer manipulierten Anzeige des Kilometerzählers zu kaufen.
TOP 10 Modelle mit dem am häufigsten zurückgedrehten Kilometerstand: BMW M5 steht in der Liste an ersten Stelle
Um die Liste der Autos mit dem am meisten zurückgedrehten Kilometerstand zu ermitteln, analysierte das IT-Unternehmen carVertical die Historie von mehr als 700.000 Gebrauchtwagen aus den Berichten, die im Zeitraum vom November 2020 bis zum November 2021 erstellt wurden.
Es wurden 18 verschiedene Märkte untersucht, darunter, Polen, Rumänien, Ungarn, Frankreich, Slowenien, die Slowakei, Tschechien, Litauen, Lettland, Estland, die Ukraine, Bulgarien, Serbien, Deutschland, Kroatien, Russland, die USA und Italien.
Die Daten des Kilometerstandes zeigen, dass BMW M5 das Auto mit der am meisten geänderten Anzeige des Kilometerzählers ist; mehr als ein Drittel von Gebrauchtwagen war mit einem möglichen Betrug verbunden.
Diese gesonderte statistische Anzeige stellt nicht den Umfang des Problems des Zurückdrehens des Kilometerzählers dar – wie der Autoexperte von CarVertical, Matas Buzelis, kürzlich feststellte, beherrschen in der ganzen Liste unterschiedliche BMW-Modelle:
“Die Hälfte der TOP 10 Liste beinhaltet die Autos dieses Herstellers.
Der Indikator ist in Korrelation mit der Nachfrage der gebrauchten BMW auf verschiedenen Märkten.
Ebenso wird aus den Daten ersichtlich, dass teurere Autos mit höherer Wahrscheinlichkeit mit einem geändertem Kilometerstand sein können und mit dieser Tatsache sollte man bei der Suche nach einem Gebrauchtwagen rechnen.
Hier ist die Kontrolle der Kilometeranzeige des Autos sehr hilfreich.”
An zweiter und dritten Stelle der Topliste der Autos mit einem zurückgedrehten Kilometerstand sind BMW 7. Serie und Subaru Outback mit entsprechend 33,4 und 31,8 Prozent.
Audi A8 war das fünfthäufigste Auto mit einem Kilometerstandbetrug, weil dessen sportlicherer Bruder A7 den zehnten Platz belegte, wobei etwas mehr als ein Viertel (25,8 Prozent) von solchen Fahrzeugen auf Grund der Studie mit einem künstlich reduzierten Kilometerstand waren.
Matas Buzelis erklärt, dass die häufigere Präsenz der Fahrzeuge höherer Klasse in der Liste der Autos mit einem geänderten Anzeige des Kilometerzählers vor allem auf einen höheren möglichen Gewinn beim Verkauf von Gebrauchtwagen zurückzuführen ist.
Das Zurückdrehen des Kilometerzählers ist eine ziemlich billige und einfache Methode, die unfairen Autohändlern eine Möglichkeit zum Nebenverdienst gibt.
Eine längere Liste von 20 Autos mit dem am häufigsten zurückgedrehten Kilometerstand ist in der ganzen Studie zu finden.
Automodelle mit dem am meisten zurückgedrehten Kilometerstand nach dem Herstellungsjahr: Bei älteren Autos ist das Betrugsrisiko größer
Die Studien zeigen, dass beim Kauf eines Gebrauchtwagens wichtig ist, den Kilometerstand des Autos zu überprüfen, besonders bei älteren Autos.
Die beliebtesten Modelle mit einer geänderten Anzeige des Kilometerzählers wurden in den Jahren 2006–2016 hergestellt.
Der Autoexperte Matas Buzelis betont aber, dass es zwischen der Betrugmöglichkeit und der Preisklasse des Autos ein Zusammenhang besteht:
“Die Liste der Autos mit dem am meisten zurückgedrehten Kilometerstand besteht hauptsächlich aus Fahrzeugen der Eliteklasse, doch gibt es auch Modelle der günstigeren Klasse, obwohl deren Bedeutung bei der Gesamtzahl von Autos mit einem geänderten Kilometerstand kleiner ist.
Die Marken Subaru, Ford und Volkswagen gehören zur selben Altersgruppe mit den Fahrzeugen der höheren Klasse.
Es scheint, dass der Kilometerstand bei 5- bis 15-jährigen Autos am wahrscheinlichsten zurückgedreht ist.
Landwirtschaftskammer: Der grünen Wende kann man die Produktion nicht zum Opfer bringen
Die Landwirtschafts- und Handelskammer findet, dass wegen der Klimaneutralität sich sowohl Unternehmen, Verbraucher als auch das Land Mühe geben müssen, aber zugleich kann das Erreichen der Ziele der grünen Wende nicht durch die Reduzierung der lokalen Produktion und der Anzahl der Tiere erfolgen.
Die mit der grünen Wende einhergehenden Veränderungen sollen für Unternehmen auch wirtschaftlich machbar sein, in deren Namen sowohl Unternehmer, Verbraucher als auch das Land zusammen arbeiten müssen.
Die Landwirtschaftskammer hält es für wichtig, dass es vor der Beschlussfassung eine Auffassung von der Synergie des Klimapakets und der EU-Green-Deal-Strategien für die estnische landwirtschaftliche und Nahrungsmittelproduktion vorhanden ist.
Um eine Übersicht über die reale Umweltauswirkung des estnischen Agrarsektors zu bekommen, ist eine vollständige, auf dem Standort und der Bewirtschaftungsform basierende Einschätzung nötig.
Ebenso kann das Erreichen der Ziele der grünen Wende nicht durch die Reduzierung der lokalen Produktion und der Anzahl der Tiere erfolgen.
Die Landwirtschafts- und Handelskammer unterstützt die Richtung der Europäischen Kommission, bis zum 2050 Klimaneutralität zu erreichen, obwohl es für unseren Agrarsektor, unsere Lebensmittelindustrie, Forst- und ländliche Wirtschaft eine große Herausforderung sein wird.
Mit jeder Herausforderung sind aber auch Möglichkeiten verbunden, die geschickt ausgenutzt werden müssen, steht in der Meinung über das Klimapaket der Europäischen Kommission „Ziel 55“, die die Landwirtschafts- und Handelskammer an das Umweltministerium gesendet hat, vermittelt BNS.
Die Landwirtschafts- und Handelskammer, die im vorigen Jahr mit ihrem Leiter Roomet Sõrmus Initiator für den Import von Ukrainern war, versucht, sowohl auf der Seite der grünen Wende als auch der Landwirte zu stehen – doch sind die Wünsche der Landwirte und der Klimahysteriker so unterschiedlich, dass es schwierig ist, sie zu vereinen.
Außerdem wird die Zukunft der Landwirte auch durch alle möglichen ideologischen Vereinigungen und Gruppen wie Tier- und Umweltschützer, Veganer und andere Personen, deren Tätigkeit auf Einschränkung und Beenden der Tierhaltung gerichtet ist, verfolgt.
Migrationsdruck verstärkt sich: Auch finnische Unternehmer in Estland beschweren sich und es wird mit Steuererhöhungen gedroht
Es ist traurigkomisch, wenn die Finnen als Resonanzboden für Einwanderungspläne der Reformpartei fungieren – sie beklagen, dass es in Estland an Arbeitskräften mangelt, während die Esten bei den nördlichen Nachbarn arbeiten – sie sollten dann die Esten zurück nach Hause, in die hier befindlichen finnischen Unternehmen, bringen.
In den Medien wird aber täglich über die Mangel an Arbeitskräften herumposaunt, was wahrscheinlich eine neue Propagandakampagne ist, um die Menschen an die Einwanderung zu gewöhnen.
So schreibt BNS: Beim Treffen der finnisch-estnischen Handelskammer am Dienstag sahen die in Estland tätigenden ausländischen Unternehmer als größte Schwäche des estnischen Wirtschaftsumfeldes die Mangel an Arbeitskräften.
“Estnische und finnische Unternehmen haben ein gemeinsames Problem, wo es in einem Land mit der alternden Bevölkerung immer mehr an Fachkräften mangelt,” sagte der am Treffen teilgenommene Unternehmens- und Informationstechnologieminister Andres Sutt über die Pressemitteilung.
“Zugleich sehen wir als ähnliche Lösung an beiden Ufern, dass die Rekrutierung von Fachkräften, die gemeinsame Werte teilen, vom Ausland und die Sicherung der Steuerehrlichkeit ist kurzfristig die einzige Lösung für die zunehmende Fachkräftekrise,” fügte er hinzu.
Andres Sutt könnte intensiver in Richtung Finnland schauen – sie lösen Arbeitskräfteprobleme mithilfe von Somaliern und anderen schwarzen “Fachkräften” – und aussprechen, ob auch die Reformpartei bei denen einen Ausweg sieht.
Der Minister will auch nicht das Thema ansprechen, dass hinter der Rede “estnische und finnische Unternehmen haben ein gemeinsames Problem” auch die während der vorigen Regierung der Reformpartei emigrierten Esten stecken.
Diese Rede wird durch eine Drohung ergänzt: “Nach Angaben des Wirtschafts- und Kommunikationsministeriums gibt es in Estland in fünf Jahren etwa 31.000 Personen im erwerbsfähigen Alter weniger und eine Alternative zum Wachstum der Einkommensbasis wären Steuererhöhungen.”
D.h. die Menschen werden damit eingeschüchtert, dass im Fall der Nichtakzeptierung der Fremden die Steuer sich erhöhen werden und es gibt keine Rente.
Es wird aber “vergessen”, dass Arbeitsmigranten Löhne und Gehälter der estnischen Bevölkerung drücken.
Mittlerweile hatten solche Drohungen nachgelassen, aber erst vor einigen Jahren wurde darüber geschrieben, wie in 2040 zehntausende Arbeitnehmer in Bau, Landwirtschaft und anderswo fehlen werden – als ob während 20 Jahre keine technologische Entwicklung stattfindet und auch im vorgenannten Jahr alle Arbeiten manuell gemacht werden.
Paul Oja: Düstere Zukunftsvisionen in Schlägereiromanen von Tom Clancy haben auch über Pandemie geredet
In den 1960er Jahren begann die sowjetische Science-Fiction-Literatur, sich langsam aus dem drückenden Gebüsch der rein technischen Verarbeitung von Kleinigkeiten oder der Bekämpfung der schädlichen Aktivität auszubrechen.
Einerseits wurde angefangen, helle Visionen über die glückliche kommunistische Zukunft der Menschheit zu konstruieren („Andromedanebel“ von Ivan Jefremov 1957, „Mittag“ von Arkadi und Boris Strugatski 1962), andererseits wurde die Phantastik des Westens bzw. die unter Bedingungen des faulenden Kapitalismus geschaffenen Dystopien über zukünftige Kriege, Terrorakten oder Pandemien verurteilt.
Meistens wurde seufzend gesagt: „Im Jahr 2000…!“
Was alles dann ist und wird… Wie wir wissen, der sowjetische Kommunismus verschwand mit seinen hellen Zukunftsvisionen ins schwarze Loch der Geschichte schon vor dieser magischen Jahreszahl.
Scharfsinnigere Schriftsteller aus dem Westen bieten mit ihrer Schöpfung aber bis heute Stoff zum Nachdenken.
Tom Clancy, ein geschickter und produktiver Pfleger von Technothrillern bzw. der technischen Schlägereiliteratur, behielt die Ereignisse der Welt aufmerksam im Auge.
In 1975 versuchte ein sowjetischer Raketenträger vom Rigaer Hafen nach Schweden zu flüchten, aber wurde 50 Meilen vor schwedischen Territorialgewässern zum Stoppen gebracht.
In 1984 erschien Clancys Action-Thriller „Jagd auf “Roter Oktober““ (The Hunt of Red October), welcher den ursprünglichen Impuls gerade von diesem Ereignis bekommen konnte und zu einem weltweiten Bestseller wurde.
„Die Stunde der Patrioten“ (Patriot Games, 1987) erzählt über die terroristische Tätigkeit der Irischen Nationalen Befreiungsarmee.
„Der Kardinal im Kreml“ (The Cardinal of the Cremlin, 1988) klärt im Hintergrund der strategischen Verteidigungsinitiative Reagans das Wettrüsten der USA und der Sowjetunion im Kosmos, eine Nebenlinie des Sujets stellt den hoffnungslosen Krieg in Afghanistan dar.
„Der Schattenkrieg“ (Clear and Present Danger, 1989) beschreibt den Krieg gegen die Drogenbarone in kolumbianischen Wäldern und Kabinetten in Washington, „Das Echo aller Furcht“ (The Sum of All Fears, 1991) untersucht, was würde passieren, wenn die Terroristen des Nahen Ostens die nukleare Ladung in ihren Besitz bekommen würden.
Allmählich begann aber sich das zeitliche Verhältnis von Tom Clancy und des von ihm behandelten Materials zu ändern.
Das aufmerksame Beobachten der Entwicklungsrichtungen der Welt machte die Vorhersage einiger Knotenereignisse möglich – leider als schwarze Szenarien, die bedauerlicherweise die Neigung hatten, von einer spannenden Geschichte zur Wirklichkeit zu werden.
Am Ende des Romans Debt of Honor („Ehrenschuld“) rammt ein Terrorist mit dem großen Reiseflugzeug das Weiße Haus gerade dann, als dort die Sitzung des Kongresses unter Beteiligung des Präsidenten stattfindet.
Der Roman erschien in 1994; wir wissen gut, was am 9. September 2001 stattfand.
Nicht alle von Clancy gemalten drohenden Visionen sind eingetroffen.
Der im Roman The Bear and the Dragon („Im Zeichen des Drachen“), erschien in 2000, beschriebene große Krieg zwischen China und Russland hat nicht stattgefunden.
Noch?
Im Gegensatz zur Meinung von Francis Fukuyama und zum Ausrufen der Prophetin Priskilla aus den Perestroika-Zeiten ist die Geschichte gar nicht vorbei…
Im Roman Executive Orders, 1996, wird gegen die USA der Angriff mit einer bakteriellen Waffe durchgeführt, wobei es versucht wird, mithilfe die Epidemie den Zusammenbruch des Staates zu erzielen.
Dank der allgemeinen Impfung endet die Epidemie schnell.
Im Roman ist es viel einfacher, einen wirklich funktionierenden Impfstoff auszudenken als in der Wirklichkeit.
Im Roman Rainbow Six, 1998, ist die Gefahr wesentlich ernster.
Ein Wissenschaftler auf Spitzenniveau, zugleich der Leiter eines der größten Pharmakonzerne der Welt, hat um sich herum eine Gesellschaft der giftiggrünen Gleichgesinnten mobilisiert, der beabsichtigt hat, den größeren Teil der Bevölkerung der Welt während der Pandemie zu vernichten – um den Planeten von den verderbenden Folgen der menschlichen Tätigkeit zu retten.
Auf Basis von Ebola wird ein garantiert tödliches Virus entwickelt.
Zugleich werden zwei Impfstoffe geschaffen.
Der Impfstoff A gibt wirklich den Schutz vor der Krankheit.
Dies wird vor dem Beginn des Verbreitens des Virus den Gleichgesinnten und sonst zuverlässigen oder nützlichen Personen gespritzt.
Der Impfstoff B dient aber dazu, ihn bald nach dem Ausbruch der Pandemie allgemein auf den Markt zu werfen.
Einen Schutz scheint er zu geben, ist aber eigentlich für die weitere Verbreitung der Krankheit gedacht, um den ursprünglichen Zielen sicherlich nahe zu kommen.
Es wird beabsichtigt, das Virus auf dem Stadion der unter heißen Wetterbedingungen in Australien ausgetragenen Olympischen Spiele durch das Luftbefeuchtungssystem zu verbreiten.
Tapfere Kämpfer gegen den Terrorismus aus der Gruppe Rainbow können mithilfe des ehemaligen KGB-Offiziers im letzten Moment dies verhindern, die Menschheit wird von der bösen Krankheit gerettet und das Leben geht weiter wie früher.
Drei sehr gute Sony Fernseher, die jetzt mit “Schwarzem Verkauf” zu einem sehr guten Preis verfügbar sind
Sony Fernseher sind nicht einfach dafür bestimmt, um sich Fernsehkanäle anzusehen, sondern mit vielen zusätzlichen Apps können sie für sonstige mögliche Unterhaltung ab dem Youtube über Netflix bis hin zu speziellen Sportsendungen, Spielen und sogar sozialen Medien verwendet werden, weil sie das Betriebssystem Google TV haben.
Jetzt, mit “Schwarzem Verkauf” kann man einige sehr gute Bildschirme zu einem noch besseren Preis kaufen.
Preisnachlässe betragen bis zu tausend Euro.
Hier gibt es drei zuverlässige Angebote, von denen man sicherlich ein passendes findet, das individuellen Bedürfnissen entspricht.
Alle günstigen Fernseher von “Schwarzem Verkauf” sind auf der Kampagnenseite des Sony Center zu sehen.
Sowohl Dolby Vision als auch Dolby Atmos machen von diesem Modell einen guten Fernseher für Kinoabende.
Sowohl Ton als auch Bild haben eine kinoähnliche Qualität, außerdem bieten 4K Resolution und HDR ein gutes kontrastreiches Bild.
4K X-Reality PRO ist aber dann nötig, wenn du dich Fernsehsendungen oder Videos anschaust, deren Qualität nicht dem 4K Bildschirm entspricht.
Die Bildverbesserungstechnologie von Sony passt die Bildqualität an, damit sie möglichst ähnlich dem 4K ähnlich ist.
Mit Apple AirPlay, Apple Homekit und Chromecast Unterstützung kann mit dem Smart-TV andere Hausgeräte kabellos verbunden werden, durch Streaming der Inhalte online.
Dieses Modell ist jetzt 150 Euro günstiger, d.h zu einem 19% reduzierten Preis verfügbar.
Ein Schritt in Richtung der Nachhaltigkeit: SEAT verbindet die Werke in Spanien und Portugal mit einer Bahnstrecke, um CO2-Emissionen zu reduzieren
Der spanische Autohersteller SEAT hat das Ziel festgesetzt, bis zum Jahr 2050 zu einem kohlenstoffneutralen Unternehmen zu werden.
Um dies zu erreichen, hat SEAT das Umweltprogramm “Move to Zerø” gestartet, um CO2-Emissionen während des ganzen Lebenszyklus der Produkte, Dienstleistungen und mobilen Lösungen zu reduzieren.
Jetzt beabsichtigt aber SEAT, einen weiteren Schritt in der Strategie “Move to Zerø” mit der neuen Bahndienstleistung zu machen – das Werk Martorell (Spanien) wird mit dem Werk Volkswagen Autoeuropa in Palmela (Portugal) verbunden.
Bisher wurden die in Martorell hergestellten Fahrzeuge per Zug nach Salobral (Madrid) transportiert und von dort weiter per LKW in verschiedene Vertretungen weiter befördert.
Mit der neuen Linie erreichen Fahrzeuge gerade das Werk Palmela, von wo sie per LKW zum letzten Mal ins 75 Kilometer entfernte Verteildepot Azambuja gebracht werden.
Im Moment wird die Dienstleistung zweimal in der Woche funktionieren und voraussichtlich werden jährlich mehr als 20.000 Fahrzeuge befördert.
Dadurch werden jährlich 2400 LKW-Fahrten vermieden und CO2-Emissionen sogar 43% reduziert.
Die neue Bahnverkehr, operiert von Pecovasa Renfe Mercancías, besteht aus 16 Waggons.
Die maximale Bahnlänge ist 500 Meter und sie ermöglicht, bis zu 184 Fahrzeuge pro Reise zu befördern.
Ab dem Jahr 2023 wird eine Bahn mit 18 Waggons in Betrieb genommen, welche etwa 200 Fahrzeuge auf einmal transportieren kann.
Bis zum Jahr 2024 werden sich Hybridloks auf den Schienen bewegen, welche ermöglichen, auf der Strecke 100% Strom zu verwenden.
Grünes Licht der Europäischen Arzneimittelagentur: Der Coronaimpfstoff von Pfizer ist für 5- bis 11-jährige Kinder zugelassen
Die Europäische Arzneimittelagentur hat am Donnerstag empfohlen, die Zulassung des Coronaimpfstoffes Comirnaty von Pfizer/BioNTech auf 5- bis 11-jährige Kinder zu erweitern.
Bisher war der Impfstoff für Kinder ab 12 Jahre zugelassen.
Die für 5- bis 11-jährige Kinder bestimmte Dosis des Coronaimpfstoffes ist von der gewöhnlichen Dosis dreimal kleiner (10 µg im Vergleich zu 30 µg).
Wie in der älteren Altersgruppe, besteht die Impfung der Kinder aus zwei Spritzen mit einem Abstand von drei Wochen.
Eine klinische Untersuchung mit 2000 Kindern hat gezeigt, dass die 5- bis 11-jährigen mit der dreimal kleineren Dosis die gleich große Immunantwort wie die älteren Gruppen mit der Volldosis erhalten haben.
Nebenwirkungen waren ähnlich wie in der älteren Altersgruppe und sie waren leicht oder mäßig und verschwanden innerhalb von einigen Tagen.
Deshalb kam die Europäische Arzneimittelagentur zum Schluss, dass der Nutzen des Impfstoffes bei 5- bis 11-jährigen Kinder die damit einhergehenden Risiken übersteigt.
Die Agentur sendet jetzt die Empfehlung der Europäischen Kommission, die über die Nutzung des Impfstoffes den endgültigen Beschluss fassen wird.
Das Mitglied des staatlichen Sachverständigenausschusses für Immunprophylaxe, Dr. Marje Oona sagte dem Estnischen Rundfunk (ERR), dass die Kommission in dieser Frage den Beschluss wahrscheinlich in der nächsten Woche erfassen wird.
“Da die Zulassung der Europäischen Arzneimittelagentur (EMA) vorhanden ist, wissen wir, dass die Zulassung der US-Arzneimittelbehörde (FDA) schon eine Zeitlang vorhanden ist.
Der US-Impfausschuss hat bereits vor einiger Zeit diese Empfehlung gegeben und in den USA sind schon mehr als drei Millionen Kinder geimpft worden, also kann ich keinen Grund sehen, dass der Beschluss nicht erfasst wird.
Aber wir haben es noch nicht erörtert,” kommentierte Dr. Oona.
