Государственный судья: правительственные распоряжения общего характера не могут быть настолько масштабными.
«Правительственные распоряжения общего характера, которыми установлены действующие во время пандемии коронавируса ограничения и правила, должны быть ограничены их объемом, — сказал государственный судья Иво Пильвинг.
— На одну границу, а именно на то, что лимит правительственных распоряжений общего характера, согласно которым сегодня введены все требования по коронапаспортам, должен когда-то закончиться, мы уже ссылались. На это ссылался и Таллиннский окружной суд.
Ведь сущность правительственного распоряжения общего характера заключается еще и в том, что его юридическая зона действия должна быть всё-таки каким-либо образом ограничена.
Такие распоряжения не могут быть настолько общепринятыми, как любой из законов.
И если они не ограничены каким-либо другим способом, например не предназначены для определенной группы людей и т. п., то они должны быть ограничены по времени», — сказал председатель административной коллегии Государственного суда Иво Пильвинг на состоявшейся в четверг пресс-конференции.
«В данный момент невозможно сказать, прошло ли к сегодняшнему дню это время либо оно пройдет завтра или послезавтра — для определения этого эти споры уже рассматриваются в судах, там и должна выясниться вся правда.
Но где-то всё-таки должна быть граница использования правительством этого инструмента, и в какой-то мере критика жалобщиков оправдана — законодатель не может полностью дистанцироваться от этих тем», — продолжил Пильвинг.
Правительственное распоряжение общего характера — это особый вид административного акта, в соответствии с которым установленные ограничения в суде может обжаловать только каждый человек в отдельности, и соответствующее судебное решение распространяется не на все объекты ограничения, а только на человека, который их оспорил.
Широкое использование правительственных распоряжений общего характера уже подвергалось критике со стороны бывшего канцлера права Аллара Йыкса.
В то же время государственный судья подчеркнул, что спор, в отношении которого государственный суд обнародовал в четверг свое решение, всё-таки отличается.
«Это касается только одного — конечно, особого, но одного учреждения, — оборонительных войск, и здесь действуют немного более щадящие рамки правового государства, так как это не касается каждого.
Это касается только работающих в оборонительных войсках эстонских мужчин и женщин, и согласно нынешнему пониманию, руководитель соответствующего учреждения на основании Закона о гигиене и безопасности труда может ввести требования для ограниченного круга людей», — сказал Пильвинг.
Он пояснил, что действующая до сегодняшнего момента практика государственного суда указывает на то, что чем более объемными, глубокими и интенсивными являются какие-либо ограничения или обязанности, тем больше работы должен делать парламент.
«Заканчивая тем, что некоторые обязанности должен в конечном итоге регулировать закон», — отметил государственный судья.
— Но если затрагивать тему вакцинации и пандемии, которая является волнообразной и которая требует быстрой реакции, то здесь снова всё говорит в пользу права принятия решения у исполнительной власти и правительства.
И если мы говорим об учреждениях и требованиях, предъявляемых к их работникам, то, согласно нынешнему пониманию государственного суда, там хватает места и для приказов руководителей этих учреждений, если это позволяют обстоятельства», — добавил Пильвинг.
Французские рыбаки перекроют движение на Ла-Манше, требуя тем самым выдачи лицензий на лов рыбы
В эту пятницу, в целях получения лицензий на лов рыбы после брексита, французские рыбаки перекроют путь для движения паромов в трех портах проливов Ла-Манша и движение товара в туннеле между Францией и Великобританией, сообщил профсоюз.
Председатель Французского национального комитета рыболовства (CNPMEM) Джерард Ромити описал протест, как предупредительный выстрел, и сказал, что движение в портах Сен-Мало, Уистреам, Кале и тоннеле под Ла-Маншем будет перекрыто на несколько часов.
Длившийся месяцами спор Великобритании и Франции насчет лицензий на лов рыбы до сих пор не решен, и грозит перерасти в полномерную торговую войну.
«Мы не хотим пожертвований, мы просто хотим вернуть наши лицензии обратно.
Великобритания должна следить за договоренностями, данными ей до брексита», — сказал Ромити.
— Мы терпели на протяжении 11 месяцев,
но даже у терпения профессионалов есть пределы.
Мы надеемся, что этот предупредительный выстрел будет услышан», — добавил он, не исключая последующие методы.
Франция угрожала запретить британским рыболовным суднам выгружать свой лов в портах Франции и установить более строгий контроль для всего импортного товара Великобритании.
По словам президента Эмманюэля Макрона, подобными методами хотят дать возможность продолжить переговоры, но чиновники Франции подчеркивают, что все варианты по-прежнему рассматриваются.
Переговоры между министром Франции по вопросам Европы Клеманом Боном и министром Великобритании по вопросам брексита Дэвидом Фростом до сих пор не принесли свои плоды.
Согласно договоренности, достигнутой между Великобританией и Европейским союзом в прошлом году, европейские рыболовные судна могут продолжать отлов рыбы в водах Великобритании, если смогут доказать, что делали это прежде.
Как утверждают чиновники в Париже, ходатайства десятков судов Франции были необоснованно отклонены,
но Лондон это отрицает.
Сборная Эстонии по баскетболу проигрывала сборной Германии четыре очка
Мужская сборная Эстонии по баскетболу начинает отборочный этап на чемпионат мира 2023 года гостевым матчем против сборной Германии.
В 20.00 спортивный портал ERR начнет прямую трансляцию матча.
Вене долго ведет мяч, ищет место, но в конце концов зарабатывает от Бенцинга фол.
Для опытного немца он стал уже четвертым, но за четыре минуты до конца игры игроки обоих команд получили максимальное количество фолов.
Хекманн ошибается на обоих свободных бросках.
До конца остается 4.20, Германия ведет 61:58, но при броске Хекманн получает от Юркатамма фол.
Вейдеман очень хорошо атакует и, как следствие, в конце игровой ситуации Эстония зарабатывает два очка.
Вейдеману не покоряется дальний бросок, но Сенгфельдер также не попадает в корзину снизу, и Нургер получает от него фол.
В защите Юркатамм блестяще приходит на помощь и мяч остается у сборной Эстонии.
Дорет промахивается издалека, а в борьбе за мяч под щитом Трейер зарабатывает свой четвертый фол.
Один из двух, за 5.50 до конца матча Германия ведет 61:56.
Вамбола Пааво | Давайте на примере Венгрии введем максимальную цену за бензин
Месяц назад мне довелось услышать радиопередачу Stuudios on peaminister («В студии — премьер-министр»).
Когда репортер спросил у Каи Каллас, сколько стоит литр топлива на заправках, последовала тишина,
но потом премьер-министр нерешительно ответила, что она не знает.
Во время, когда по всему миру дорожают энергоносители, глава правительства не знает, что и сколько у нас стоит!
А это значит, что на нее работают оторванные от жизни плохие советники.
В это же время премьер-министр Венгрии Виктор Орбан знает это, и знает очень хорошо.
Венгрия ввела по всему государству фиксированную цену за топливо на три месяца.
Цены на заправках не должны превышать 500 форинтов, то есть 1.42 евро за литр.
В данный момент фиксированная на три месяца цена составляет 480 форинтов, то есть 1.37 евро за литр.
Цены будут пересматриваться каждые три месяца.
Верхние пределы цен заставило ввести ускорение инфляции, ведь за последние девять лет в стране она достигла высшей отметки — 6,5 процента.
Согласно решению, сети заправок могут продавать топливо по более низкой стоимости, и за более высокую стоимость теперь продавать его запрещено.
КИТАЙСКАЯ МЕДИЦИНА РЕКОМЕНДУЕТ: целебные травы теперь должны быть в каждом доме!
В осенний и зимний период, когда на улицы сыро и влажно, тело необходимо укреплять и утеплять.
Для этого подходят любые целебные травы, которые помогают сохранять тепло, но которые не позволяют телу перегреваться.
В блоге «Алхимия здоровья» знающие люди советуют класть в термос травы, заливая их горячей водой. Там говорится, что такой способ очень удобный, ведь термос можно взять с собой на работу или в школу и в течение дня пить подкрепляющий организм чай.
Когда чай закончится, к травам можно будет добавить кипяток еще несколько раз.
ДИСТАНЦИОННОЕ ОБУЧЕНИЕ В ТАЛЛИННСКИХ ШКОЛАХ БЫЛО БЕССМЫСЛЕННЫМ!
Экспресс-тестирование в школах дало точно такой же хороший результат!
Введенное для предотвращения распространения коронавируса четырехнедельное дистанционное обучение в 4–8 классах таллиннских школ не дало городу преимущества, так как в регионах, где школы оставались открытыми, экспресс-тестами удалось достичь того же самого результата, — это подтверждают голые цифры.
Более короткое время дистанционное обучение также длилось в Пярну и частично в Нарве, но в Таллинне оно началось сразу после школьных каникул и продолжалось целых четыре недели.
Теперь у ученых, занимающихся анализированием коронавируса, возникла великолепная сравнительная база — Таллинн vs остальная Эстония.
После проведения будущих государственных экзаменов можно будет, например, рассмотреть, привело ли четырехнедельное отсутствие в школе к худшим результатам по сравнению с остальными городами страны.
Сейчас же главный вопрос заключается в том, принесло ли решение Таллинна направить муниципальные школы на долгое дистанционное обучение городу больший успех в борьбе с коронавирусом.
Ведь возникло же из-за мэра Михаила Кылварта трение между Тоомпеа и Нижним городом.
АНУ СЯЭРИТС ЧЕСТНО О ЖИЗНИ: в жизни важны объективность, смелость противостоять невзгодам и умение не недооценивать себя и других
Еще в отчим доме к Ану пришло понимание, что будь что будет — справляться нужно в любом случае.
«Я выросла в большой семье.
В нашей семье мама практически одна заботилась о пятерых детях, и мы не могли предъявлять какие-либо требования.
Я понимала, что должна быстро повзрослеть, чтобы каким-либо способом реализовать свои интересы».
С самого детства любопытство, действительно, было подстегивающей силой Ану Сяэритс (49), известной благодаря новостям спорта и спортивным передачам.
«Я достаточно рано обнаружила, что, надо же, в Таллинне происходит что-то интересное!
Я решила уехать из Тарту в Таллинн, осмотреть город, и только тогда, вернувшись, сказать семье, что я была там», — едва улыбаясь, женщина вспоминает свою былую решительность, которая неоднократно направляла ее исследовать мир дальше.
Март Сейм: на Олимпиаде в Рио я был единственным тяжелоатлетом, выступающим в сверхтяжелой весовой категории, который не попался на употреблении запрещенных веществ
Успешнейший эстонский штангист Март Сейм и его коллега Лехо Пент готовятся к стартующему через две недели чемпионату мира.
Если их любимый вид спорта будет и дальше числиться в олимпийской программе, то они оба хотят соревноваться минимум до Олимпийских игр 2024 года в Париже.
Попасть на проводимую летом этого года Олимпиаду в Токио помешал перенесенный весной коронавирус, из-за которого как Март, так и Лехо слегли в постель, и который не позволил восстановить спортивную форму к европейскому первенству.
Письмо читателя | Крик о помощи: из тележки торчали только дрыгающие ножки
Мужчина спас в магазине из тележки для покупок провалившегося в товар ребенка.
Действительно ли детям место в тележках?!
«Я совершал еженедельные покупки, и только повернув к прилавкам-холодильникам, увидел перед собой пару дрыгающих ножек.
Я сначала даже не понял, что происходит, но потом осознал, что в тележке застрял ребенок.
Я точно не осмелюсь предположить, но, вероятно, малыш пытался вылезти из груды продуктов.
Или же он просто неудачно застрял между горами товара и, пытаясь устроиться поудобнее, оказался вверх ногами», — описал увиденное в магазине зрелище Сийм.
Положите в мешок Деда Мороза орехи отечественного производителя
Конфеты, различные батончики и плитки шоколада — кажется, что это самый обычный набор продуктов, который попадают в мешок деда мороза или в тапочек для гномика, верно?
На самом же деле такие продукты вовсе не полезны.
Вместо них в период Рождества ребенка или любимого человека можно порадовать чем-то полезным.
Для здоровья больше полезны всевозможные орехи, миндали, семечки.
Но кто-то, нахмурив брови, может сказать, что и в орехах присутствует большое количество жиров — нельзя ли их тогда прировнять к конфетам?
Нет! Конечно, нет!
Если ознакомиться с этикеткой на упаковке орехов, там можно вычитать, что жиры орехов состоят в основном из полезных и необходимых организму ненасыщенных жирных кислот, в небольшом количестве также из насыщенных жирных кислот, а вот трансжиры отсутствуют там совсем.
Жиры — бесценные для нашего организма вещества и полностью избегать их нельзя.
Однако важно предпочитать ненасыщенные жирные кислоты, то есть хорошие жиры, которые можно получить, съев орехи, семечки или миндаль.
Именно поэтому единственный эстонский производитель орехов Germund Hulgi советует в период рождественских праздников предпочитать полезные cнеки.
У Germund Hulgi особенно популярны упаковки черного цвета Premium, в которые попадают орехи большего размера и сухофрукты.
Используемые для наполнения таких упаковок лесные орехи привозятся, например, из Грузии, миндаль — из Калифорнии, изюм и клюква — из Чили, кешью — из Вьетнама.
Жарка орехов, их засаливание, а также смешение во вкусную смесь и упаковка происходят уже в Эстонии.
На Балтийской бирже произошел сегодня умеренный подъем
По сравнению с 24 ноябрем Таллиннская биржа выросла на 0,19%.
Цена акции Bercman Technologies испытала заметное падение.
В списке Baltic First North акции Bercman Technologies за последний день упали с 9 евро до 8,6 евро, спад составил 4,44%.
По сравнению с произошедшим 24 ноября спадом с 11,4 до 9 евро (-21,05%), цена акции Bercman стала стабилизироваться.
Цена акции ELMO Rent также пошла на спад после хороших новостей в начале недели.
На сегодняшний день цена акции упала до 5,03 евро (-2,9%).
С другой стороны, K2 LT у Baltic First North вырос до 31,2 евро (2,63%), небольшой подъем произошел и у MADARA Cosmetics — 0,71% до 28,2 евро.
За сегодняшний день наибольший подъем в основном списке Балтийской биржи произошел у Panevezio statybos trestas до 0,7 евро (5,74%) и у SAF Tehnika до 12,5 евро (3,73%).
Наибольший подъем в дополнительном списке Балтийской биржи произошел у Utenos Trikotazas до 0,815 евро (3,82%).
Сегодняшний наибольший спад в основном списке биржи произошел у Griego до 0,95 евро (-1,45%) и у Ekspress Grupp до 1,53 евро (-1,29%).
В дополнительном списке заметно упала стоимость акции VEF — до 5,1 евро (-8,93%).
Таким же образом упала акция и у Žemaitijos pienase — до 1,7 евро (-5,03%).
За 792 евро только один комплект!
Новый тренажерный зал в Кохтла-Ярве за государственные деньги запасется супердорогими вешалками для одежды
В списке имущественных затрат открывшегося в этом году спорткомплекса Wiru в Кохтла-Ярве особого внимания заслуживает стоимость вешалок, необходимых для помещения для переодевания при тренажерном зале.
Руководитель спорткомплекса обосновал приобретение супердорогих вешалок желанием быть самыми современными.
«Вы не можете сказать, что я не женщина» —
особенная спортсменка, которая со старта с ходу прошла дистанцию в 100 метров за 9,86 секунд
Намибийские спринтеры с высоким от природы уровнем тестостерона Кристин Мбома и Беатрис Масилинги выходят за рамки общепризнанных норм и провоцируют возникновение новых вопросов.
На протяжении Олимпиады в Токио эстонцы смогли болеть за супругу Майселя Уйбо Шону Миллер-Уйбо, которая с успехом защитила титул чемпионки в беге на дистанции 400 метров.
Шона оказалась единоличным лидером, но, по правде говоря, возможные соперники снялись по той или иной причине с соревнований, поэтому статная багамка была обязана победить.
Образно говоря, метла начисто подмела путь к золотой медали.
Два года назад на чемпионате мира в Дохе сенсационно выхватившая у Миллер-Уйбо первое место бахрейнская спортсменка в беге на четверть мили Сальва Эйд Насер отбывала наказание за несделанный допинг-тест.
Новый суперталант, 19-летняя уроженка Америки Атинг Му выбрала дистанцию на 800 метров и стала в ней олимпийской чемпионкой.
А Международная ассоциация легкоатлетических федераций (WA) запретила ныне показывающим сверхбыстрые результаты намбийским спринтерам-подросткам (Кристин Мбома пробежала дистанцию за 48,54 и Беатрим Масилинги — за 49,53) участвовать в беге на 400 метров из-за высокого уровня тестостерона.
Что же будет с ними дальше?
Личности занявших в Токио второе и шестое место в беге на 200 метров Мбомы и Масилинги до сих пор вызывают разногласия.
Кажется, что недоволен никто.
Часть думает, что их дискриминируют, а другая часть верит, что этом дуэту вообще нет места в соревнованиях для женщин.
Тема требует быстрого решения, ведь, по словам зрителей, это всего лишь вопрос времени, когда плохо начинающая старт, но развивающая невиданную конечную скорость Мбома начнет бить мировые рекорды.
Правительство сделало исключение из правил: на отборочный матч Эстония – Израиль допустят больше зрителей
Правительство определило проводимый в это воскресенье на таллиннской арене Saku Suurhall отборочный турнир чемпионата мира по мужскому баскетболу между национальными сборными Эстонии и Израиля как мероприятие с преимущественным общественным интересом, и поэтому допустит на игру до 3360 зрителей.
При нынешних ограничениях начиная с 15 ноября на проводимых во внутренних помещениях соревнованиях может присутствовать до 1000 зрителей.
Департамент здоровья поддержит мероприятие увеличенным числом зрителей, если организатор сможет снизить риск заражения коронавирусом в соответствии с представленным планом, сообщило на своем сайте правительство.
Согласно плану, в Saku Suurhall зрители будут разделены на четыре зоны, чтобы они не сталкивались друг с другом, с игроками, а также с обслуживающим игру персоналом.
На мероприятие можно будет попасть только при предъявлении COVID-справки. На месте будет проверяться ношение масок.
В секторах будет соблюдаться рассредоточение людей и при каждой зоне будет функционировать отдельная вентиляция.
Использование гудков и прочих подобных атрибутов будет запрещено.
Эстонский баскетбольный союз предупреждает, что зрители должны прибыть на игру заранее, чтобы избежать очередей на входе при проверке справок и документов.
Двери откроются за час до начала мероприятия.
Всего на четыре зоны будет открыто 14 различных входов.
В четверг вечером в Нюрнберге сборная Эстонии начнет серию отборочных турниров чемпионата мира 2023 года, проведя матч против сборной Германии.
Билеты на воскресный матч между Эстонией и Израилем можно приобрести у распространителя билетов Piletitasku.
Еда была уже заказана, а приглашения — разосланы: в последний момент финны решили отменить президентский прием
Сегодня Канцелярия финского президента сообщила, что традиционный президентский прием в день независимости Финляндии будет отменен уже второй год подряд.
С принятием решения тянули фактически до последнего момента, так как мероприятие должно было состояться уже 6 декабря
А это значит то, что организации мероприятия было посвящено уже большое количество рабочих часов.
Какое-то время назад гостям были разосланы приглашения, а также была заказана еда и напитки.
По словам Канцелярии, все усилия не будут напрасными, и всё заказанное можно будет использовать уже на следующих мероприятиях.
В этот раз все разосланные приглашения будут действовать и через год, сообщает Iltaleht.
«Приготовления к приему были рассчитаны на малое количество гостей, поэтому к мероприятию было заготовлено меньше вещей, чем обычно», — сказал представитель канцелярии.
Причина отмены приема такая же, как и в прошлом году —
люди переживают из-за роста заболеваемости коронавирусом.
Однако президентская пара Саули Ниинистё и Йенни Хаукио нашла способ, как отметить День независимости со своим народом.
6 декабря президент и первая леди страны дадут интервью Yle прямо из президентского дворца.
В рамках той же трансляции будут выступить многие известные музыканты.
Яркий пример: Анетт Контавейт не сидит на отдыхе сложа руки, а помогает нуждающимся
Сильнейшая теннисистка Эстонии после изнурительного турнира в Мексике решила снизить нагрузку и отдохнуть на родине.
Но в это время она помогает тем, кто нуждается в помощи.
Анетт Контавейт не отдыхает просто так, сложа руки, она практично использует свое время.
В своем Instagram она опубликовала фотографии, где назвала себя «мамой растений», выращивая дома озеленяющие пространство растения.
Она также занимается благотворительностью, повышая осведомленность людей о деятельности Varjupaiade MTÜ.
Анетт опубликовала в социальной сети фотографии собак, сказав, что помогает им и в этом году.
В понедельник на пресс-конференции Анетт Контавейт сказала, что она подумывает задастся целью выиграть турнир Большого шлема.
«Я думала об этом пару дней.
Конечно, моя мечта — выйграть «Большой шлем», но самое важное при этом, чтобы цели были основаны на развитии.
Я хочу улучшить свою технику игры и определенные элементы тенниса, а также физическую форму.
Если этот процесс развития будет положительным, то и результаты будут положительными», — сказала Анетт посредством портала Delfi Sport.
Контавейт поблагодарила поклонников, которые последние несколько недель в глубокую ночь не спали и следили за ней во время игр в Мексике: «Это греет душу, когда понимаешь, что люди за меня болеют.
Я получила так много положительных отзывов, и я очень благодарна всем, кто любит то, что я делаю.
Я также хочу поблагодарить болельщиков и спонсоров, благодаря которым я сюда попала».
После небольшого отпуска Контавейт начнет готовиться к новому сезону в Таллинне, а затем ближе к турниру в Австралии улетит акклиматизироваться в более теплый климат.
Вы чувствуете, что больше не возбуждаете мужчину?
Так вы cможете гарантировать, что флаг будет постоянно поднят
Долгая совместная жизнь, бытовые проблемы, склоки, нагромоздившаяся одежда и непомытая посуда — очевидно, что это совсем не сексуальное комбо.
Но как же вновь пробудить эту мистическую искру?
Как гарантировать под простынями страстное впечатление, которое перевесило бы чувства, пережитые в медовый месяц?
Если вы желаете, чтобы у вашего родного человека вновь при виде вас загорались глаза, и вы смогли бы лукаво сесть к нему на коленки так, чтобы он не начал бурчать, что из-за вас он не видит невероятно важное соревнование, то соблюдайте эти советы, и зверское сладострастие будет вам гарантировано!
Сексуальный блеск не вернется в отношения легко, его надо провоцировать, и если мужчина сам не удосужился взять быка за рога, то и вы не оставайтесь почивать на лаврах, сделайте это сами!
Певица Джесси Джей потеряла ребенка: у меня отсутствует контроль над своими эмоциями
Недавно известный музыкант рассталась со своим молодым человеком Максом Фамом, но решили выносить ребенка, и в дальнейшем воспитывать их общего ребенка, будучи матерью-одиночкой.
К сожалению, во время последнего осмотра врачи не смогли обнаружить у ребенка сердцебиения, заявила Джесси Джей в своем посте в Instagram.
«Вчера утром я смеялась с подругой, спросив у нее: «Ну, на самом деле, как же завтра вечером в ЛА я смогу провести концерт, не сказав публике, что я беременна?», — сказала певица.
— Днем же я боролась с мыслью, как я смогу провести концерт, ни разу на нем не упав.
Во время третьего скрининга мне сказали, что сердце ребенка больше не бьется.
Сегодня утром…
Я почувствовала, что не могу контролировать свои эмоции.
Возможно, позже я пожалею о том, что сделала этот пост.
Я действительно не знаю».
Несмотря на то, что женщина находится сейчас в глубоком трауре, она решила всё-таки провести концерт в Лос-Анджелесе, веря, что ей это поможет.
«Сегодня вечером я хочу петь.
Не потому, что я пытаюсь избежать скорби или всего этого процесса в целом, а потому что я знаю, что пение сегодня вечером мне поможет, — сказала она.
— За два года я выступила только два раза, и моя душа требует этого.
И сегодня больше, чем прежде.
Я знаю, что некоторые люди скажут, что я должна отменить концерт, но сейчас для меня ясно одно:
будучи ребенком, я начала петь, потому что поняла, что это делает меня счастливее, заполняет мою душу и влияет на нее как терапия.
Это ощущение до сих пор не изменилось, и все свои проблемы я должна пережить именно таким способом».
Джесси Джей заявила, что решила воспитывать ребенка одна, так как она очень мечтала стать мамой.
Она знает, что жизнь коротка, а беременность была тем чудом и опытом, которые она никогда не забудет.
Она надеется, что в будущем она снова сможет забеременеть, но сейчас она до сих пор прибывает в шоке и ей невероятно грустно.
«Но я знаю, что я сильная, знаю, что всё наладится, — добавила она.
— Также я знаю, что миллионы женщин по всему миру испытали эту боль, и, возможно, еще более страшную боль».
Изготовьте своими руками свечи, оставляющие меньший экологический след
Каждый, кто делал свечи до праздников, наверное, пробовал использовать популярный на севере натуральный рапсовый воск.
Изготовленный из семян рапса воск является возобновляемым и безвредным для окружающей среды сырьем.
Настал ежегодный осенний период изготавливания свечей.
Конечно, этим можно заниматься и весной, и зимой, но осенью заливание свечей происходит особенно хорошо.
На улице хмурая и дождливая погода, дует ветер.
В то же время на плите растапливается свечной воск, и комната наполняется чудесными ароматами.
Это просто волшебные моменты!
Наши прародительницы изготавливали свечи из ценных бараньих жиров, поэтому их использовали только в особых случаях.
Сегодня же для изготовления свечей можно найти множество различных материалов и средств.
И если начать в них разбираться, то в них можно запутаться.
В TikTok набирает популярность новый странный модный тренд: женщины используют гель-смазку в качестве праймера
Пользователи TikTok в очередной раз представляют новый модный тренд, рекомендуя заменить находящийся в вашей косметичке праймер на используемую в спальне гель-смазку.
О печальной судьбе Йоханнеса Вареса: была ли его смерть самоубийством или его просто убрали с горизонта?
Убил ли он себя только потому, что хотел быть проворнее смерти?
А может его вынудили или склонили к суициду?
Или убрали с горизонта по причине того, что он стал сопротивляться не физически, а ментально…
В своей последней статье Пеэтер Олеск порассуждала о жизни и смерти Вареса-Барбаруса.
Когда одним ранним утром Йоханнеса Вареса с литературным псевдонимом Йоханнес Барбарус (12 января 1890–29 ноября 1946) нашли в ванной комнате своей служебной квартиры во дворце Кадриорга мертвым, он, конечно же, не брил бороду складным ножом, а, вероятно, всё-таки бритвой с использованием какого-либо крема и кисточки для бритья.
Этот утренний ритуал не мог быть сложным и болезненным, так как, вероятнее всего, он брил бороду каждый день, и, естественно, около зеркала у него стояли разные виды одеколона и прочие жидкости для удаления кровавых потеков от порезов.
Вопрос лишь в том, написал ли он свои две предсмертные записки до похода к зеркалу или после того, как подбородок был уже выбрит.
Ответ на заданный вопрос помог бы нам выяснить, в каком часу в утро дня смерти у Йоханнеса Вареса пропал сон, сколько у него было времени для написания прощальных писем и где он это делал.
Очевидно, письменный стол, белые листы бумаги, чернильница и перо — это необычные вещи для ванной комнаты!
Для написания двух не очень коротких и в то же время очень личных писем может уйти до двух часов.
На бритье, чистку зубов и полоскание полости рта могло уйти до двадцати минут, но что Йоханнес Варес точно не мог знать, так это время, по истечении которого его начали бы искать и кто бы нашел его тело первым.
Учитывая эти обстоятельства, я склоняюсь к тому, что свои прощальные письма он написал до того, как наступила его смерть, то есть не позднее, чем вечером предыдущего дня.
Соответственно, они были написаны сознательно, а не в состоянии аффекта.
Согласно известию Ниголя Андресена, Йоханнес Варес не хотел быть до конца своей жизни инвалидом.
Из этого можно сделать вывод, что он знал о течении своей болезни.
При этом слово «инвалид» может не значить внешний видимый дефекта, оно может значить потерю трудоспособности или увольнение с работы по состоянию здоровья.
В Нымме стопка книг утаивала жертву убийства.
Дело находится в руках следователей по «холодным убийствам»
В 2019 году полиция получила необычный вызов в дом на улице Леммику в Нымме: в ходе реновации старого жилого дома обнаружилось, что в одной из комнат под прилично заваленной книгами кипой был спрятан труп.
Как это возможно?
Следователи посещали квартиру одной пожилой женщины уже два раза, но до сих пор не смогли уловить момента, чтобы опросить ее.
У госпожи может таиться ключ к раскрытию убийства: по данным одного источника, когда-то давно женщина заявила, что ее сын может быть замешан в преступлении.
Вместо тормоза — газ.
Невзирая на происходящие судебные прения, в основании фундамента противоречивого завода был заложен краеугольный камень
«Пока не будут завершены судебные прения, строительство завода не начнется», — заявили летом этого года члены правительства.
Однако с позволения министров на прошлой неделе во вторник в основании фундамента завода масла был заложен краеугольный камень.
16 ноября Eesti Energia заложила краеугольный камень в строительстве завода сланцевого масла Enefit 280, на строительство которого правительство выдало государственной фирме 125 миллионов евро денег налогоплательщиков, и из-за строительства которого молодежное климатическое движение обратилось в суд.
Самые внимательные помнят, что лишь полгода назад в порядке предварительной правовой защиты Тартуский уездный суд приостановил действие разрешения на строительство завода и премьер-министр Кая Каллас сказала, что Eesti Energia дали четко понять, что до конца судебных прений строительство завода не начнется.
Впрочем, в ноябре вместо тормоза Eesti Energia выжала газ и рванула строить завод.
Юридически Eesti Energia действительно имеет право начать строительство завода, так как в начале июня Тартуский уездный суд аннулировал запрет на строительство завода масла.
Однако, заложив краеугольный камень в строительство завода, предприятие взяло на себя предпринимательский риск, ведь прения о правомерности разрешения на строительство до сих пор не закончены.
«Если к концу судебных прений здания и сооружения завода окажутся уже построенными, но жалоба будет удовлетворена и действие разрешения на строительство будет признано недействительным, дальнейший ход событий будет зависеть от обоснований судов.
Очень возможна ситуация, что все постройки окажутся незаконными, и теоретически возможен вариант, что их необходимо будет снести», — пояснила юрист центра природоохранительного права Кярт Ваармари.
Единственный в Ляэнемаа австралиец учит эстонцев есть траву
Переехавший из Австралии в Эстонию Мэттью Хилл вместе со своей женой Пирет построил на хуторе Яаагу в Ляэнемаа плантацию побегов.
Семья круглогодично выращивает там десяток побегов разных сортов, и удосужилась титула производителя органической продукции.
Смотрите о чем еще идет речь в статьях нового номера газеты Maaleht!
Переехавший из Австралии в Эстонию Мэттью Хилл вместе со своей женой Пирет построил в Ляэнемаа плантацию побегов.
На своих грядках с овощами хозяин практикует земледелие без перекопки, то есть щадящее сельское хозяйство, которое уже получило известность по всему миру: грядки не копают, а только слегка культивируют.
Новые идеи и методы семьи Хилл в области овощеводства привлекли большой интерес, так семья удосужилась титула лучшего производителя органической продукции.
Немецкие ученые учат коров пользоваться туалетом.
Результаты могут изменить мир
Небольшое стадо коров в Германии приобрело интересную привычку.
Они используют огражденный забором клочок искусственной травы в качестве туалета.
Зачем вообще нужна такая тренировка?
Примерно 10% всех выхлопных газов, произведенных человеческой деятельностью, приходится на коров.
Немецкие ученые пытаются разработать кажущееся невероятным решение, которое поможет сделать разведение коров более экологически чистым.
Прокурор о деле мужчины, который до смерти забил жену: он сожалел о своем злодеянии и искал помощи у волонтеров
В среду мы писали о случае, в котором Киур недостойно обращался со своей женой, по неосторожности убив ее, и был приговорен к двум годам лишения свободы с испытательным сроком длиной в три года и три месяца.
Это значит, что на данный момент мужчина должен провести за решеткой всего лишь два дня.
По словам окружного прокурора Келли Круузимяги, такое наказание оправдано, так как Куир сожалел о злодеянии и просил у волонтеров помощи в решении своих проблем.
Публикуем комментарий прокурора:
«При помощи собранных доказательств в рамках предварительного расследования было установлено, что Куир один раз ударил женщину по лицу, и смерть женщины наступила примерно через два дня.
Доказательства подтверждают, что женщина общалась с Киуром сразу же после удара и в течение двух последующих дней.
На следующий день женщина вышла из квартиры, ходила по делам, и по показаниям Киура, он не понял, что у супруги могла возникнуть проблема со здоровьем, которая могла бы быть опасной и потребовала бы медицинской помощи.
Оценивая всю ситуацию, эти обстоятельства имели место быть, так как, будучи злоупотребляющим алкоголем человеком, у женщины во время повседневной ходьбы также наблюдались нарушения координации движений.
Также после удара у жертвы не было крови, и она не жаловалась на что-либо необычное.
Следовательно, мы не опознали в злодеянии желания убить жертву, доказательства также не указывали на желание причинить жертве опасную для жизни травму.
У Киура нет действующих уголовных наказаний.
Он признался, что ударил жертву и жалеет о своем поступке, он также сказал, что не осознал, что необходимо было вызвать скорую помощь.
Он искал помощи у волонтеров в преодолении проблем с алкоголем. Он также ходит на работу.
Приняв во внимание все эти обстоятельства, и прежде всего конкретное происшествие и поведение мужчины до этого, прокурор приговорил Киура к двум годам лишения свободы, но наказание не будет осуществлено, если в течение большего периода времени, то есть в течение испытательного срока длиной в три года и три месяца, он не совершит нового злодеяния.
Испытательный срок — это период, в течение которого человек должен доказать, что в дальнейшем поступает законопослушно, что и является целью наказания.
С таким решением были согласны все стороны, в том числе и мать жертвы, которая в ходе дачи показаний также говорила, что не верит, что Киур хотел добиться смерти жены».
День в движении: в аварии в центре Таллинна участвовало три автомобиля
Вчера утром в центре Таллинна произошла авария при участии трех автомобилей, один из которых стоят на обочине.
В 9:53 на перекрестке улиц Пронкси и Гонсиори в Таллинне произошла авария, при которой, по первоначальным данным, 38-летний водитель Audi R8 врезался в Audi Q7, которой управляла 44-летняя женщина.
В результате столкновения, Audi R8 столкнулась с припаркованным Ford Tourneo.
Водитель Q7 был доставлен в Восточно-Таллиннскую центральную больницу.
Точные обстоятельства аварии выясняются.
В 15.20, 48-летняя женщина за рулем Mercedes-Benz в Выру наехала на переходящего возле дома по адресу ул. Юри, 46 75-летнюю женщину.
Водитель автомобиля доставила пешехода в больницу Выру для осмотра.
За последние сутки был пойман один водитель с признаками наркотического опьянения и один водитель с признаками алкогольного опьянения.
В зоне администрации Южной префектуры был угнан серый Volvo V40 2004 года с регистрационным номером 789BSN.
Юло Калм: на выборах обещали новую больницу.
Деньги придут из Брюсселя, а откуда придут работники и аппаратура?
Как может мэр, отца которого зовут Юло, а мать Лидия, справиться с управлением мультикультурного города?
И грустно и смешно смотреть на то, как Сависаар думает, что доверие вечно, и вновь решил выдвинуть кандидатуру на пост депутата.
Звезда погасла.
То, что доверие намного важнее языка и национальности, показывает результат выборов в Нарве.
Врачам приходится ради доверия бороться с недо-докторами, которые вместо фактов предлагают лишь мнения.
Вдобавок к этому, на страницах газет объявились и такие личности, которые вообще не доверяют больницам.
Как раз читал негодования одной такой личности о его пребывании в PERH.
Ало Раун: поздравляем, Закон о сожительстве поддерживает 55%!
55% - по данным последних опросов, Закон о сожительстве поддерживает абсолютное большинство эстонских граждан в возрасте от 18 лет, у которых имеется мнение по этому вопросу.
То есть те люди, которые могут голосовать на выборах в Рийгикогу и участвовать на референдумах.
Это выяснилось из результатов проведенного Norstat и заказанного SA Liberaalne Kodanik опроса в сентябре и октябре.
По результатам опроса, эта тенденция сохраняется уже достаточно долгое время.
То есть, если мы говорим о том, что "хочет народ", то уже некорректно говорить о том, что мы/они против Закона о сожительстве.
В Ботсване обнаружен новый «по-настоящему ужасный» штамм коронавируса B.1.1.529
В Ботсване обнаружен новый, имеющий 32 мутации шиповидного белка, штамм коронавируса B.1.1.529, и еще неизвестно, смогут ли имеющиеся в организме человека антитела эффективно на него реагировать.
На данный момент в результате секвенирования было зарегистрирована всего лишь горстка заражений этим штаммом — три в Ботсване, шесть в Южной Африке и один случай в Гонконге.
Поэтому ученые надеются, что новый штамм коронавируса не получит широкого распространения, пишет Sky News.
Вирусолог Имперского колледжа Лондона Том Пикок назвал комбинацию большого количество мутаций у нового штамма «по-настоящему ужасной»:
Шиповидные белки — это те белки, которые вирусы используют для проникновения в клетки человека, и принцип работы большинства вакцин заключается именно в том, чтобы научить человеческий организм их распознавать и нейтрализовать.
По этой причине мутации шиповидных белков могут оказаться проблемой для вакцин на основе мРНК.
Профессор Университетского колледжа в Лондоне Франсуа Баллу сказал, что необходимо тщательно следить за новым штаммом вируса и анализировать его распространение.
«Но у нас нет причин для излишней паники, за исключение случая, если в ближайшем будущем частота его распространения увеличится», — сказал он.
Профессор добавил, что наличие у B.1.1.529 большого количества мутаций может быть обосновано тем, что «они развились во время хронических заболеваний человека с иммунодефицитом, например, у пациента, не получившего должного лечения при ВИЧ и спиде».
Первые случаи заражения этим штаммом были обнаружены 11 ноября в Ботсване и три дня позднее в Южной Африке.
В Гонконге был обнаружен 36-летний мужчина, который до полета из Гонконга в Южную Африку, где он пробыл в период с 22 октября по 11 ноября, сдал негативный PCR-тест.
Вернувшись в Гонконг, он снова сделал тест, который оказался негативным, но взятая 13 ноября проба показала уже положительный результат.
The Guardian пишет, что некоторые вирусологи Южной Африки уже обеспокоены сложившийся ситуацией, особенно в свете недавнего увеличения роста случаев заражения в Гаутенге, где уже были выявлены случаи заражения B.1.1.529.
Профессор клинической микробиологии Кембриджского института рассказал изданию, что в его лаборатории было обнаружено, что две мутации B.1.1.529 увеличили риск заражения вирусом и уменьшили узнаваемость вируса в отношении антител.
Европейская комиссия: справки о вакцинации для путешественников должны действовать девять месяц, в случае получения бустерной дозы — бессрочно
Недавно Европейская комиссия внесла для государств-членов предложение установить сроки действия справок о вакцинации для людей, путешествующих в пределах Европейского союза.
Согласно предложению, справка о вакцинации, выдаваемая после прохождения первого курса вакцинации, стандартно должна действовать девять месяцев.
Это означает, что при проверке путешественников государства-члены должны признавать справку о вакцинации, подтверждающую, что после введения последней дозы первого курса вакцинации прошло не более девяти месяцев.
Что касается бустерных доз, то согласно внесенному комиссией предложению, в отношении справки о вакцинации, выданной после получения бустерной дозы, не должен применяться девятимесячный срок действия справки.
Это означает, что по крайней мере поначалу выданные после получения бустерной дозы справки должны действовать бессрочно.
«Вероятно, что после введения бустерной дозы защита действует дольше, чем после вакцинации во время первого курса, для проверки этого факта комиссия тщательно следит за появлением новых научных исследований по этому вопросу.
На основании этого в дальнейшем комиссия сможет внести предложение по установлению срока действия справки о вакцинации, выданной после получения бустерной дозы», — отметила комиссия.
Для того, чтобы дать достаточно много времени для адаптации к новому порядку, комиссия желает внести предложение внедрить новые изменения с 10 января 2022 года.
На сегодняшней пресс-конференции уполномоченный по вопросам юстиции комиссии Дидье Рейндерс отметил, что акцептироваться будут только одобренные Европейским агентством лекарственных средств вакцины, следовательно, не будут приниматься, например, те, выданные в Венгрии справки, обладатели которых получили их после вакцинации российским «Спутником» или китайскими вакцинами.
На сегодняшний момент в Европейском союзе выдано более 650 миллионов справок о вакцинации.
Комиссия также считает, что в отношении людей, у которых есть действующая цифровая COVID-справка ЕС, как правило, не должны действовать требования тестирования, карантина и других дополнительных ограничений, невзирая на то, с какого региона Европейского союза они прибывают.
Людям, у которых нет цифровых COVID-справка ЕС, можно разрешить путешествовать на основании теста, сделанного до или после прибытия в страну.
Система светофора ЕС будет обновлена следующим образом: показатели новых случаев заражения будут рассматриваться при учете уровня вакцинирования в регионе.
Ограничения не должны применяться в отношении людей, прибывших из регионов с зеленым уровнем.
Путешественникам, прибывших из темно-красных зон, напротив, учитывая высокий риск заражения, следует посоветовать воздержаться от путешествий как в один, так и во второй конец, и требовать тестирования или прохождения карантина всем путешественникам, кто не вакцинирован или не переболел.
Исключения из правил должны действовать в отношении маятниковых мигрантов, детей, не достигших 12 лет, и людей, имеющих неизбежную потребность в путешествии.
Однако, по оценке комиссии, список людей, имеющих неизбежную потребность в путешествии, необходимо ограничить, так как у многих из ныне внесенных в список путешественников уже была возможность вакцинироваться.
﻿Китайское предприятие: Рийгикогу принял дискриминирующий и вредящий конкуренции закон
Китайское технологическое предприятие Huawei не скрывает, что ему не нравится принятый вчера Рийгикогу закон об электронной связи, поскольку он якобы дает исполнительной власти возможность дискриминировать предприятия исходя только лишь из того, в каком государстве находится их главный офис.
«На основании закона можно предположить, что получение права на пользование аппаратным и программным обеспечением производителя из государства, не входящего в состав Европейского союза, НАТО или ОЭСР, может оказаться гораздо более сложным, нежели в случае того производителя, главный офис которого находится в государстве-члене вышеуказанных организаций», – сказал руководитель эстонского филиала Huawei Technologies Бен Чанг Бин.
Согласно заявлению Huawei, предполагаемая привязка производителя используемого в сети связи аппаратного и программного обеспечения к конкретному государству не обоснована, поскольку все крупные предприятия ведут деятельность на международном уровне, и их цепи поставок похожи друг на друга.
По мнению предприятия, технологическую безопасность можно обеспечить также «с помощью прозрачных и пропорциональных мер, избежав необоснованной дискриминации участников рынка и не вредя конкуренции».
Согласно новой версии закона об электронной связи, строительного кодекса и закона о государственной пошлине, правительство имеет право в целях обеспечения государственной безопасности обязать предприятие связи ходатайствовать о выдаче разрешения на пользование аппаратным и программным обеспечением сети связи.
Процедура выдачи разрешения осуществляется тоже через органы обеспечения безопасности.
Список случаев, в которых в отношении аппаратного и программного обеспечения действует запрет, настолько велик, что, по всей видимости, во всем мире не найдется государства или производителя, который смог бы отвечать установленным Эстонией требованиям.
Достаточно, например, того, что предприятие испытывает трудности с поставкой, из его материнского государства организована кибератака или некоторые продукты уязвимы с точки зрения безопасности.
Местоположение или главный офис производителя находится в государстве, не являющемся государством-членом Европейского союза, НАТО и ОЭСР.
В государстве местоположения производителя не соблюдаются принципы демократического правового государства или не уважаются права человека.
В государстве местоположения производителя не защищается прочая интеллектуальная собственность живущих в этом государстве лиц, личные данные или коммерческая тайна.
Государство местоположения производителя ведет себя агрессивно в киберпространстве.
Государства-члены ЕС, НАТО или ОЭСР приписали кибератаки государству местоположения производителя.
Производитель без независимого судебного контроля подчиняется правительству или государственному органу его государства местоположения или другого иностранного государства.
Государство местоположения производителя или другое иностранное государство может обязать его действовать таким образом, что его действия будут угрожать государственной безопасности Эстонии.
Хозяйственная деятельность производителя основывается не на рыночной конкуренции, или в государстве местоположения производителя не обеспечены достаточные для нее условия.
Структура собственности, организационная структура или структура управления производителя не прозрачна.
Финансирование производителя не прозрачно.
Продукты или услуги производителя уязвимы с точки зрения безопасности, и не приняты достаточные меры безопасности для их устранения.
Производитель не может обеспечивать постоянную поставку продуктов или услуг, не считая тех случаев, когда причиной этого является форс-мажор.
После принятия решения Рийгикогу Эстония, наконец, может объявить телекоммуникационным предприятиям об аукционе на частоты 5G.
Среди государств-членов Европейского союза Эстония находится на последнем месте по части освоения 5G.
﻿О высказываниях Михкеля Рауда по поводу коронавируса в социальных медиа: это как 15 минут славы, когда легко выклянчить сочувствие окружающих
«Жизнь – это то, что происходит с тобой, пока ты строишь другие планы», – сказал когда-то один умный человек.
Это был Джон Леннон.
Однако мы норовим приписывать гениальные цитаты тем людям, которые нам больше всех нравятся, поэтому не исключено, что эти мудрые слова произнес не Леннон, а кто-то другой.
Но суть предложения от этого, разумеется, не особо меняется.
У меня были замечательные планы.
Я должен был выступить с Singer Vinger в Синди, затем вернуться на автобусе в Таллинн и на следующий день участвовать в финальной передаче «Эстония ищет суперзвезду» – точно так же, как я выступал, ездил и принимал участие множество раз, многие годы.
Но жизнь обошла мои планы.
«Я не очень хорошо себя чувствую. Может, поедем сразу в город?», – пытался я уговорить товарищей из Singer Vinger не делать очередную остановку в лесу.
До этого мы сделали уже три остановки.
Автобус свернул к лесу. Мужчины курили на свежем воздухе, а я чувствовал, как с каждой секундой у меня поднимается температура.
Если вы думаете, что вы наткнулись на очередное причитание о COVID, вы правы лишь наполовину.
Perearst hoiatab: gripp on liikvel! Семейный врач предупреждает: распространяется грипп!
Речь идет о тяжелом заболевании, это не всего-лишь кашель и насморк.
Как защитить себя?
Много говорят о коронавирусе, профилактике и лечении.
Наряду с этим забывают, что в осенне-зимний период циркулирует множество различных вирусов дыхательных путей, а в Эстонию уже успел пробраться грипп, сказала руководитель и семейный врач центра семейных врачей Лаагри Трийну-Мари Отс
Начался типичных эстонский осенне-зимний период кашля, боли в горле и насморка, который в первую очередь вызван острыми вирусными инфекциями верхних дыхательных путей.
"Самыми распространенными возбудителями болезней являются RS-вирус, аденовирус и парагрипп.
Общим названием этих вирусных инфекций является острые респираторные вирусные инфекции, и в этом случае лечение нацелено на симптомы, например, кашель, боль в горле, насморк или головная боль," сказала Трийну-Мари Отс.
Исключением является вирус гриппа, протекание которого является очень специфичным, и которое можно распознать уже в первые дни заболевания.
"В этом случае берется анализ, чтобы получить лабораторное подтверждение наличия гриппа," сказала семейный врач.
Это важно как для назначения лечения, так и предотвращения вспышек заболевания на рабочем месте, на тренировках или в школе.
"ПОЛУЛУНИЕ": Какие книги следует прочитать в течение осеннего кризиса коронавируса
Приводит ли больше времени дома к более высокому уровню чтения?!
RСложно сказать, ведь количество в конце концов не так уж и важно.
Что можно найти в наших книжных магазинах?
В рейтингах властвуют биографии и книги рецептов, но к счастью найдется и другое.
Журналист Андрес Райд и юрист и богослужитель Игорь Грязин говорят о книгах вокруг нас.
Непонятный зеленый переворот или просто идиотство в квадрате: с обочин государственных дорог пропадают туалеты и мусорные баки
Очередной пример корявых сбережений из Департамента транспорта, который прямо противоположен идеям экологичности.
Поскольку Департамент транспорта должен в следующем году урезать расходы на 3,5 миллионов евро, то возможность для этого была найдена в том, чтобы убрать с парковок мусорные баки и туалеты.
Решение было принято, так как при сокращении расходов засчет этого дорожная безопасность страдает меньше всего, пояснил директор службы управления инфраструктурой Райдо Рандмаа для ERR.
Принадлежащие Департаменту транспорта туалеты находятся на 61 парковке Эстонии, мусорные баки на 63.
На содержание туалетов Департамент транспорта тратит 472 000 евро в год, на содержание мусорных баков 267 000 евро.
По словам Рандмаа, в Департаменте транспорта решение уже принято, но поскольку бюджет следующего года еще не подтвержден, то подписью под решением еще нет.
"Ну, Господи, будучи бывшим директором Circle K и теперь работая руководителем Ragn-Sells, я не могу молчать," - пояснил в социальной сети руководитель Кай Реало.
"Когда Circle K желал построить на эстонских дорогах заправки, в которых есть как мусорные баки, так и туалеты, то самой большой проблемой было нахождение подходящих локаций. Тогдашний Департамент шоссейных дорог выделил нам какие-то съезды, так как "Эстония такая маленькая, что любой может объехать разом всю страну, и никому не надо ни на запраку, ни поесть, ни в туалет."
Реало добавил, что тогда такому отношению было не найти слов, так теперь вообще хоть в обморок моно упасть: "Можете ли Вы представить себе "страну писающих мужчин" и горы мусора на обочине?"
"Открытость" Эстонии злоупотребляется латиноамериканскими проститутками и нелегалами
"Открытость" сделала Эстонию центром притяжения и представителям подполья.
BNS пишет: Полиция выслала в среду из страны работающую проституткой женщину из Бразилии.
По данным Северной префектуры Департамента полиции и погранохраны, в среду 24 ноября, было досрочно приостановлено безвизовое пребывание 29-летней гражданки Бразилии в Эстонии, так как она оказывала сексуальные услуги в Таллинне за деньги.
Женщине было составлено предписание для выезда из Эстонии, а также был выдан запрет на въезд в Шенгенскую зону на год.
Это происходит не впервые.
Полиция выслала в этом июле из страны гражданку Колумбии, которая работала в Эстонии проституткой.
Северная префектура завела дело по отношению к гражданке Колумбии, которая прибыла в Эстонию с целью оказания интимных услуг.
Женщине было сделано предписание о выезде из страны и выписан запрет на въезд в Шенгенскую зону на три года.
В декабре 2019 года портал Uued Uudised написал: "Полиция выслала из страны работавшего в Таллинне проститутом гражданина Бразилии.
В четверг работник Северной службы погранохраны и надзора за миграцией провел дело о нелегальном мигранте по отношению к гражданину Бразилии 1998 года рождения, передает Северная префектура.
Мужчина не пожелал сотрудничать с полицейскими, а также предлагал в Таллинне сексуальные услуги за деньги.
Цель путешествия мужчины не соответствовала реальной цели прибытия в Эстонию.
Полиция досрочно приостановила безвизовое пребывание мужчины в Эстонии, ему было выдано предписание покинуть Эстонию, и назначен запрет на въезд на три года."
Латиноамериканцы находили и другие занятия по прибытию в Эстонию.
Этим августом Delfi Ärileht написал: "Вечером 4 августа в Таллинне была проверена Toyota Yaris 1993 года эстонским регистрационным номером, которой управляла гражданка Бразилии 1993 года рождения.
Она оказалась курьером без разрешения на работу, она будет депортирована.
В автомобиле был мешок курьерской службы, на телефоне женщины было видно, что она приняла заказ менее 10 минут назад.
Кратковременная работа зарегистрирована в РРА не была.
Виза женщины была приостановлена, и ее безвизовое пребывание в Эстонии было сокращено.
Женщине выдали предписание покинуть Эстонию в течение 15 дней и назначили запрет на въезд на три месяца."
27 погибших в проливе Ла-Манш иммигрантов были сразу брошены в мельницу пропаганды
Гибель 27 мигрантов в проливе Ла-Манш осенью безусловно является страшной трагедией, но либеральный Запад сразу использовал это для своей пропаганды, в большинстве своем, чтобы скрыть свое бездействие.
Самый лицемерный шаг сделала Франция, когда президент Эммануэль Макрон предостерег в четверг британского премьер-министра Бориса Джонсона, чтобы тот не использовал миграционный кризис для политической выгоды, ссылаясь на крушение лодки в Ла-Манше, которое унесло жизни 27 человек.
До этого, президент Франции Эммануэль Макрон и премьер-министр Великобритании Борис Джонсон договорились в среду по телефону о том, чтобы активнее работать против смертельных пересечений пролива.
"Оба лидера ясно высказали, что сегодняшняя трагедия служит напоминанием, что следует рассмотреть все варианты борьбы против незаконных пересечений пролива, и сломать бизнес-модель преступных группировок по торговле людьми," - сказал пресс-секретарь британского правительства.
Великобритания является страной назначения, и Франция является транзитной страной, которую они беспрепятственно проходят и где они живут в палаточных лагерях, в ожидании торговцев людьми - у Парижа есть все предпосылки, что предотвратить использование страны в качестве стартовой платформы, не говоря уже о том, чтобы перекрыть Ла-Манш для мигрантов.
Британцы их не хотят, французы тоже - что мешает перекрыть поток мигрантов?
В связи с гибелью как минимум 27 человек в лодке с мигрантами в проливе Ла-Манш в среду было задержано пять человек, сообщил министр внутренних дел Франции Жеральд Дарманен.
По подтверждению прокурора города Лилль, возле северного берега Франции в лодке погибло в среду 17 мужчин, семь женщин и три ребенка.
Четыре человека по подозрению в торговле людьми уже задержан, пояснил Дарманен.
Французские власти не скупились на слова для выражения разочарования, хотя торговцы людьми не могут действовать без поддержки государства - и эта поддержка выражается в том, что миграционный путь до сих пор открыт (которые может легко быть закрыт), а так же создание подходящих условий для торговли людьми через разрешение массовой миграции путем государственной политики.
Президент Эммануэль Макрон заявил в среду вечером, что не даст Ла-Маншу стать "кладбищем" и пообещал, что власти найдут тех, кто в ответе за эту трагедию.
Французские прокуроры завели дело об убийстве.
Президент сам себя виновным не считает, хотя именно во время его пребывания на посту Францию затопило мигрантами.
Министр внутренних дел Франции призвал к "жесткой международной реакции".
н сказал, что было задержано четыре человека, которые подозреваются в содействии случившемуся.
"Преступный характер торговцев людьми, которые организуют пересечение пролива, невозможно осудить достаточно," - добавил он.
"Катастрофа в проливе является настоящей трагедией," - написал в Твиттере премьер-министр Жан Кастекс.
"Мои мысли с погибшими и пострадавшими, кто стал жертвами торговцев люльми, криминалов, которые злоупотребляют их горем и положением."
Непонятные высказывания французских властей не помогут предотвратить торговлю людьми и смерти в море.
﻿Среди автомобилей с наиболее сильно скрученным пробегом лидируют немецкие элитные марки
Скручивание пробега является одной из наиболее распространенных схем мошенничества на рынке подержанных автомобилей.
Оно позволяет с помощью нечестных приемов повысить цену подержанного транспортного средства. Истинная стоимость автомобиля при этом скрывается.
По результатам недавно проведенного компанией carVertical исследования выяснилось, что покупатели немецких элитных марок больше всех рискуют приобрести автомобиль с измененным показанием одометра.
Первая десятка моделей, в случае которых пробег скручивается чаще всего: Первое место занимает BMW M5.
Для выяснения списка автомобилей, в случае которых пробег скручивается чаще всего, ИТ-компания carVertical проанализировала историю более чем 700 000 автомобилей, изучив отчеты, которые были составлены в период с ноября 2020 по ноябрь 2021 года.
Было изучено 18 разных рынков, в том числе Польша, Румыния, Венгрия, Франция, Словения, Словакия, Чехия, Литва, Латвия, Эстония, Украина, Болгария, Сербия, Германия, Хорватия, Россия, Соединенные штаты Америки и Италия.
Данные о пробеге показывают, что чаще всего показание одометра подвергалось изменению в автомобилях BMW M5. Более трети подержанных автомобилей были связаны с вероятным мошенничеством.
Этот отдельный статистический показатель не отражает масштаба проблемы скручивания показания одометра в BMW. Как недавно отметил эксперт по автомобилям CarVertical Матас Бузелис, во всем списке доминируют разные модели BMW:
«Половина первой десятки приходится на автомобили этого производителя.
Показатель коррелирует со спросом на подержанные автомобили BMW на разных рынках.
Также из данных следует, что в случае более дорогих автомобилей вероятность скручивания пробега выше, и этот факт следует учитывать при поиске подержанного транспортного средства.
Здесь проверка пробега автомобиля тоже будет кстати».
Второе и третье места в рейтинге автомобилей со скрученным пробегом занимают BMW 7-й серии и Subaru Outback – 33,4 % и 31,8 % соответственно.
Audi A8 занял пятое место среди автомобилей с мошеннически скрученным пробегом, а его более спортивный «брат» A7 – десятое место. При этом результаты исследования показали, что в случае чуть более чем четверти (25,8 %) таких транспортных средств пробег был скручен искусственно.
Матас Бузелис поясняет, что тот факт, что в списке транспортных средств с измененным показанием одометра содержится больше транспортных средств более высокого класса, обусловлен, прежде всего, большей комиссией, которая может быть получена при продаже таких подержанных автомобилей.
Скручивание показания одометра является относительно дешевым и простым приемом, позволяющим нечестным продавцам автомобилей зарабатывать дополнительные деньги.
Более длинный список – состоящий из 20 автомобилей, в случае которых пробег скручивается чаще всего – вы найдете в полной версии исследования.
Модели автомобилей, в случае которых пробег скручивается чаще всего, по году производства: в случае более старых автомобилей вероятность мошенничества выше
Исследования показывают, что при покупке подержанного автомобиля важно проверять пробег автомобиля, особенно в том случае, если речь идет об относительно старом транспортном средстве.
Самые популярные модели с измененным показанием одометра были произведены в 2006–2016-м годах.
Но эксперт по автомобилям Матас Бузелис подчеркивает, что прослеживается связь между вероятностью мошенничества и ценовым классом автомобиля:
«Список автомобилей, в случае которых пробег скручивается чаще всего, состоит преимущественно из транспортных средств элитного класса, хотя содержит и модели народных автомобилей, однако их доля от общего числа автомобилей с измененным пробегом меньше.
Автомобили Subaru, Ford и Volkswagen относятся к той же возрастной группе, что и транспортные средства более высокого класса.
Похоже, что чаще всего пробег скручивается в случае автомобилей возрастом от 5 до 15 лет.
Сельскохозяйственная палата: производство нельзя приносить в жертву зеленому перевороту
Сельскохозяйственная торговая палата считает, что во имя нейтральной для климата экономики должны работать как предприниматели, так и потребители и само государство, но, в то же время, нельзя пытаться достичь цели зеленого переворота путем снижения уровня местного производства и количества животных.
Изменения, связанные с зеленым переворотом, должны быть финансово реализуемы для предпринимателей, для достижения чего следует потрудиться как предпринимателям, так и потребителям и государству.
Сельскохозяйственная палата считает важным, что перед принятием решений должно быть понимание о том, как климатический пакет и стратегия зеленого переворота ЕС повлияет на эстонское сельское хозяйство и пищевую промышленность.
Для получения обзора реального влияния сельского хозяйства Эстонии на окружающую среду, следует провести целостный анализ на основе местонахождения и вида использования земли.
Также, цели зеленого переворота нельзя достигать путем снижения уровня местного производства и количества животных.
Сельскохозяйственная торговая палата поддерживает стремление ЕС достичь климатическую нейтральность к 2050 году, хоть это и будет серьезным вызовом для нашего сельского хозяйства, пищевой промышленности, лесоводства и землеустройства.
Каждый вызов является еще и возможностью, которую следует уметь использовать - так считает Сельскохозяйственная торговая палата в отправленном в Министерство окружающей среды мнении по поводу климатического пакета "Цель 55" Европейской комиссии, пишет BNS.
Сельскохозяйственная торговая палата, которая в прошлом году вместе со своим руководителем Роометом Сырмусом была инициатором приглашения украинцев на работу, старается угодить как зеленому перевороту, так и фермерам, хотя желания фермеров и климатических истериков крайне различаются.
Всевозможные идеологические объединения и группы, например защитники по правам животных, защитники природы, веганы и другие группы, чья деятельность направлена на ограничение или запрет содержания животных, также делают будущее фермеров достаточно неоднозначным.
﻿Миграционная нагрузка усиливается: жалуются и финские предприниматели в Эстонии, грядет повышение налогов
Трагикомично, что рупором иммиграционных программ Партии реформ сделали финнов, которые жалуются, что в Эстонии не хватает рабочей силы, в то время как эстонцы работают у северных соседей — так почему бы им не вернуть эстонцев домой, на местные финские предприятия?
СМИ же ежедневно трубят о нехватке рабочей силы — очевидно, новая пропагандистская кампания, чтобы подготовить людей к прибытию мигрантов.
Как пишет BNS: На прошедшей во вторник встрече Финско-Эстонской торговой палаты зарегистрированные в Эстонии зарубежные компании указали в качестве крупнейшего недостатка эстонской экономики нехватку рабочей силы.
«Эстонские и финские компании сталкиваются с общей проблемой, когда в стране со стареющим населением всё отчетливее ощущается нехватка квалифицированной рабочей силы», — заявил в пресс-релизе участвовавший во встрече министр предпринимательства и инфотехнологий Андрес Сутт.
«Вместе с тем на обоих берегах мы видим, что в краткосрочной перспективе привлечение разделяющей наши ценности квалифицированной рабочей силы из-за рубежа и обеспечение соблюдения налогового законодательства являются единственным решением кризиса нехватки квалифицированных работников», — добавил он.
Андрес Сутт мог бы пристальнее взглянуть на Финляндию — они решают проблемы с рабочей силой с помощью «квалифицированных работников» из Сомали и других мавров — а также сказать, видит ли в них спасение и Партия реформ.
Министр не хочет поднимать и вопрос о том, что за словами «Эстонские и финские компании сталкиваются с общей проблемой» стоят и эстонцы, эмигрировавшие из страны в период прошлого правления беличьей партии.
Эту тему красноречиво описывает угроза: «По данным Министерства экономики и коммуникаций (MKM), через пять лет в Эстонии будет примерно на 31 000 меньше людей трудоспособного возраста, и альтернативой увеличению базы доходов может быть повышение налогов».
То есть пугают, что если мы не согласны терпеть чужаков, то повысят налоги и не будет пенсий.
Однако они «забывают», что иностранная рабочая сила обваливает эстонские зарплаты.
Одно время такие угрозы утихли, но всего несколько лет назад писали о том, как в 2040 году в строительстве, сельском хозяйстве и других отраслях якобы будет не хватать десятков тысяч рабочих — как будто за 20 лет не произошло никакого технологического развития и в вышеупомянутом году все работы тоже надо будет делать вручную.
Пауль Оя: мрачные представления о будущем Тома Клэнси повествовали и о пандемии
В начале 1960 годов, советская научно-фантастическая литература потихоньку стала освобождаться от оков попыток избегать различные технические мелочи.
С одной стороны, начали строить яркие представления о счастливом будущем человечества при коммунизме ("Туманность Андромеда" Ивана Ефремова, 1957 год; "Полдень" Аркадия и Бориса Стругацких, 1962 год), с другой стороны осуждали западную фантастику о войне, терроризме и пандемиях, созданную в условиях загнивающего капитализма.
Все чаще заявляли: "В 2000 году...!"
Чего только не случится и чего только не произойдет... Как мы знаем, советский коммунизм канул в лету вместе со всеми светлыми представлениями о будущем еще до этой даты.
Внимательные западные писатели предлагают с помощью своих произведений много пищи для размышления.
Том Клэнси, умелый и плодотворный писатель, специализирующийся на техно-триллерах, внимательно следил за развитиями событий в мире.
В 1975 году, советский ракетоноситель пытался сбежать из порта Риги в Швецию, но он был остановлен за 50 миль до шведских территориальных вод.
В 1984 году был опубликован ставший всемирным бестселлером роман «Охота за „Красным Октябрём“» (The Hunt of Red October), в основу которого легли именно эти события.
«Игры патриотов» (Patriot Games, 1987) повествует о террористической деятельности Ирландской республиканской армии.
«Кремлёвский кардинал» (The Cardinal of the Kremlin, 1988) освещает гонку вооружения в космосе между СССР и США На фоне новых защитных инициатив Рейгана; второстепенной сюжетной линией является безнадежно провалившиеся война в Афганистане.
«Прямая и явная угроза» (Clear and Present Danger, 1989) описывает войну против наркобаронов в Колумбийских лесах, а так же в кабинетах Вашингтона, "Все страхи мира»(The Sum of All Fears, 1991) изучает что произойдет, если террористы на Ближнем Востоке получили бы в свое владение ядерное оружие.
Потихоньку стала меняться связь между материалом описанным Томом Клэнси и реальностью.
Внимательная слежка за развитиями событий в мире помогла ему предсказать некоторые ключевые события истории - к сожалению, в качестве мрачных сценариев, которые склонны становиться реальностью.
В конце романа "Долг чести" ("Debt of Honor"), террорист врезается на самолете в Белый дом, именно тогда, когда там происходит прием Конгресса при участии президента.
Роман был опубликован в 1994 году; все мы знаем, что произошло 9 сентября 2001 года.
Не все страшные видения Клэнси воплотились в жизнь.
Описанная в романе «Медведь и дракон» ("The Bear and the Dragon"), опубликованном в 2000 году, война между Китаем и Россией не произошла.
Еще примеры?
Несмотря на высказывания Фрэнсиса Фукуямы и пророка Прискиллы во времена перестройки, история не подошла к концу.
В романе «Слово президента» (1996), США подвергается атаке бактериальным оружием - попытка разрушить государство путем эпидемии.
Благодаря вакцинации всего населения, эпидемия быстро утихает.
В романе разработать вакцину оказывается намного проще, чем в действительности.
В романе «Радуга шесть» (1998), опасность намного серьезнее.
Ученый мирового уровня и руководитель одного из крупнейших фармацевтических концернов в мире окружил себя группой единомышленников-фанатиков, которые поставили перед собой цель уничтожить большинство населения мира путем пандемии, чтобы спасти планету от разрушительного действия человека.
На основе эболы будет разработан гарантирующий смерть носителя вирус.
В то же время, будет разработано две вакцины.
Вакцина А дает защиту против вируса.
Ее дадут единомышленникам и в целом нужным и внушающим доверие людям перед началом распространения вируса.
Вакцина Б разработана для того, чтобы выпустить ее на рынке после начала пандемии.
Она вроде как дает какую-то защиту, но вообще она разработана для того, чтобы распространить вирус еще лучше для достижения первоначальных целей.
Вирус планируется распространить через систему увлажнения на Олимпийских играх в жаркой Австралии.
Смелые борцы с терроризмом из группы Rainbow в последний момент останавливают план при поддержке офицера КГБ, человечество спасается от смертельной болезни, и жизнь продолжается как прежде.
Три очень хороших телевизора от Sony, которые можно купить по хорошей цене в рамках Черной пятницы
Телевизоры Sony предназначены не только для просмотра телеканалов; с помощью различных дополнительных приложений, их можно использовать для множества других развлечений, начиная от YouTube и Netflix, заканчивая спортом, играми и даже социальными сетями, ведь телевизоры работают на системе Google TV.
В рамках Черной пятницы эти очень хорошие телевизоры можно получить еще выгоднее.
Скидки достигают тысячи евро.
Здесь предоставлены три хороших предложения, из числа которых обязательно найдется что-то по душе.
Все уцененные в рамках Черной пятницы телевизоры можно найти на странице кампании Sony Center.
Dolby Vision и Dolby Atmos превращают эту модель в идеальныый телевизор для вечернего просмотра кино.
Качество звука и изображения близки к кинотеатру, а резолюция 4K и HDR придают изображению контраст.
4K X-Reality PRO необходимо и в том случае, если Вы смотрите телепередачи или видео, которые не соответствуют качеству 4К.
Технология коррекции изображения Sony исправляет качество изображения, чтобы оно было ближе к 4К.
С помощью поддержки Apple AirPlay, Apple Homekit и Chromecast, телевизор можно подключить к другим домашним устройства безо всяких проводов, передевая информацию через сеть.
Эту модель можно приобрести со скидкой 150 евро, то есть на 19% дешевле.
Шаг на пути к экологичности: SEAT связал свои заводы в Испании и Португалии железной дорогой для понижения выбросов СО2
Испанский производитель автомобилей SEAT поставил цель стать углеродно-нейтральным предприятием к 2050 году.
Для этого, SEAT запустил экологическую программу "Move to Zero", для понижения выборосов СО2 в рамках полного жизненного цикла товаров, услуг и решений мобильности.
Теперь SEAT планирует сделать следующий шаг в рамках программы "Move to Zero" и открыть железнодорожное сообщение, связывающее завод в Марторелли (Испания) с заводом Volkswagen Autoeuropa в Пальмела (Португалия).
До этого, произведенные в Марторелли автомобили доставляли поездом в Салобрал (Мадрид), откуда дальше они двигались на грузовиках в различные представительства.
После открытия новой линии, автомобили бдут доставлены напрямю в завод Пальмела, откуда их на грузовиках доставят в сортировочное депо Азамбужа на расстоянии 75 километров.
На данный момент, услуга будет работать два раза в неделю и будет перевозить более 20 000 автомобилей в год.
Благодаря этому можно будет избежать 2400 поездок на грузовике в год и снизить выбросы СО2 аж на 43%.
Новое железнодорожное сообщение, которым управляет Pecovasa Renfe Mercancías, состоит из 16 вагонов.
Максимальная длина поезда - 500 метров, что позволяет перевозить до 184 автомобилей за раз.
В 2023 году будет введен в эксплуатацию состав из 18 вагонов, который может одновременно перевозить до 200 автомобилей.
К 2024 году по рельсам будут ходить гибридные локомотивы, которые позволяют использовать электрическую тягу на протяжении всей трассы.
Зеленый свет от Европейского агенства лекарственных средств: вакцина от коронавируса компании Pfizer подходит детям в возрасте от 5 до 11 лет
Европейское агенство лекарственных средств посоветовало в четверг расширить разрешение на эксплутацию вакцины Comirnaty на детей в возрасте от 5 до 11.
До этого вакцина была разрешена для лиц в возрасте от 12 и старше.
Доза вакцины от коронавируса Pfizer для детей от 5 до 11 лет в три раза меньше обычной дозы (10 микрограмм в отличие от 30 микрограмм)
Как и в более старшей возрастной группе, полный курс вакцины состоит из двух доз, полученных через три недели друг от друга.
Клинические исследования при участии 2000 детей показали, что дети от 5 до 11 лет получают такую же защиту от дозы в три раза меньше, как и более старшие люди при получении полной дозы.
Побочные явления были такие же как и более старшей возрастной группы, они были также легкие или умеренные и проходили в течение пары дней.
Поэтому, Европейское агенство лекарственных средств пришло к выводу, что польза вакцины превосходит сопутствующие риски для детей в возрасте от 5 до 11 лет.
Агенство посоветовало использование вакцины Европейской комиссии, которая вынесет окончательное решение об ее использовании.
Член государственной экспертной комиссии по иммунопрофилактике Марье Оона сказала ERR, что комиссия сделает соответствующее решение, скорее всего, на следующей неделе.
"Поскольку одобрение Европейского агенства лекарственных средств получено и мы знаем, что Американское Управление по санитарному надзору за качеством пищевых продуктов и медикаментов тоже одобрило это уже достаточное время назад.
Комитет по иммунизации США уже советует использование вакцины достаточно долгое время, и в США вакцинированы уже более трех миллионов детей, то я, по-настоящему, не вижу причины, по которой это разрешение не будет выдано
Но этот вопрос мы еще не обсуждали," - прокомментировала доктор Оона.
