Kiik vaktsineerimistõendi kehtivusest: üheksa kuud on mõistlik aeg
Vaktsineerimistõendi üheksakuuline kehtivusaeg, mille pakkus välja Euroopa Komisjon, on mõistlik, leiab tervise- ja tööminister Tanel Kiik.
Nüüd on vaja kokku leppida ka üle-euroopalise läbipõdemistõendi ühtses kehtivusajas, teatati ERR-i hommikustes uudistes.
Euroopa Komisjonis tekitas hämmingut asjaolu, et kogu Euroopas kehtib vaktsineerimistõend üheksa, Eestis aga 12 kuud.
Kiik selgitas, et keegi ei teadnud täpselt, kui kaua esimesed vaktsiinidoosid mõjuvad.
Mõni riik seadis piiriks 12 kuud, mõni jättis tähtaja määramata.
Minister on nõus, et tõendi üheksakuulisel kehtivusajal on palju pooltargumente, ja Eesti järgib tõenäoliselt teiste Euroopa riikide eeskuju.
Detsembris aegub enam kui pool miljonit vaktsineerimistõendit
Reisiplaane tegevad Eesti elanikud peaksid kontrollima oma koroonapasse ja neid vajaduse korral uuendama.
Riigi piires saab endiselt kasutada ka uuendamata tõendit.
Enne 21. oktoobrit 2021 Eestis loodud ELi vaktsineerimistõendi tehniline kehtivusaeg kestab kuus kuud pärast tõendi loomist.
See tähendab, et enne reisile minemist tuleb tõendi kehtivust kontrollida ja uuendada.
Riigi sees saab endiselt esitada ka uuendamata tõendeid (Eestis vaktsineerimise korral).
"Elektroonilise vaktsineerimistõendi loomine ei ole tehniliselt keeruline, kuid inimeste oskused on sellegipoolest erinevad.
Kolmanda laine ja küllaltki rangete piirangute tingimustes ei olnud mõistlik seda inimestelt nõuda, seepärast otsustasime, et tunnistatakse kõiki tõendeid nende tegeliku kehtivusaja lõpuni ehk ühe aasta jooksul alates vaktsineerimiskuuri lõpetamisest.
Kehtivusaja pikendamine võimaldab inimesel luua uue tõendi, näiteks pärast tõhustusdoosi saamist", rääkis Sotsiaalministeeriumi e-teenuste ja innovatsiooni asekantsler Kalle Killar.
Muus riigis vaktsineeritud inimeste tõendid kehtivad Eesti territooriumil pool aastat, st nad peavad oma tõendit enne riiki sisenemist uuendama.
Samuti on ministeeriumil kavas võtta ettevõtete jaoks kasutusele Eestis väljatöötatud programm tõendite kontrollimiseks, sest sarnased välismaised programmid tunnistavad tõendid kehtivaks vaid kuueks kuuks.
Torude puhastamine väävelhappega päädis Mustamäel päästjate kutsumisega
Tallinna Mustamäe linnaosa elanik eiras torupuhastusvahendi kasutamise juhendit ja ujutas ohtliku vahendiga üle oma vannitoa põranda.
Sõpruse puiesteel asuva maja elanik pöördus häirekeskusesse 24. novembri keskpäeval.
Tema sõnul läks vannitoa torude puhastamisel midagi valesti – vahend söövitas toru ja valgus põrandale.
Kohale saabunud päästjad said aru, et vahejuhtum toimus puhastusvahendi kasutusjuhendi eiramise tõttu: väävelhapet sisaldanud vahendile valati peale kuuma vett, mille tulemusel tekkis torusse auk.
Päästjad kõrvaldasid vahendi põrandalt spetsiaalse aine abil ning panid korteriomanikule südamele, et ta peseks põranda mitu korda üle ja tuulutaks ruumi korralikult.
Häirekeskusesse pöördus tallinlanna, kellel ei õnnestunud sõrmust sõrmest eemaldada
Neljapäeva päeval ruttasid päästjad appi naisele, kes ei suutnud sõrmust sõrmest kätte saada.
Päästeameti pressiteenistuse teatel oli naise sõrm päästjate saabumise ajaks üles paistetanud ja oli selge, et sõrmus tuleb viivitamata eemaldada.
Päästjad said ülesandega hakkama poole tunniga.
Arstiabi naine ei vajanud.
Eesti jaekaubanduses on nüüd lubatud sõlmida paindlikke töölepinguid
Eesti jaekaubandussektoris lihtsustati osaajaga töötajate töökoormuse ajutist tõstmist.
Asjakohane seadus kiideti neljapäeval Riigikogus heaks.
Uus seadus tugineb tänavu aprillis sotsiaalministeeriumi, Eesti Kaupmeeste Liidu, ametiühingute ja tööandjate vahel sõlmitud kokkuleppel muutuvtunnikokkulepete kasutamise kohta jaekaubanduses.
Riigikogu pressiteenistuse sõnul on seadus vajalik põhjusel, et jaekaubanduses tuleb sageli muuta töögraafikuid või ajutiselt tõsta töötajate koormust, mis tingib vajaduse sõlmida töömahu ajutise suurenemise korral võlaõiguslikke lepinguid.
Muutuvtunnikokkuleppe järgi võib töötaja oma tavapärasele tööajale lisaks töötada kaheksa tundi nädalas.
Selline kokkulepe võimaldab tööandjatel kaasata osaajaga töötajaid paindlikumatel tingimustel, andes sellega tööd rohkematele inimestele ja tagades neile töölepinguga suurema kaitse kui võlaõigusliku lepinguga, märgiti Riigikogu pressiteenistuses.
Õiguskomisjon kiidab heaks paindlike töölepingute sõlmimise jaekaubandussektoris
Muutuvtunnikokkuleppe võib sõlmida kirjalikult töötajaga, kes töötab osalise tööajaga vähemalt 12 tundi nädalas ja kelle tunnitasu on vähemalt 1,2-kordne tunnitasu alammäär.
Seejuures ei pea töötaja nõustuma oma koormuse suurenemisega põhilepinguga võrreldes ning tavapärane ja täiendav tööaeg ei tohi kokku ületada täistööaega.
Tööandja võib sõlmida muutuvtunnikokkulepped kuni 17,5 protsendiga oma töötajatest, ehk seda võimalust võivad kasutada ettevõtted, kus on vähemalt kuus töötajat.
Muutuvtunnikokkulepete regulatsioon kehtib 2,5 aastat, mille möödumisel tehakse saadud kogemuse põhjal otsus regulatsiooni kehtivusaja pikendamise ja teistele sektoritele laiendamise kohta.
Tallinna Botaanikaaed tähistab 60. sünnipäeva
Kolmapäeval, 1. detsembril saab Tallinna Botaanikaaed 60-aastaseks.
Sünnipäeval toimuvad eesti- ja venekeelsed ekskursioonid ning Soome kuu avamise puhul saab kuulata loengut virmalistest ja vaadata loodusfilmi.
Sünnipäeval, 1. detsembril teevad botaanikaaias ekskursioone Tiia Jaanus, Krista Kaur ja Maria Strukova.
Venekeelsed ekskursioonid toimuvad kell 12.00 ja 14.00, eestikeelsed kell 13.00 ja 14.00.
Soome suursaatkond ootab aga huvilisi Tallinna Botaanikaaia sünnipäeval virmaliste spetsialisti Pääro Metsandi loengule.
Loeng algab kell 12.00.
Pärast loengut linastub konverentsisaalis eesti ja vene keeles loodusfilm "Väikese põhjapõdra Ailo suur seiklus".
Detsembris on palmimajas avatud Soome suursaatkonna ringmajandusele pühendatud näitus "Rohelisemad valikud" ja Markus Kiili fotonäitus "Lapimaa valgus".
Koostöös välisministeeriumiga pakub Tallinna Botaanikaaed oma juubeliaastal Eestis asuvatele välissaatkondadele võimalust tutvustada botaanikaaias oma riiki ning selle loodust ja kultuuri, parandades sellega teadlikkust globaalse looduskaitse olulisusest.
Jõulukuu on pühendatud Soomele.
Ekskursioonidele saab registreeruda siin.
"Lugejate neljapäev" läks üle videovestluse formaadile
Tallinna Keskraamatukogu igakuiste ürituste sari "Lugejate neljapäev" jätkub pärast koroonaviiruse pandeemiast tingitud pausi ja pakub uues formaadis kohtumisi autoritega.
Kui varem toimusid kohtumised Tallinna Keskraamatukogu saalis, siis nüüd saavad huvilised kohtuda luuletajate, kirjanike ja keeleteadlastega projekti eestvedaja, luuletaja ja tõlkija Igor Kotjuhi juhtimisel veebis.
Uued vestlused avaldatakse neljapäeviti.
Kohtumine salvestatakse raamatukogus.
Esimene külaline on muusik ja luuletaja Dan Rotar.
Vestlusest saab teada, kes on Dani muusikalised lemmikud, miks ta hindab kõrgelt ansamblit The Cure, kuidas on saanud nime tema enda bänd Lemon Trees ja mille poolest erinevad laulutekstid ja "endale" kirjutatud luuletused?
Euroopas on linde vähemaks jäänud
Viimastel aastakümnetel on lindude arv Euroopas oluliselt vähenenud.
Sellisele järeldusele jõudsid Briti ja Tšehhi teadlased, kes uurisid laiaulatuslikult asjakohaseid andmebaase.
Cambridge'i kuningliku linnukaitseühingu juures tegutseva looduskaitseteaduse keskuse teadlased avaldasid ajakirjas Ecology and Evolution artikli, mille kohaselt on Euroopas praegu 1980. aastate algusega võrreldes umbes 600 miljonit lindu vähem.
Mõned linnuliigid on saanud kannatada palju rohkem kui teised.
Näiteks on koduvarblasi viimase 40 aastaga jäänud 247 miljoni võrra vähemaks, mis tähendab, et nende populatsioon on selle ajaga kaks korda vähenenud.
Hänilaste arv on vähenenud 97 miljonit, kuldnokkade arv 75 miljonit ja põldlõokeste arv 68 miljonit.
Seevastu mõne liigi arvukus on viimase 40 aastaga hoopis kasvanud.
Sellised liigid on näiteks ohakalind, musträstas, kaelustuvi, väike-lehelind, käblik, sinitihane, mustpea-põõsaslind ja punarind.
Rabapistrike arv on aga lausa kahekordistunud.
Uuringu autorid ei anna Euroopa lindude arvukuse muutusele ühte ja kindlat seletust.
Teatavate liikide arvukuse vähenemise võimalike põhjustena nimetatakse sobilike elupaikade kadumist, põllumajanduslike putukamürkide kasutamisest tingitud toidunappust, saasteainete levikut keskkonnas ja kodukasside suurt arvukust.
Muude liikide arvukus on teadlaste hinnangul suurenenud peamiselt tänu looduskaitsemeetmetele.
Lindude arvu vähenemine 40 aastaga 600 miljoni võrra on suur muutus, kuid mõni aasta tagasi tehtud teise uuringu järgi on lindude arvukus Põhja-Ameerikas alates 1970ndatest vähenenud tervelt kolme miljardi võrra.
Uuringu autorid ütlevad, et kui tõsiseid meetmeid ei võeta, võivad sajad linnuliigid sootuks kaduda.
Uuring: gripiviirus levib kõige paremini nullkraadisel temperatuuril, koroonaviirus aga +10 kraadi juures
COVID-19 pandeemia alguses eeldati, et koroonaviirus käitub gripiga sarnasel viisil ja epideemia lained on hooajalised, kuid see teooria ei ole leidnud teaduslikku kinnitust.
Sellised järeldused tehti hiljuti avaldatud rahvusvahelises uuringus, mille jaoks koguti andmeid 26 riigist (sh Eestist), 409 asustatud punktist ja kõikidest kliimavöötmetest.
Andmekogum hõlmab 44% kõikidest koroonaviirusega nakatumise juhtudest maailmas, teatas portaal Yle.
Uuringus kasutati nakatumisstatistikat perioodist, kui elanikkonnal ei olnud veel vaktsineerimise teel saadud immuunsust.
Teadlased jõudsid järeldusele, et ilmastikutingimused ei mõjuta koroonaviiruse levikut sellisel määral nagu gripiviiruse levikut.
Samas on SARS-CoV-2 leviku optimaalseim temperatuur +10 kraadi.
Viiruse nakatamiskordaja oli suurim +8..+18 kraadi juures ning hakkas uuesti langema, kui temperatuur tõusis +20 kraadini.
Seejuures avaldab ilm epideemia levikule nii otsest kui ka kaudset mõju.
Näiteks oleneb ilmast immuunsüsteemi olukord, hingamisteede tundlikkus ja inimeste käitumine.
Teadlased võrdlesid koroonaviirust ka gripiviirusega.
Viimase levikut mõjutab ilm hoopis teisiti kui SARS-CoV-2 levikut.
Temperatuuri alanemine toob kaasa gripi kiirema leviku, seejuures on leviku jaoks optimaalseim temperatuur vahemikus -5..+5 kraadi, kõige parem aga null kraadi ümber.
Kosmoseaparaat BepiColombo edastas esimesed ülesvõtted Merkuurilt
Eurooa Kosmoseagentuuri kosmoseaparaat BepiColombo edastas esimesed pildid Merkuuri pinnalt.
Päikesele kõige lähema planeedi põhjapoolkera ülesvõte tehti 2420 km kauguselt aparaadi lähenemise ajal Merkuurile.
Ööl vastu laupäeva lendas aparaat 200 km kõrguselt üle planeedi, teatas "Aktuaalne Kaamera".
See on esimene kuuest kavandatud lennust.
Uusi pilte oodatakse juba lähipäevil.
BepiColombo on Jaapani ja Euroopa ühine kosmoseaparaat.
2018. aastal kosmosesse lastud aparaat peaks Merkuuri orbiidile jõudma 2025. aastal.
Lähiaastatel võib tarbijaid oodata ees kaks uut jäätmemaksu
Keskkonnaministeeriumis on ettevalmistamisel kaks uut jäätmekäitlusega seotud seaduseelnõu.
Tarbija rahakotti võivad need hakata mõjutama paari aasta pärast.
Peale selle suurenevad jäätmete ladestamise tasud.
Lahtiselt müüdava toidu ühekordsete pakendite lisatasust kirjutas ERR novembri alguses.
Teine tasu on kavas kehtestada plastjäätmetega saastamise ja segaolmejäätmete tekitamise eest.
ELi direktiiv paneb liikmesriikidele kohustuse vähendada oluliselt ühekordsete plastpakendite ja joogitopside kasutamist.
Keskkonnaministeeriumis leiti, et eesmärki aitaks saavutada 50-sendine lisatasu iga ühekorrapakendi eest, millega inimene kohvikust, tanklast või kiirtoidukohast toitu või jooki kaasa ostab, olenemata materjalist.
"Seaduseelnõuga on tarbijatele ette nähtud ka alternatiivid, mille vahel valida: ta võib kasutada ühekordset pakendit ja selle eest lisatasu maksta või valida korduskasutatava alternatiivi", selgitab keskkonnaministeeriumi asekantsler Kaupo Heinma.
Kaupmehed on sellele algatusele juba reageerinud, pidades kulinaarialeti toodetele pakenditasu kehtestamist ebaõiglaseks.
Nende hinnangul on see algatus nišile hukutav, kuivõrd 95% ühekorrapakenditest tuleb kiirtoidusektori väikeettevõtete asemel tööstusest, näiteks salatikarpide ja vorstipakendite kujul.
Ministeeriumis lubati selle üle järele mõelda.
Heinma tunnistas, et pakendite hinnalisa üle peetakse veel läbirääkimisi ja kõik võib veel muutuda: "Ootame ära ka võimalikud alternatiivsed ettepanekud huvirühmadelt.
See, kui suurel määral eelnõu tarbijaid rahaliselt mõjutab, oleneb sellest, millises hinnalisas või alternatiivis kokku lepitakse".
Asekantsler tuletas meelde, et klient võib osta toitu oma pakendiga või kasutada mõnda pandipakendi süsteemi, kui see kasutusele võetakse.
Jäätmete prügilasse vedamine võib oluliselt kallineda
Kohustus pakkuda klientidele korduskasutatavat alternatiivi tekib alates 2024. aastast.
"Sellega võivad kaasneda kulud, mis on seotud korduskasutatava pakendi kasutuselevõtuga, selle ringlussevõtu süsteemi loomisega ja juba olemasoleva süsteemiga liitmisega.
Samas on turul juba olemas näited korduskasutuspakendile ülemineku kohta, tänu millele ettevõtja kulud vähenesid", lisas Heinma.
Ta tõi näite: ühe ühekordse pakendi hind on umbes 20 senti ja biolaguneval alternatiivil kuni 60 senti.
Kui ettevõte müüb tuhat pakendit kuus, on aastane kulu 2400 eurot.
Seevastu pandisüsteemi kasutamise liikmetasu on ettevõtja jaoks 0–25 eurot kuus ehk 300 eurot aastas.
"Lisanduda võivad korduskasutatavate pakendite pesemise kulud.
Eestis tegutsevad ettevõtted, kes sellist teenust pakuvad.
Kuid ettevõte võib pakendeid ka ise pesta – see on eelistatud variant toitlustuskohtades, kus on harjutud pesema keraamilisi nõusid", ütles Heinma.
Tuleb arvestada sellega, et kui ettevõtjad kasutavad korduskasutatavaid alternatiive, ei pea nad tasuma ühekorrapakendite kogumise ja ringlusse suunamise eest.
Kaliningradi oblasti volikogu saadikud toetasid QR-koodide ühistranspordis kasutamise seaduseelnõu
Kaliningradi oblasti volikogu saadikud toetasid häälteenamusega seaduseelnõu, mis käsitleb QR-koodide kasutamist ühistranspordis ja avalikes kohtades, teatas uudisteagentuur RIA Novosti kohaliku seadusandliku organi pressiteenistuses.
"Korraldati hääletus, mille järgi avaldas enamik oblasti volikogu saadikuid QR-koodide seaduseelnõule toetust.
Saadikute meelest on tegemist põhjendatud algatusega, sest koroonaviiruse leviku olukord on piirkonnas endiselt tõsine", öeldi pressiteenistuses ja lisati, et Kaliningradi saadikute hääletuse tulemused on edastatud riigiduumale.
Venemaa valitsus esitas 12. novembril riigiduumale kaks seaduseelnõu QR-koodide kohustusliku kasutamise kohta avalikes kohtades ja ühistranspordis.
Esimese dokumendi kohaselt saaksid inimesed külastada massiüritusi, kultuuriasutusi, toitlustuskohti ja jaemüügikauplusi vaktsineerimist tõendava QR-koodi, koroonaviiruse läbipõdemise tõendi või vaktsineerimise vastunäidustust kinnitava arstitõendi esitamisel.
Teise algatusega võetakse QR-koodid kasutusele linnade- ja rahvusvahelises raudtee- ja lennutranspordis.
Robotid suudavad võidelda võltsuudistega vaid inimeste abiga
Algoritmid ja tarkvara võivad aidata inimestel valeuudiseid ära tunda, kuid iga vale paljastamiseks internetiavarustes on vaja inimintellektiga võrreldavat tehisintellekti.
Samas võib valeteabe automaatne eemaldamine võrgust viia demokraatia ja sõnavabaduse piiramiseni, leiavad informaatikateadlased.
Bottide ja trollide armee
Arvamuse mõjutamiseks ja segaduse külvamiseks kasutatavad robotid ehk botid said kurikuulsaks pärast Suurbritannia EList lahkumise kampaaniat ja USA viimaseid presidendivalimisi.
Kuid TTÜ professori Tanel Tammeti sõnul ei tasu nende mõju üle hinnata.
"Ehkki nad võivad meie demokraatial jalad alt lüüa ja selle hävitada, on nad väga hea töövahend arvamuse ja teabe levitamiseks sotsiaalvõrgustikes.
Neisse tasub suhtuda tõsiselt ja inimesed peaksid harjuma sellega, et igasugune tekst või uudis võib osutuda valeks.
Paradoksaalsel kombel on Trumpil õigus selles, et valeuudised on tõepoolest olemas", tunnistab Tammet.
Piltlikult öeldes aitavad automaatsed algoritmid valeteavet viiruse kombel levitada.
"Suur osa vähekvaliteetsest teabest ei tule mitte tavaliste inimeste, vaid mitmesuguste organisatsioonide käe alt, kes kasutavad sotsiaalmeedias botte ja avalikus meedias libakontosid", kinnitas Indiana ülikooli informaatikaprofessor Filippo Menczer, kes on spetsialiseerunud võitlusele libauudistega.
Valeteavet tarbima harjunud inimestel on keerulisem tõde valest eristada.
Kui valet mitu korda korrata, ei muutu see küll tõeks, kuid saab uueks normaalsuseks.
Oxfordi ülikooli kavandatud propaganda töörühma juht Philip Howard tõdeb, et nn intellektuaalsed agendid on aastatega inimlikumaks muutunud.
Esimesed neist täitsid internetiavaruse korrapärase ajavahemiku järel ühtede ja samade uudistega.
Nüüd kasutavad nad usutavuse huvides pilte ja teemaviiteid ning laenavad inspiratsiooni ammutamiseks poliitikute sõnavarast mitmesuguseid väljendeid.
Mõned bottide operaatorid postitavad jälgede segamiseks mõnikord ka ise uudiseid.
Sildaru alustas uut hooaega maailmakarika etapi võiduga
Eelseisvate Pekingi taliolümpiamängude Eesti koondise peamine medalilootus vigursuusataja Kelly Sildaru saavutas möödunud nädala lõpus Austrias Stubais toimunud pargisõidu maailmakarika esimesel etapil esikoha.
Pärast esimest laskumist asus Sildaru 87,08 punktiga liidripositsioonile.
Teisel laskumisel parandas Eesti vigursuusataja oma tulemust, teenides 88,68 punkti, mis võimaldas tal võtta kindla võidu.
Teisele kohale tuli šveitslanna Sarah Höfflin tulemusega 80,30 punkti, kolmandaks jäi norralanna Johanne Killi 78,32 punktiga.
Arvesse võeti kahest tulemusest parim.
Kvalifikatsioonis näitas Kelly Sildaru finaalvõistlusega pea samaväärset tulemust, teenides 88,66 punkti.
Plessetski kosmodroomilt saadeti teele kosmoseaparaadiga kanderakett Sojuz
Kaitseministeerium: Plessetski kosmodroomilt startis rakett Sojuz-2.1B kosmoseaparaadiga
Õhu- ja kosmosejõud saatsid Plessetski kosmodroomilt teele kosmoseaparaadiga kanderaketi Sojuz-2-1, anti teada Venemaa kaitseministeeriumi pressiteenistusest.
Sündmus leidis aset kell 04.09 Moskva aja järgi.
"Õhu- ja kosmosejõudude kosmosevägede lahingumeeskond saatis Venemaa kaitseministeeriumi huvides edukalt välja keskmise klassi kanderaketi Sojuz-2.1B, mille pardal on kosmoseaparaat", öeldi teates.
Märgiti, et raketi start ja sellele eelnenud toimingud tehti kavakohaselt.
Raketi Sojuz-2.1B starti ja lendu jälgiti maapealse automatiseeritud juhtimiskompleksi seadmetega.
Põliselanikele pole siin kohta.
Miljonid inimesed USAs ja Euroopas peavad taluma vaesust ja alandust.
Miks ei kaitsta seal vähemusrahvusi?
Võitlus maailma põlis- ja vähemusrahvuste õiguste eest algas juba XX sajandil.
Kuid nende elanikerühmade olukorda ei saa endiselt heaks pidada.
Nad puutuvad kokku diskrimineerimisega isegi sellistes arenenud demokraatiaga riikides nagu USA ja Austraalia.
Ameerika indiaanlaste ajaloost, mis põlisrahva pea täielikult hävitas, on ammu saanud Lääne ühiskonna silmakirjalikkuse musternäidis.
Kuid see on vaid kõige kuulsam ja kõige väiksem osa ülemaailmsest probleemist.
Ka Euroopa Liidu (EL) riikides, kus võrdsus ja mitmekultuursus on tunnistatud põhiväärtusteks, puutuvad vähemusrahvuste esindajad endiselt kokku diskrimineerimisega.
Uudisteportaal Lenta.ru püüdis projekti "Esimese maailma probleemid" välja selgitada, miks on põlis- ja vähemusrahvaste esindajad Lääne edukates riikides endiselt sunnitud võitlema õiguse eest elada vabalt oma maal ja rääkida oma keeles.
"See ei olnud assimilatsioon.
Valitsus kuulutas meile sõja.
Seisame siin praegu selleks, et saaksime kunagi taas rahus elada", teatas Kanada põlisrahvaste esindaja Jenny Sutherland, kes võttis sõna sadade rahvarõivastesse riietunud rahvuskaaslaste ees.
Tema esinemist nägi televisiooni vahendusel kogu riik.
1. oktoobril tähistati Kanadas ametlikult tõe ja lepituse päeva ning meenutati seda, millise pöörde võttis riigi koloniseerimine põlisrahvaste jaoks.
Kanada koloniseerimise ajaloos on mitmeid nukraid sündmusi.
Üks neist puudutab põliselanike sundassimileerimist.
On teada, et valitsus võttis aastakümnete jooksul aborigeenide peredest lapsi ära ja saatis nad katoliiklikesse koolidesse õppima.
See kestis XIX sajandi 80ndatest kuni XX sajandi 90ndateni ja selle aja jooksul viidi perede juurest ära üle 150 000 laps.
Teadaolevalt koheldi neid internaatides väga karmilt: neid löödi, hoiti näljas ja mõnitati.
Kui laps suri — seda juhtus paraku sageli, — maeti ta nimetusse hauda, lapse vanemaid aga tema surmast ei teavitatud.
Kalmistutest, kuhu on maetud sajad, aga võimalik, et ka tuhanded alaealised Kanada indiaanlased, on hakatud avalikult rääkima alles sellel aastal.
Jenny Sutherland ja tema rahvuskaaslased nõuavad nüüd arhiivide avamist ja katoliku kiriku esindajate süü tunnistamist.
Teistsugune Istanbul.
Alles hiljuti elasid siin migrandid ja vaesed.
Millega suudab Istanbuli "kuldne" piirkond praegu turisti üllatada?
Istanbul tutvustamist ei vaja.
Euroopa ja Aasia piiril paiknev mitme sajandi pikkuse ajalooga linn meelitab igal aastal ligi miljoneid turiste, kes ihkavad jalutada Hagia Sophia iidsete võlvide all, saada uhketes sultanipaleedes osa riigi osmanlikust ajaloost ja maitsta Bosporuse kaldal traditsioonilist leiba simitit.
Võib tunduda, et Istanbulis on liiga palju rahvast ja kaos.
Osaliselt on see tõsi, isegi koroonaviirusest tingitud rangete piirangutega ajal.
Kuid isegi sellises linnas võib leida rahu ja vaikust, näiteks Kuldsarve lahe kallastel.
Sellest, mida suudab pakkuda seiklejatele piirkond, mida alles hiljuti peeti üheks kõige depressiivsemaks ja vaesemaks kesklinnapiirkonnaks, lugege uudisteportaalist Lenta.ru.
Sultani austritest tehaste ja pärapõrguni
Kuldsarv ehk Haliç, nagu seda Türgis kutsutakse, on Bosporuse väina suubuv laht, mis jagab Istanbuli Euroopa-osa põhja- ja lõunaosaks.
Inimasustus tekkis selle kallastele juba ammu — just Kuldsarve suudmes asutati VII sajandil enne meie aega Bütsantsi koloonia, millest sai hiljem kuulus ja legendaarne Bütsantsi impeeriumi pealinn Konstantinoopol.
Omal ajal elasid siin põlised kreeklased, kuid sajandi keskel hakkasid lahe kaldale tekkima sellistest Itaalia linnriikidest nagu Veneetsia, Genova ja Pisa saabunud kohalike juutide ja kaupmeeste kvartal.
Kuldsarve kallastel kees elu pea kogu ajaloo vältel.
Siia ehitati suured sadamad kaubalaevade jaoks, kerkisid kirikud, sünagoogid ja mošeed ning püüti tohutul hulgal mitmesuguseid kalaliike.
Lahes elutsesid hiiglaslikud tuunid, Osmani impeeriumi ajal püüti siinsetest vetest ka austreid, mis jõudsid sultani lauale.
Spice Girlsi laulja vanem vend suri 54-aastaselt
Popansambli Spice Girls liige Geri Horner (endise nimega Halliwell) leinab venda, teatab The Sun.
54-aastane Max Holliwell, kes töötas keskkonnatehnoloogia arendamisega tegelevas firmas, suri Inglismaal Berkhamstedi linna reanimatsioonis pärast seda, kui oli end kodus kehvasti tundnud.
Perekonna sõprade sõnul olid vend ja õde väga lähedased.
Just Max oli see, kellelt Geri sai tuge bändist lahkumise ajal. Nad sõitsid koos Pariisi, et vältida ajakirjanduse tähelepanu pärast Geri karjääri lõppemist Spice Girlsis.
"Võite ette kujutada, kui raske see aeg nende jaoks on.
Palume austada pere õigust eraelule", ütles Geri esindaja.
Politsei sai väljakutse Maxi koju 17. novembril — helistaja oli mehe elu ja tervise pärast mures.
Poptähe venna surmas ei tuvastatud midagi kriminaalset.
Turist pidas elusat krokodilli plastkujuks ja maksis selle eest kallist hinda
Filipiinidel asuvas Amaya View lõbustuspargis langes turist krokodilli ohvriks.
Külastaja pidas kiskjat plastkujuks ja ronis selfi tegemiseks tema juurde basseini, teatab Moja Planeta.
68-aastane mees poseeris foto jaoks, hoides telefoni ühes käes.
Järsku haaras ligi 3,6-meetrine krokodill mehe käest ja tõmbas ta vette.
Mehel õnnestus lahti rabeleda ja krokodilli hambust jäset kaotamata põgeneda.
Kannatanule osutati abi ja ta saadeti haiglasse.
Pärast seda vahejuhtumit süüdistasid kannatanu ja tema pere lõbustusparki selles, et nad ei olnud välja pannud ohu eest hoiatavaid silte.
Mehel tuvastati haiglas mitu luumurdu ja kaheksa sügavat haava vasakus käes ja puusas.
Lõbustuspargi esindajad nõustusid kandma kannatanu ravikulud, kuid ei nõustunud sellega, et ei olnud külastajaid ohtlike loomade eest hoiatanud.
IKEA avas Tartus planeerimisstuudio
Vaadake lähemalt!
IKEA avas täna Balti riikides Tartus esimese omataolise planeerimiskeskuse.
Uus stuudio keskendub koju mööblit planeerivatele ostjatele mõõtmete, soovide ja vajaduste osas professionaalse toe pakkumisele.
Ohutuse mõttes tuleb kohapealne planeerimise konsultatsioon eelnevalt veebi teel broneerida.
Meie stuudio on avatud kõiki ohutusmeetmeid järgides.
Kontrollime stuudios inimeste arvu, kutsume ostma veebi teel ja osutame planeerimise teenust ainult registreerimise alusel," räägib IKEA Eesti juht Kristja naider.
Planeerimisstuudio eesmärk on aidata ostjatel planeerida IKEA mööblit, näiteks kööki või kappi.
Kliendil on võimalik broneerida individuaalne kohtumine IKEA spetsialistiga, kasutada stuudios iseseisvat planeerimist või tellida koju juba valmis lahendused.
Kohapeal innustab planeerimisstuudio ostjaid juba valmis lahendustega. Kodudes elu paremaks muutmiseks aitavad meie töötajad igaühel leida lahenduse. Nüüd on see lähemal veelgi rohkematele Eesti elanikele.
Stuudio keskendub broneeritud konsultatsioonidele, planeerimisstuudio spontaanne külastamine on reguleeritud tulenevalt ohutusest ja pandeemia olukorrast.
See tähendab, et igaüks, kes vajab uut kööki, kappi või asjade hoiukohta, võib oma külastuse ette registreerida aadressil www.IKEA.ee.
Seejärel saab tulla IKEA Tartu disainistuudiosse, kus meie töötajad aitavad mitte ainult individuaalset mööblit planeerida, vaid seda ka tellida, selgitab.
naider.
Tartu planeerimisstuudios on võimalik tellida kogu IKEA kaubavalikut nii veebis, kui ka meie töötajate abiga.
Planeerimisstuudios on kättesaadavad kõik tavapärased teenused nagu näiteks mõõdistused, kokkupanek ja paigaldus.
Tartu planeerimisstuudiost saab koht , kust tellimused kätte saada ja tagastada, samuti osutatakse siin teisti teenuseid.
Tartu planeerimisstuudios ei saa kaupu koha peal osta, kõik kaubad tuleb tellida.
Oli hea pidu  Tallinki praamiga reisijad jätsid endast maha suure hulga prügi ja mustust
Eelmisel nädalal suundus Baltic Queen praam erikruiisile.
Reisi viimasel päeval tehtud foto põhjal oli 19.21. novembril praamil viibinud reisijate puhkus nii hea, lõbus ja nähtavasti lärmakas, et unustati elementaarsed viisakusreeglid.
Pärast erikruiisi vajas praam tõesti tavapärasest suuremat koristust, kuid meie meeskond sai kõige sellega hakkama veel enne reisi lõppu, ütles AS Tallink Grupp kommunikatsioonijuht Katri Link.
Katri Link märkis, et antud kruiis ja ka suurem koristus pärast reisi ei ole seotud tehnilise rikkega, mille tõttu Tallinki laev pidi esmaspäeva õhtul Eesti pealinna naasema.
Pool miljardit eurot kogutud pensioniraha seisab endiselt Eesti elanike arvetel.
Iga päevaga muutub raha odavamaks.
Pool II sambast väljavõetud rahast seisab veel arvetel.
Arvestades praegust inflatsiooni, kaotab raha oma väärtust ja odavneb iga päevaga.
Mida peavad kindlasti teadma need, kes ei ole veel oma sääste ära kulutanud?
Pärast tulumaksu maksmist laekus septembris Eesti elanike arvetele kokku veidi üle ühe miljardi euro.
Suur osa sellest rahast kulutati tarbimisele, samuti kustutasid inimesed aktiivselt oma laene ja maksid ära vanad võlad, kirjutab MK Estonia.
Nagu aga selgub viimastest uuringutest, seisab pool sellest rahast ehk ligi 500 miljonit eurot endiselt arvetel.
Miks nii?
Kas tõesti võtsid Eesti elanikud pensionifondidest raha välja, et see lihtsalt seisaks neil arvetel ja kaotaks iga päevaga oma väärtust?
Inflatsioon sõi ära 700 eurot
Swedbanki pensionite ja investeeringute valdkonna juht Kaire Peik märgib, et oktoobri lõpu andmete põhjal seisab ligi pool II pensionisambast saadud rahast endiselt klientide arvetel.
Kõige sagedamini tehakse saadud summadega erinevad tegevused kohe pärast raha saamist, märgib ta.
Inimesed kustutasid aktiivselt oma laene, ülekannete maht oli tavapärasest oluliselt suurem.
Samuti on märgata elektroonikapoodides, riide- ja jalatsipoodides ning esmatarbekaupu ja toiduaineid müüvates poodides pangakaardi kasutamise ja maksete tegemise arvu ja mahu järsku kasvu.
Mõningast kasvu oli märgata ka autode müügiga tegelevas sektoris.
Ta lisab, et eluasemelaenude turg on endiselt väga aktiivne ja praeguseks on mõned inimesed juba soetanud endale II pensionisamba rahadega uue elamise, teised aga otsivad endiselt sobivat varianti.
Kinnisvara vastu on huvi endiselt suur, mida kinnitab septembris laenutaotluste arvu suurenemine, konstateerib spetsialist. Seejuures tahavad paljud inimesed raha kasutada just kinnisvara ostmiseks.
Eluasemelaenu taotlemiseks peab lisaks esmasele sissemaksele olema ka piisav sissetulek laenumaksete tasumiseks. II pensionisamba väljamaksete keskmist summat arvestades ei piisa sellest suuremates linnades kinnisvara ostmiseks.
Häirenupp muudab üksikute inimeste kodus viibimise ohutumaks
Paljud meist teavad seda rahutuse tunnet, kui eakat vanemat, vanaema või vanaisa ei õnnestu järsku telefoniga kätte saada.
Kui kõnele pikalt ei vastata, tekivad peas ärevad mõtted: mis on inimesega juhtunud?
Eriti ärevaks muututakse siis, kui inimene elab üksi ega suuda enda eest piisavalt hoolitseda.
Näiteks kukkumise või teadvuse kaotuse korral ei saa inimene alati abi kutsuda, kirjutab MK Estonia.
Selliste olukordade vältimiseks saab eakale (ja mitte ainult) sugulasele muretseda nn häirenupu.
Nupp pannakse kas sarnaselt kellaga inimese käele või kaela ja see on vajadusel alati kättesaadav.
See on veekindel, mistõttu ei pea seda ära võtma ka dui all.
Häirenupu teenust osutavad mitu firmat.
Nupu tehniline pool võib firmadel olla veidi erinev.
Üldjoontes on protsess sarnane.
Inimene vajutab vajadusel nuppu ja häiresignaal edastatakse kas operaatorile, kes võtab inimesega ühendust, selgitab välja probleemi ja saadab abi, või läheb see otse usaldusisikule (nt mõnele lähedasele isikule).
Kaitseb ja päästab
Eestis hakkas esimesena juba 11 aastat tagasi häirenupu teenust pakkuma ettevõte Meditech Estonia.
Selle aja jooksul on seda võimalust kasutanud üle 1500 inimese, rohkem kui 70 juhul päästis nupp kellegi elu.
Lisaks on olnud tuhandeid juhtumeid, mis oleksid võinud lõppeda halvasti, kui inimesel ei oleks häirenuppu käepärast olnud.
Ettevõte pakub ka häirenuppu koos kukkumise anduriga, mis edastab ise operaatorile väljakutse, kui inimene näiteks kaotab teadvuse.
Medi häirenupu abil on võimalik ööpäevaringne ühendus abikeskusega.
Operaator reageerib vastavalt olukorrale väljakutsele ja saadab inimesele appi tema usaldusisiku (sugulase, sõbra, tuttava, eestkostja jne), räägib Meditech Estonia juhatuse liige Paavo Ala.
Medi keskuse operaatorid vastavad ööpäevaringselt vene, eesti ja inglise keeles.
Juhtumi lõpplahendus  kahtlastel asjaoludel tapetud ameeriklannast turisti peigmees sooritas enesetapu
2021. aasta septembris rääkis kogu maailm ootamatult 22-aastasest ameeriklannast Gabby Petitost.
Tüdruk täitis paljude eakaaslaste unistuse. Ta pakkis kogu oma elu väikesesse valgesse kaubikusse ja suundudes koos peigmehe Brian Laundriega suurele seiklusele.
Paraku sai Gabby kuulsaks mitte särava armuloo tõttu, mida ta oma järgijatele aktiivselt kajastas, vaid pärast saladuslikku kadumist rahvuspargi metsades.
Lähemalt saab selle kohta lugeda SIIT.
Petito vanemad kuulutasid tüdruku kadunuks 11. septembril. Pärast seda, kui ta ei olnud kahe nädala jooksul ühendust võtnud.
22. septembril kinnitasid ametiisikud, et pühapäeval leiti rahvuspargi kõrval olevast metsast kirjeldusele sarnase tüdruku surnukeha.
Hiljem kinnitati, et tegu oli tõesti Petitoga ja tüdruku surm oli vägivaldne, teatab TASS.
Pärast pruudi kadumist naasis Brian Laundrie koju, kuid lahkus varsti teadmata suunas. tüdrukuga juhtunu kohta ta kommentaare ei jaganud.
Kogu uurimise vältel oli mees föderaalselt tagaotsitav. Teda peeti peamiseks kahtlusaluseks pruudi kadumises ja hiljem tapmises.
22-aastase Brian Laundrie surnukeha leiti Florida osariigi metsadest.
Kohtumeditsiiniline ekspertiis tegi kindlaks, et noormees sooritas enesetapu.
Poja kaotust leinates loodavad Brian Laundrie vanemad, et selle tragöödia uurimise lõpetamine toob rahu nii neile kui ka tüdruku perele, kirjutab BBC.
Zahharova: Venemaa Föderatsioon kutsub Poolat üles lõpetama põgenike suhtes vägivalla tarvitamise
Moskva kutsub Poola võime üles, võtma tarvitusele kõik meetmed õigusvastaste ja jõuliste tegevuste lõpetamiseks Valgevene-Poola piiril olevate põgenike suhtes.
Sellest andis infotunnis teada Venemaa välisministeeriumi ametlik esindaja Maria Zahharova.
Tema sõnade järgi ei tulnud need inimesed kindlasti sinna otsima head elu ja seikluseid. Nad kannatavad praegu toiduainete puudumise ja raskete ilmaolude tõttu.
Smolenski väljakul oodatakse Varssavilt kõikide toimunud vahejuhtumite põhjalikku ja usaldusväärset uurimist, samuti kõikide nende juhtumiga seotud ametiisikute vastutusele võtmist.
Zahharova kommenteeris ka Valgevene tsiviillennundusele kehtestatud sanktsioone ja kutsus Euroopa Liitu üles neid üle vaatama.
Valgevene suhtes sanktsioonide kehtestanutel ei õnnestu endiselt leida veenvaid põhjendusi, et õigustada oma poliitikat Minski suhtes.
Nähtavasti nad lihtsalt loodavad neil eesmärkidel kasutada ICAO (Rahvusvaheline Tsiviillennunduse Organisatsioon, toimetuse märkus) töögrupi tulemusi...
Omalt poolt loodame töögrupi liikmete objektiivsusele ja objektiivsusele, märkis diplomaat.
Eraldi pöörati välisministeeriumis tähelepanu olukorrale Venemaa diplomaatilise omandiga USA-s.
Selle tagastamiseta ei ole võimalik taastada normaalseid suhteid Moskva ja Washingtoni vahel, kinnitab diplomaatiliste suhete amet.
Seejuures mõistis riiklik amet hiljuti hukka Jeemenis mässuliste huthide poolt Ameerika endise saatkonna hoone hõivamise.
Meie lähtume sellest, et Washingtonis hakatakse sama lähenemist rakendama ka enda ja Venemaa omandi äravõtmise suhtes.
Põhimõtteliselt ei ole ilma selleta võimalik taastada USA-ga normaalseid suhteid, mida mürgitavad Washingtoni tekitatud õiguslikud takistused ja kollisioonid, teatas Zahharova.
Jutt on kuuest objektist, sh Venemaa Föderatsiooni saatkonnast San Franciscos, kaubandusesindusest Washingtonis ja selle osakonnast New Yorgis.
Moskvas nõutakse maatükkide ja hoonete tagastamist omanikele ning sinna Venemaa diplomaatide lubamist. Neile öeldakse regulaarselt ära isegi nende objektide inspekteerimine.
Jalgpalliklubi Spartak jalgpallurile Sobolevile anti Rossiskoje Gazetas üle ausa mängu ehk Fair Play auhind
Jalgpalliklubi Spartak jalgpallurile Aleksandr Sobolevile anti eeskujuliku käitumise ja vapruse eest üle Rossiskoje Gazeta toimetuses Euroopa Komitee ausa mängu ehk Fair Play auhind.
Euroopa Fair Play liikumisega (lühend EFP) on ühinenud ligi  500 vana mandri riiki.
Muidugi kuulub sinna ka meie riik, mis on esindatud Venemaa Olümpiakomitee juures tegutseva rahvusliku Fair Play komiteega.
Liikumise eesmärk on nii Fair Play idee levitamine kui ka populariseerimine.
Selleks vaatab Euroopa liikumine igal aastal oma peaassambleel läbi terve nimekirja Fair Play diplomiga autasustamise avaldusi.
Mitte kõik ettepanekud ei saa heakskiitu, mõned lükatakse tagasi kui ebaolulised või ausa mänguga otseselt mitteseotud.
See on omapärane, kuid eranditult sõbralik võistlus, milles võidavad kõige väärikamad.
Fair Play Venemaa komitee ja Venemaa Olümpiakomitee president Stanislav Pozdnjakov tõstsid paljude teiste venelaste sooritatud tegude seast esile Aleksandri teo.
Koos jalgpalliklubi Spartak pressiteenistusega koostati üksikasjalik ametlik esildis Euroopa Fair Play liikumisele.
Sel aastal võõrustas assambleed Viin.
Kahjuks ei õnnestunud seal Covidist tingitud piirangute tõttu osaleda.
Seetõttu muretsesime, kuidas mõjutab meie puudumine Venemaa auhinnataotlust.
Muretsemine osutus asjatuks.
Võib öelda, et Moskva jalgpalliklubi Spartak ja rahvuskoondise ründaja Aleksandr Sobolev on üks selle konkursi Euroopa tempionidest.
Tema väärikas tegu ei saanud jääda kaaseurooplaste heakskiiduta, kes tõtt-öelda mitte alati ei suhtu meisse heasoovlikult.
23-aastane moskvalane tekitas nii heakskiitu kui mõistmist.
14. augustil 2020. aastal oli Spartakil Premier Leaguei raames kohtumine jalgpalliklubiga Ahmat.
Mängu ajal kaotas Groznõi klubi mängija horvaat Zoran Nii? ootamatult teadvuse ja kukkus väljakule.
Nagu ikka, juhtus kõik nii ootamatult, et isegi mõlema meeskonna meditsiiniline personal ei reageerinud kohe juhtunule.
Ootamata arste ja kiirabiautot tormas aga Sobolev kohe vastasele appi, osutas talle esmaabi ja nii hädavajalikku meditsiinilist abi.
Seejärel tegi ta seda, mida tavaliselt teevad kogenud arstid.
Ta ei lasknud Nii?il lõualuid kokku panna.
Kui ta seda ei oleks teinud, oleks keel võinud kurku langeda ja õhus oleks olnud tragöödia.
Tänu temale möödus kõik raskete tagajärgedeta.
Hiljem, juba haiglas, panid spetsialistid diagnoosi  horvaadil oli ajupõrutus.
Sobolev aga tunnistas pärast mängu, et ei ole varem kunagi esmaabi osutanud.
Ründajal hakkas tööle refleks tormata viivitamata appi mitte vastasele, vaid kolleegile suures jalgpallis, ja päästa elu.
Ka diplomiga oli omaette lugu.
See pandi Viinist teele, kuid jäi teel kuskile toppama.
Pärast pooleteise kuu pikkust otsimist ilmus see siiski ääretust postisügavusest välja.
Õiglus peab alati võidutsema.
Jalgpalliklubi Lokomotiv sakslasest mäneder asub treenerina tööle Manchester Unitedisse
Korraga mitu väljaannet kirjutasid, et Lokomotivi sakslasest spordi- ja arendusjuht asub tööle Inglismaa klubi ajutise treenerina
Sakslane Ralf Rangnick lahkub Moskva klubi Lokomotiv spordi- ja arendusjuhi kohalt ning asub tööle Manchester Unitedi ajutise peatreenerina.
Sellest teatab The Athletic.
Sky Sports News märgib, et pooled on lähedal lepingu allakirjutamisele.
Mõlema väljaande andmetel töötab Rangnick klubis Manchester United hooaja lõpuni ja on hiljem veel kaks aastat klubi juures konsultant.
Lokomotivi pressiteenistus teatas Match TV-le, et Rangnicki suhtes on juba varasemalt olnud kuulduseid. Muuhulgas seoses Newcastlei ja Barcelonaga. Siiski ei ole ta siiani nendesse klubidesse läinud.
Rangnick määrati Lokomotivi spordi-  ja arendusjuhiks juulis.
Treenerina on ta töötanud klubides Stuttgart, Hannover, Schalke, Hoffenheim ja RB Leipzig.
Pühapäeval lahkus Manchester Unitedi peatreeneri kohalt Ole Gunnar Solskjær.
Uue treeneri määramiseni juhib meeskonda Solskjæri treenerite staapi kuulunud Michael Carrick.
Saxo Bank ennustas 2022. aastal rubla tugevnemist dollari suhtes kuni 6970 rublani
Pangas arvatakse, et rublal aitab tugevneda Venemaa keskpanga juhi Elvira Nabiullina pragmaatilisus.
Dollari kurss võib 2022. aastal kukkuda kuni 6970 rublani, prognoosis pressikonverentsil Saxo Banki peaökonomist ja investeeringute direktor Steen Jakobsen.
Tema arvates toetab Venemaa valuutat keskpanga juhi Elvira Nabiullina pragmaatiliste sammude ja toorainete hindade tõusu kooslus.
Venemaa Panga juht Elvira Nabiullina ...on keskpanga väga pragmaatiline juht, ütles Jakobsen.
Selles mõttes rubla mulle meeldib, jätkab ekspert.
Meil on praegu uus toorainete tsükkel ja rubla on toorainete valuuta. Ma arvan, et rubla tugevneb, ütles ta.
Ekspert arvab, et rubla tugevneb pärast Nord Stream 2 käivitamist.
Kui maailm muudab oma päevakorda ja Saksamaa valitsus täpsustab oma kavatsusi seoses Nord Stream 2-ga, siis see küsimus lahendatakse.
See toob kaasa rubla tugevnemise, ütles ekspert.
Saxo Bank ootab ka 2021. aasta lõpuks Venemaal 710% inflatsiooni.
Te töötate keskkonnas, kus Venemaa valitsusel tuleb nii või teisiti kontrollida toiduainete hindu ja kasutada energeetikat geopoliitilise instrumendina. Inflatsiooni seisukohalt ei ole see kõige parem, ütles selle kohta Jakobsen.
Keskpanga praeguse prognoosi kohaselt tuleb Venemaa inflatsioon aasta tulemusena 7,47,9%.
Venemaa Pangas arvatakse samuti, et praegune raha- ja laenupoliitika lubab 2022. aasta lõpuks inflatsiooni aeglustada 44,5%-ni.
Esmaabi tervishoiule
Rahvusliku projekti Tervishoid üks prioriteetne eesmärk on esmatasandi meditsiiniabi arendamine.
Selle raames planeeritakse Moskva oblastis asendada kogu vananenud varustus, uuendada polikliinikud ja sõidukipark.
Venemaal realiseeritaks presidendi projekti Tervishoid. Regioonid saavad täiendavad finantsid remondi, seadmete uuendamise ja meditsiiniasutuste reorganiseerimise jaoks.
Presidendi antud ülesande täitmiseks võttis valitsus 2019. aastal vastu käskkirja ?? nr 1304, milles kinnitati tervishoiu esimese lüli moderniseerimise peamised põhimõtted kuni aastani 2024.
Jutt on optimaalselt asuvast infrastruktuurist, personaliprobleemide lahendamisest ning haiglate ja polikliinikute varustamisest vajalike seadmete ja transpordiga.
Selle dokumendi alusel töötas iga regioon välja oma territoriaalse programmi ja määras enda jaoks prioriteetsed suunad.
Peamine probleem on seotud personaliga.
Venemaa Föderatsiooni tervishoiuministeeriumi projektidega tegeleva ameti direktori Andrei Plutnitski arvates on kriitiliselt tähtis tingimus ühiskondliku arvamuse kujundamine ja esmatasandi meditsiinitöötajate rolli suurendamine.
Praegu on jaoskonnaarsti tähendus ametikaaslaste seas ja ühiskonnas alahinnatud.
Jaoskonnaarstide roll on tervishoius ja ühiskonnas kõige tähtsam. See on tervise hoidmine, haiguste ennetamine, ravimine (sh koos kitsa valdkonna spetsialistidega), inimeste juhendamine tervisliku eluviisi jätkamisel, on Andrei Plutnitski kindel.
Vananenud varustus esmatasandi tervishoius on kõikide riigi regioonide ühine probleem.
Venemaa Föderatsiooni tervishoiuministeeriumi andmetel on kuni 40% varustusest vananenud.
Jutt käib nn raskest varustusest nagu röntgeni, fluorograafia, mammograafia ja ultraheli aparaadid, endoskoopia seadmed ja laboratoorsed kompleksid, mida on kasutatud üle kümne aasta.
Rahvusliku Uurimisülikooli Kõrgem Majanduskool tervishoiuökonoomika instituudi andmetel on tegutsevast 3016-st mammograafia aparaadist üle kümne aasta kasutatud 1500, 5257-st diagnostilisest röntgenkompleksist 3000 ja 196-st kiiritusravis kasutatavast röntgenaparaadist 104.
Meditsiiniasutustes uuendati varustust viimati aastatel 20062013.
Rahvusliku Uurimisülikooli Kõrgem Majanduskool tervishoiuökonoomika instituudi direktori Larissa Popoviti sõnul vananeb meditsiinitehnika kahe-kolme aasta jooksul.
Praktiliselt kõik vana programmiga tsentraalselt soetatu vajab välja vahetamist.
Kui rääkida hoonete tehnilisest seisukorrast, siis Rahvusliku Uurimisülikooli Kõrgem Majanduskool analüütikute andmetel vajab iga viies meditsiiniasutus riigis kapitaalremonti: 21 000-st polikliinikust 4000 ja 11 000-st statsionaarsest asutusest 2000.
Rekonstruktsiooni vajab 180 polikliinikut, avariilises seisukorras on 400.
Venemaa 33 000-st traumapunktist (lühend EMO) ootavad kapitaalremonti 4000.
Infrastruktuuri uuendamise protsessi segas COVID-19 kriis.
Pandeemia algas föderaalse projekti Esmatasandi meditsiiniabi osutamise süsteemi arendamine realiseerimise teisel aastal ja ajas esialgsed aktsendid segamini, märgib Larissa Popovit.
Kuna täna on peamine tähelepanu suunatud epideemiaga võitlemisele, siis tema sõnul kontrollitakse rangemalt Covidi raviks vajaliku varustuse ostmist ja moderniseerimist.
Eelkõige on need hapnikujaamad ja verevarustuse süsteemid.
Siiski on igal regioonil oma territoriaalne tervishoiu arendamise programm, samuti föderaalne komponent tervishoiu rahvuslikust projektist.
2024. aastaks peavad kõik täitma seal toodud näitajad, on ekspert kindel.
Hoiustamine vaestele
Keskpank teeb ettepaneku luua eriline hoius vähekindlustatud venelastele
Keskpank pakub välja uue hoiuse, mille intressi võib vähekindlustatud inimeste jaoks siduda baasintressi või inflatsiooniga.
Pankade sõnul ei ole vaestel enamasti sääste ja inimesed ei mõista kõikuvate intressimäärade riske.
Arutades riigiduumas küsimust, kuidas teha pangahoiused atraktiivseks kõikidele kodanike gruppidele, ütles keskpanga esimehe asetäitja Olga Poljakova, et Venemaa Pank teeb ettepaneku välja töötada mehhanism väikeste sissetulekutega inimestele spetsiaalsete hoiuste loomiseks.
Tema sõnade järgi seotakse selline hoiustamine rea teiste tingimustega: inimesel peab olema ainult üks deposiit, summa on piiratud, intressimäär seotakse kas keskpanga baasintressiga või inflatsiooni tasemega.
Oleme valmis aktiivselt osalema selle mehhanismi väljatöötamises ja õigusaktide muutmise aruteludes, rõhutas Poljakova (tsitaadid Interfaksi põhjal).
Tema arvates võib väikese sissetulekuga inimeste väljaselgitamiseks kasutada riigi ühtset sotsiaalabi infosüsteemi, mille loomise ettepaneku tegi valitsus.
Alates 2022. aastast tõuseb eluruumide hind Moskvas 21%
Pealinnas määrati hind seitsmele miljonile elamu- ja ärikinnisvarale
Moskvas jõudis lõpule kinnisvara riiklik hindamine.
Alates 1. jaanuarist 2022. aastal tõuseb elamukinnisvara hind Moskvas keskmiselt 21%.
Sellest annab teada pealinna linnavaraamet.
Linnavaraameti juhi Maksim Gamani sõnade järgi on hinna suurenemine seotud korterite hindade järsu suurenemisega. Korterite hinnad tõusid 2020. aastal umbes 40%.
Maksim Gaman lisas, et ärikinnisvara hinnad suurenevad ümberhindamise raames 48%, kuigi turul suurenesid selles segmendi näitajad eelmisel aastal 811%.
Linnavaraameti sõnade järgi tehti riikliku hindamise raames hindamine seitsmele miljonile kinnisvaraobjektile, sealhulgas üle 300 000 maatükile.
Eesmärk oli luua uus baas kinnisvaramaksu, maamaksu ja linna kinnisvaratasu arvestamiseks.
Uus baas alustab tegevust alates 1. jaanuarist 2022. aastal.
Elamu- ja ärikinnisvara hindamist tehti Moskvas viimati 2018. aastal.
Uuenenud 12 ja köfte Tveri tänaval: Aleksandr Sõsojevi gastro-digest
Moskvas tekib pidevalt uusi gastronoomilisi kontseptsioone ja mõtestatakse ümber vanu.
Projekti SõsojevFM asutaja Aleksandr Sõsojev jagab siseinfot
Stepan Mihhalkov kohvikus 12
Uudis, mis paneb kõik oma kohale: restoranipidaja Stepan Mihhalkov ja kokk Aleksei Belikov (Vanil, Strelka) annavad uue elu Gogoli puiesteel asuvale kohvikule 12.
Restorani nimetus viib mõtted Nikita Mihhalkovi filmile ning on üsna kohane, et selles hakkab rahu ja korra eest vastutama reissööri poeg.
Uilliam Lamberti itaalia klassika
Restoranipidaja ja kokk Uilliam Lamberti jätkab meile itaalia klassika õpetamist  üsna varsti avatakse Rublevski privoz turul tema restoran Lumicino, mille eskiisi tegid DBA Group büroo inimesed.
Kuni Rublevo-Uspenski maantee elanikud alles harjuvad selle mõttega, on Boloi Nikitski asukad juba ammu välja valinud riietuse ja ootavad Lumicino lipulaeva avamist Brasiilia saatkonna lähistel.
Avamist lubati oktoobris, kuid see lükati edasi. Ootame.
Köfte ja balõkk-ekmek Tveri tänaval
Tilda gastrobaari meeskond liikus Tveri tänavale lähemale ja avas majas nr 19 türgi minutisöökla, kus menüüs on vaid kaks rooga  köfte ja balõkk-ekmek.
Joogid vastavad söögile  limonaad ja airaan.
Alati rõõmustab, kui suured inimesed teevad selliseid väikeseid projekte.
Vladimir Perelmani uus restoran
Detsembris avatakse 1. Tverski-Jamski tänaval Vladimir Perelmani restoran Sage.
Asutuse nime seletab ta nii: Sagel on kaks tähendust  elutark ja salvei. Mõlemad kirjeldavad restorani olemust.
Vastukaaluks sebimisele ja tunnustuse jahtimisele on siin elutarkus ja salvei ideaalne vorm.
Looduses on see lakooniline ja lihtne, roogades ja kastmetes avab miljoneid varjundeid.
Teda abistab Peterburi kunagine täht Dmitri Bilnov.
Gruusia Pretistenka tänaval
Ootan kannatamatult, millal avatakse Pretistenka tänav 19 gruusia köögi restoran Bagebi.
Seni on teada vähe, kuid juba need faktid avaldavad muljet.
Kohta käivitab Andrei Tepe (kuulus Peterburi eduka projekti Grebeshki järgi).
Partnerina lööb kaasa Vassili Tsepeteli.
Regis Triguel Sretenka tänaval
Sretenka tänav 22/1, hoones 1 on lõpuks avatud kauaoodatud projekt Lila, mis kuulub Galaktiona ja Elina Tabidze restoranidega samasse perre.
Kööki juhib siin prantslane Regis Triguel, kes on ammu Moskvas ja kellel on hulgaliselt austajaid. Usun, et Lilat ootavad ees suured teod.
Venemaa Keskkonna Operaator (vene k lühend REO) leppis Eurotsemendiga kokku prügist kütuse tootmises
REO leppis Eurotsemendiga kokku nende tsemenditehaste jaoks prügist kütuse tootmises.
Selle projekti investeeringuteks hinnatakse 2 miljardit rubla, tootmise mahuks 1 miljon tonni aastas.
REO leppis kokku alternatiivse kütuse kasutamises (jäätmete kasutamine kütusena, lühend RDF) Venemaa suurima tsemenditootja Eurotsement Grupp võimsustel.
Selle projekti realiseerimisse kavatseb investeerida ettevõtte Totka Tsentr grupp.
Telekanalile PBK teatas sellest REO esindaja, seda kinnitas Totka Tsentr juhtiv direktor Anton Kalanikov ja Eurotsemendi pressiteenistus.
RDF on graanulid, mis on pressitud sulatatud tahketest olmejäätmetest (vene k lühend TKO) ja tööstuslikest jäätmetest, mida kasutatakse soojusenergia tootmiseks tsemenditehaste ahjudes, kus hoitakse ligi 200 kraadist temperatuuri.
Kalanikovi sõnul investeeritakse sellesse projekti rohkem kui kolme aasta jooksul üle 2 miljardi rubla. Kasutatakse nii omavahendeid kui laenuraha.
See raha kulutatakse tehnoloogilisele auditile, kütuse tootmise seadmete soetamisele ja tsemenditehastesse kütuse väljastamise süsteemile, samuti töötajate koolitamisele.
Üle 100 meditsiiniga seotud idufirma laseb Moskva kliinikutes välja oma piloodid
Tervishoiu innovaatiliste tehnoloogiate Moskva keskuse, sotsiaalse arengu kompleksi, Medsi kliinikute võrgu ja rahvusvahelise partneri TechTour korraldatud Moskva meditsiiniliste idufirmade kiirendil Future Healthcare osalemiseks esitati 131 avaldust Venemaalt ja Euroopast.
Need andmed esitas nädal enne kiirendil osalemise avalduste vastuvõtu lõpetamist tervishoiu innovaatiliste tehnoloogiate Moskva keskuse peadirektor Vjateslav ulenin.
Future Healthcareil osalemise avaldusi hakati vastu võtma 9. septembril. Oktoobri keskel pikendati avalduste vastuvõttu kuni 1. detsembrini.
Lõpetame Future Healthcare kiirendil osalemise avalduste vastuvõtu nädala pärast.
Septembrist alates oleme saanud juba üle 100 avalduse, kuid rõõmustame, kui meie projektiga liitub veel meeskondi tervishoiu perspektiivsete tehnoloogiliste toodetega, rääkis ulenin.
Kiirendil osalevate projektide seas näeme juba huvitavaid arendusi. Näiteks iOS rakendus vereanalüüsi tegemiseks tehisintellekti abil või biosensoorsel tehnoloogial põhinevad kontaktläätsed silmasisese rõhu jälgimiseks, lisas ulenin.
COVID-19 kindlustuse alusel venelastele tehtud väljamaksete arv suurenes 2021. aastal järsult
Suurtes kindlustusfirmades on võrreldes 2020. aastaga fikseeritud klientidele koroonaviirusesse haigestumist katvate kindlustuste alusel tehtud väljamaksete mahu oluline suurenemine.
Seda räägiti kindlustusfirmades RESO-Garantija, Soglasie, Jugorie, Ingosstrahha, VSK ja Absolut Strahhovanie.
Izvestija suhtles pandeemia ajal selliste poliiside müügist 17 kindlustajaga.
Seitsme vastustest järeldub, et COVID-19 haigestumisega seotud juhtumites on klientidele üle kantud 850 miljoni rubla.
Kindlustuse keskmine hind kõikus 3300 ja 8400 rubla vahel, kompensatsioon aga 2400 ja 1,291 miljoni vahel.
Seejuures mõned poliisid tagavad kompensatsiooni juba positiivse PCR-testi korral, teised aga alles hospitaliseerimise või raske haigestumise korral.
Kindlustusfirma CAO RESO-Garantija eraisikute ja välisreiside kindlustustoodete juht Nadeda Griina rääkis, et 2021. aasta kümne kuuga maksti koroonaviirusega haigestunud klientidele välja 95 miljonit rubla, 2020. aastal aga 73 miljonit rubla.
Koroonaviiruse diagnostikaga ja raviga seotud kulud on jooksval aastal suurenenud kokku 1015%.
Lisaks tõi firma välja nende kulude kasvu, mis on seotud sagedaste COVIDi järgsete tüsistustega, mille arvelt on suurenenud ka keskmise väljamakse suurus.
Sama kinnitati ka VSK-s.
Enamik kliente keskendus sellistele poliisidele, mis lubavad toime tulla COVID-19 tagajärgedega.
Organisatsiooni pressiteenistus teatas, et võrreldes 2020. aastaga suurenes selliste kindlustuste nõudlus 35% ja neid ostis 128 000 venelast,.
Firmas Absolut Strahhovanie suurenes koroonaviiruse hüvitiste arv võrreldes eelmise aasta sama perioodiga 2,6 korda, kompensatsiooni suurus aga 2,3 korda ehk kuni 32, 3 miljonini. Sellest andis teada ettevõtte hüvitiste reguleerimise osakonna direktor Igor Ljukin.
Putin vabastas föderaalse vanglateenistuse (vene k lühend FSIN) juhi kohalt Kalanikovi
Venemaa president Vladimir Putin vabastas Venemaa Föderatsiooni FSIN juhi kohalt Aleksandr Kalanikovi ja määras sellele kohale Arkadi Gostevi.
Vabastada Aleksandr Pjotri poeg Kalanikov föderaalse vanglateenistuse direktori ametikohalt.
Ukaas jõustub allakirjutamise päeval, on kirjas presidendi ukaasis.
Järgmise ukaasiga määrati FSIN direktori ametikohale Arkadi Gostev.
Seoses direktori ametikohale suundumisega vabastati Venemaa Föderatsiooni siseministri asetäitja ametikohalt, kus ta töötas alates 14. juunist 2021. aastal.
Aleksandr Kalanikov töötas FSIN juhi ametikohal alates 2018. aasta oktoobrist.
Vahemikus 2011. aasta juunist kuni 2017. aasta maini oli ta Venemaa Föderatsiooni FSB juht Komi Vabariigis, seejärel sai temast Krasnojarski krai UFSB juht.
Eelmise aasta veebruaris vabastas Putin ametist siseministeeriumi ja eriolukordade ministeeriumi neli kindralit, samuti tegi mitmeid muudatusi jõuametkondade süsteemis.
Samuti vabastas president ametist justiitspolkovniku Aleksandr Sarafanovi, kes oli Moskva oblasti uurimiskomitee valitsuse juhi asetäitja, ja siseteenistuse kindralleitnandi Ruslan Jahjajevi, kes oli Teteenia Vabariigi eriolukordade ministeeriumi valitsuse juht.
Tõeline paradiis: El Salvador ehitab vulkaanile Bitcoin-Cityt
Maksudeta linna ehitamine algab juba järgmisel aastal
El Salvadori valitsus tegi veel ühe sammu, et muuta riik ekstravagantseks krüptovaluuta-liberaalseks utoopiaks.
President Nayib Bukele lubas Vaikse ookeani kaldale ehitada Bitcoin-City, mida hakatakse täielikult varustama vulkaani energiaga.
Linna elanikud vabastatakse täielikult maksudest (v.a käibemaks).
Uue asustatud punkti ehitamist kavatsetakse rahastada spetsiaalsete vulkaaniliste obligatsioonide arvelt.
Ainuüksi esimese trükiga plaanivad salvadorlased saada ühe miljardi.
Täpsemalt Izvestija materjalis.
Salvador on Ladina-Ameerika üks väiksemaid riike (SKT poolest on väiksemad vaid Venetsueela, Boliivia, Honduras, Nikaraagua ja Guatemala). Enamikel inimestel seostub riik kuritegevuse kõrge tasemega, massilise väljarändega USA-sse ja kuritegeliku grupiga Mara Salvatrucha.
Muus osas peetakse El Salvadori Ladina-Ameerika provintsiks.
Hoopis uues valguses esitas seda riiki president Nayib Bukele, kes otsustas sellel aastal riigist teha krüptovaluuta tööstuse peamise maailmakeskuse.
Bukele on äärmiselt huvitav poliitik. Kui ta oleks veidi suurema riigi president, siis ta oleks tõenäoliselt pidevalt maailma suurimate väljaannete esikaantel.
40-aastane president on pärit Lähis-Ida araablaste-kristlaste perest. Selliseid on Ladina-Ameerikas miljoneid.
Kuigi tema isa pöördus islamisse alles küpses eas ja asutas riigi esimese moee.
Nayib ise austab kõiki Aabrahamlikke religioone ja on teinud peadpööritava poliitilise karjääri  tillukese Nuevo Cuscatlán linna linnapeast (2012) pealinna San Salvadori linnapeaks (2015) ja sealt presidendiks (2019).
Ta omandas tugeva käe maine, kui võitles juhitavatel territooriumitel kuritegevusega. Presidendivalimistel purustas ta konkurendid, kelle panid välja El Salvadori poliitilisel maastikul domineerivad kaks süsteemiparteid.
Pärast valimisi oli tema reiting võimas.
Pärast 2019. aastat ei ole ta mitte üheski rahuloluküsitluses saanud alla 80%  sellised tulemused ei ole jõukohased igale diktaatorile.
Üldist rahulolu ei seganud (võib-olla ka aitas kaasa) isegi Napoleoni stiilis vägede sisseviimine parlamenti, et saada presidendile vajalik heakskiit USA-lt laenu võtmise seadusele.
2019. aastal alustati surfarite varjupaigas, väikeses linnas El Zontes koosluse loomise eksperimenti, kus maksmiseks kasutataks krüptovaluutat.
Bitcoin Beach programm osutus üsna edukaks, kuigi suurem enamus külaelanikest algselt ei usaldanud krüptot.
Sellegipoolest kasutati virtuaalset valuutat 2020. aastaks aktiivselt pandeemias kannatanud perede aitamiseks ja isegi edukalt kodutööd sooritanud kooliõpilaste tasustamiseks.
Näide innustas Bukelet ja ta otsustas teha midagi sarnast riiklikul tasemel.
Ametlik krüpto
5. juunil 2021. aastal teatas president, et kavatseb lähiajal teha bitcoini riigis ametlikuks maksevahendiks.
Sõnadelt mindi tegudele üle väga kiiresti  8. juunil võttis seaduseelnõu vastu selleks hetkeks riigipeale ülimalt lojaalne parlament.
Vähem kui kolme kuu pärast, 7. septembril, algas esimest korda maailmas bitcoini reaalne juurutamine Salvadori finantssüsteemi.
Härja käsul: millised uued maksimumid ootavad krüptoturgu aasta lõpuks?
Kui palju võivad veel tõusta hinnad tipp-müntidele ja kuidas muutub kapitalisatsioon?
Plaan oli selline: riik ostis riigieelarveliste vahenditega 400 bitcoini kogusummas ligi 20 miljonit USA dollari eest.
Vahemärkus  see mõjutas oluliselt kõige populaarsema krüptovaluuta enda kurssi ja lubas sellel esimest korda alates maist tõusta üle 50 000 USD märgi.
Samal ajal käivitas võim rakenduse Chivo, mille iga salvadorlane võis alla laadida ja saada endale krüptorahakotti 30 USD väärtuses bitcoine.
Kogu operatsiooni viisid salvadorlased läbi iseseisvalt, IT-valdkonna entusiastide abiga.
Maailmapank keeldus sellise operatsiooni toetamisest.
Peamine mõte seisnes selles, et riigi kodanikud saaksid ligipääsu elektroonilistele maksetele ja jätaks maha traditsioonilised eelkäijad (pangad, maksesüsteemid).
Bukele põhjendas seda sellega, et riigi elanikud hoiavad bitcoinidega arveldades ülekannetelt kokku ligi 400 miljonit.
Tema sõnade järgi pidi riik nii katkestama mineviku traditsioonid ja tegema sammu esimesse maailma.
Paraku tuli alguses pigem komberdada.
Esiteks ei oma ligi pool riigi elanikest turvalist ligipääsu internetile. Seega ei saanud ka nautida eraldatud finantssüsteemide eeliseid.
Teiseks puutusid paljud neist, kellel see võimalus oli, kokku probleemiga, et rakendust oli Applei, Googlei või Huawei platvormidelt võimatu alla laadida.
Selgus, et rakenduse väljatöötajad ei arvestanud suure samaaegse huviga programmi vastu ja traffic ületas serverite võimalused.
Kui aga olukord stabiliseerus, otsustas valitsus siiski, et eksperiment oli üldiselt edukas ja ostis juurde 150 bitcoini, kasutades ära hindade ajutist alanemist krüptobörsidel.
Föderatsiooni Nõukogus arutati taksode seaduseelnõud
Föderatsiooni Nõukogu arutas taksode seaduseelnõud ja saatis valdkonna esindajatele oma soovitused.
Nagu teatab 25. novembril Izvestija korrespondent, paluvad poliitikud muuhulgas transpordiministeeriumil pöörata erilist tähelepanu taksoplatvormidele kui digitaalsetele tehnoloogilistele platvormidele, mille tegevus toimub mitte ainult info- ja telekommunikatsioonivõrgu Internet abil, vaid ka mobiiltelefonidele mõeldud rakendustega, ning reguleerida platvormide tegevus föderaalsel tasemel, luues taksoplatvormidele föderaalse registri.
Vastutus elu, tervise ja vara eest soovitatakse jagada platvormi, juhi ja taksopargi vahel.
Samuti ei tohi lubada ülemääraseid ja põhjendamatuid nõudmisi juhtidele, taksoparkidele, platvormidele ja autodele, kuna see võib piirata konkurentsi turul, tõsta hindu ja suunata lahkuma varimajandusse.
Samal ajal tehakse ettepanek välja töötada meetmete pakett autoomanike vastutuse suurendamiseks sobimatu tehnilise seisukorra eest.
Pöördudes juba keskpanga poole, soovitas Föderaalne Nõukogu pöörata tähelepanu taksojuhtide jaoks põhjendamatult kõrgetele OSAGO poliiside tariifidele ja nende vormistamise keerukusele.
Samuti soovitati riikliku toega arendada aktiivselt taksoteenuses elektritranspordi kasutamist ja stimuleerida turuosalisi üle minema väga keskkonnasäästlikele autodele.
Oleme huvitatud sellest, et taksode turule lisanduvad elektriautod, kuna see on keskkonnasäästlik transport ja mugav reisijatele.
Kahjuks ei ole praegusele hetkel elektriauto mudelit, mis vastaks taksoteenuse nõuetele ning tagaks tasakaalu hinna ja tehniliste omaduste vahel.
Näiteks on piisava liikumisvaruga elektriautod liiga kallid.
Ja vastupidi  hinna poolest sobivatel autodel puudub Venemaal kasutamiseks sertifikaat, märgib Irina Zaripova, taksoteenuse arendamise ühiskondliku nõukogu esinaine.
Tallinna meeriks valiti tagasi vene keelt kõnelev Mihhail Kõlvart
Tallinna Linnavolikogu valis neljapäevasel istungil pealinna meeriks tagasi keskpartei liikme Mihhail Kõlvarti.
Tema kandidatuuri toetas 79-st saadikust 46, tema konkurenti Urmas Reinsalu Isamaa parteist toetas 21.
Kõlvart valiti esimest korda pealinna meeriks 2019. aastal.
Enne seda oli ta hariduse, kultuuri, noorsoo, spordi ja integratsiooni valdkonna aselinnapea.
Ta on tegutsenud juristina ning õpetanud kõrgkoolis kultuuri ja retoorika ajalugu.
Kõlvart sündis 1977. aastal Kasahstanis.
Tema isa Ülo Kõlvart on eestlane ja ema Lidia Grigorjevna Hiina juurtega korealanna.
Alates 3. eluaastast elab Tallinnas.
Tuntud kui venekeelse kooli kaitsja, 2010. aastal valiti Vene Kooli nõukogusse.
2010. aastal määrati Eesti presidendi juures tegutseva Eesti Koostöö Kogu rahvuste ümarlaua liikmeks ja kultuuriministeeriumi juures tegutseva Eesti Rahvuste Noortekoja liikmeks.
Hiljem peatas osaluse seoses parlamendi valimistega.
Kõlvart on silmapaistev sportlane, võitnud erinevatel taekwondo, kikkpoksi ja poksi turniiridel, sh on ta võitnud hõbemedali III Võitluskunstide Maailmamängudel.
Tal on taekwondos must vöö.
Eesti Taekwondo Liidu asutaja.
Alates 2017. aastast juhib selle spordiala Eesti Föderatsiooni.
Ermitaa selgitas virtuaalselt näituselt maali röövimiskatset PR-võttena
Neljapäeval Interfaksis toimunud pressikonverentsil teatas Ermitaai direktor Mihhail Piotrovski, et novembri keskpaigas tehtud avaldus virtuaalselt NFT-näituselt maali röövimiskatse kohta oli hea PR-võte.
Väga hea PR-käik, mis lubab mujal ringi vaadata.
(...) Ühe lihtsalt näituse kohta tehtud publikatsiooni kohta oli umbes kuus või seitse publikatsiooni selle kohta, et (...) püüdsid röövida (maali  NF), ütles juht.
Üks virtuaalse näituse kuraatoritest, Ermitaai kaasaegse kunsti osakonna juhataja Dmitri Ozerkov tunnistas, et maali röövimiskatse kavandas muuseum ise.
Üks meie külastajatest hakkas maali ruumis ümber paigutama. See oli meie planeeritud käik, kuna tahtsime külastajaid näitusele meelitada ja loomulikult uudiste pealkirjad digitaalse maali väljaviimise katsest meelitavad väga, ütles kuraator.
Virtuaalne NFT-näitus Nähtamatu eeter (NFT  digitaalne sertifikaat, mis tõendab digitaalse teose omamise õigust, IF) avati 10. novembril.
Järgmisel päeval teatas Ermitaai pressiteenistus, et üks külastajatest püüdis digitaalset maali ära viia, kuid intsident hoiti ära ja eksponaat tagastati oma kohale.
Sellel näitusel oli meie ülesanne näidata, mis on NFT-kunst ja mis on digitaalne kunst. Kui me eemaldame sellelt turu, kauplemise, hinnad, imetluse nimega aiotaa, (...) kui eemaldame NFT-st PR-osa, (...) kas siis mingi kunst jääb alles? selgitas Ozerkov.
Tema sõnade järgi on see valgustav näitus, mis kannab infot uue kunsti kohta.
Ekspositsiooni valmistati ette aasta.
Tulemusena ilmusid Peterburi Börsi hoone virtuaalsesse ruumi 38 NFT-eksponaati  videod, helitööd, masinõppe võrgu ja tehisintellekti abil loodud teosed.
Mõned NFT-teosed loodi spetsiaalselt selle näituse jaoks.
Näitus kestab kuni 10. detsembrini.
