24. září 1759 podepsal Artur Guiness smlouvu o pronájmu pivovaru Brána Sv. Jakuba v Dublinu v Irsku na 9 000 let.
O 250 let později se Guinness stává celosvětovým podnikem s obratem více než 10 miliard euro (14,7 miliardy dolarů) ročně.
Herní vydavatel Konami dnes v japonském tisku uvedl, že nebude vydávat hru Six Days in Fallujah.
Hra je založena na druhé bitvě u Fallúdže, krutém střetu mezi americkými a iráckými silami.
Pasažéři dostali vodu, protože čekali ve 30° horku.
Kapitán požárníků Scott Kouns řekl: „Byl to tehdy v Santa Claře horký den s teplotami přes 30 stupňů.
"Uvíznout na horské dráze po jakkoliv dlouhou dobu musí být přinejmenším nepříjemné, přičemž zabralo nejméně hodinu dostat z atrakce prvního člověka."""
Militaristická povaha Římské říše přispěla k lékařským pokrokům.
Rekrutovat lékaře začal císař Augustus a dokonce vytvořil první Římský lékařský sbor, který měl najít své uplatnění po skončení bitev.
Lékaři znali různá sedativa včetně morfia z výtažků máku a skopolaminu ze semen blínu.
Naučili se amputovat končetiny, aby zachránili pacienty před gangrénou, a také používat škrtidla a arteriální svorky k zastavení průtoku krve.
Po několik století dosahovalo římské impérium značných úspěchů na poli medicíny a zformovalo mnohé z toho, co víme dnes.