Kromě drtivého ledu se snahy o záchranu potýkaly i s extrémními klimatickými podmínkami.
Pittman naznačil, že se podmínky nezlepší až do příštího týdne.
Množství a tloušťka pole ledových ker byly podle Pittmana pro lovce tuleňů nejhorší za posledních 15 let.
Felicia, dříve bouře kategorie 4 na Saffirově-Simpsonově hurikánové stupnici, zeslábla na tropickou tlakovou níži a v úterý se pak rozptýlila.
Zbytky vyvolaly lijáky na celém území ostrovů, ale zatím bez zpráv o ničivých povodních.
Srážky, dosahující 16,1 cm naměřených na Oahu, byly popsány jako „přínosné“.
Některé z dešťů byly doprovázeny bouřemi a častými blesky.
Tornádo je rotující sloupec vzduchu s velmi nízkým tlakem, který nasává dovnitř a směrem nahoru okolní vzduch.
Způsobují velmi silný vítr (často 100–200 mil za hodinu) a mohou zvednout do vzduchu i těžké předměty, které se pak společně s tornádem přemístí.
Začínají jako trychtýře, které se spouštějí z bouřkových mraků, a „tornády“ se stávají při styku se zemí.