"""Panama dokumendid"" on üldtermin, mis tähistab Panama advokaadibüroo Mossack Fonseca umbes kümmet miljonit dokumenti, mis 2016. aasta kevadel ajakirjandusse lekkisid."
Dokumendid näitasid, et neliteist panka aitasid jõukatel klientidel maksudest ja muudest regulatsioonidest hoidumiseks peita miljardite USA dollarite väärtuses vara.
Briti ajaleht The Guardian vihjas, et Deutsche Bank kontrollib umbes kolmandikku 1200-st riiulifirmast, mida selle saavutamiseks kasutati.
Kogu maailmas korraldati proteste, algatati mitmeid kriminaalmenetlusi ning nii Islandi kui Pakistani valitsusjuhid astusid tagasi.
Iraagi Abu Ghraibi vangla pandi mässu käigus põlema.
Vangla sai kurikuulsaks, kui pärast Ameerika Ühendriikide vägede ülevõttu avastati, et seal kuritarvitati vange.
Piquet noorem tegi 2008. aasta Singapuri GP-etapil avarii kohe peale Fernando Alonso varast boksipeatust, tuues rajale ohutusauto.
Sel ajal, kui Alonso ees olevad autod läksid ohutusauto taga bensiini võtma, liikus tema järjest ülespoole ja võitis.
Piquet Jr. lasti pärast 2009. aasta Ungari Grand Prix’d lahti.
Viimase 3 kuu jooksul vabastati üle 80 arreteeritu vahistamise keskasutusest ilma ametliku süüdistuseta.
Selle aasta aprillis andis kohtunik Glynn välja ajutise tõkendi, mis võimaldas vabastada isikud, keda kohtuvolinik polnud 24 tunni jooksul pärast kinnipidamist üle kuulanud.
Volinik määrab kautsjoni, kui see on lubatud, ja paneb ametlikult kirja vahistanud politseiniku esitatud süüdistused. Süüdistused sisestatakse seejärel riigi arvutisüsteemi, milles juhtumit jälgitakse.
Kohtuistung tähistab ka kahtlusaluse kiire kohtumõistmise õiguse kuupäeva.
Ansa sõnul „tegid politseile muret paari tipptegija mõrvad, kuna nad kartsid, et see võib käivitada täiemahulise pärilussõja.
Politsei ütles, et Lo Piccolo'l oli rohkem võimu, sest ta oli olnud Palermos Provenzano parem käsi ja suuremad kogemused tagasid talle vanemate generatsioonide ülemuste austuse, kuna nad jälgisid Provenzano eeskirju, hoides oma võimuvõrgustiku tugevdamisel võimalikult madalat profiili.
Need bossid sai kontrolli alla Provenzano, kui ta tegi 1992. aastal lõpu Riina juhitud riigivastasele sõjale, mille tagajärjel kaotasid oma elu maffia ristisõdijad Giovanni Falcone ja Paolo Borsellino.”
Brasiilia on suurim roomakatoliku riik maailmas ja roomakatoliku kirik on järjekindlalt vastu seisnud samasooliste abielu legaliseerimise vastu riigis.
Brasiilia Rahvuskongress on legaliseerimise üle arutlenud 10 aastat ja sellised ilmalikud laulatused on hetkel legaalsed ainult Rio Grande do Sulis.
Esialgse seaduseelnõu moodustas São Paulo endine linnapea Marta Suplicy. Seadusandlik ettepanek on nüüd, pärast paranduste läbimist, Roberto Jeffersoni kätes.
Protestijad loodavad koguda petitsiooni jaoks 1,2 miljonit allkirja ja esitada selle novembris Rahvuskongressile.
Pärast seda, kui ilmnes, et paljud perekonnad otsisid juriidilist abi väljatõstmiste vastu võitlemiseks, korraldati koosoleks 20. märtsil East Bay Community Law Centeris elamispinna pettusega seotud inimestele.
Kui üürnikud hakkasid jagama, mis nendega juhtus, taipasid enamik sellega seotud perekondi äkitselt, et Carolyn Wilson OHA-st oli nende tagatised ära varastanud ja linnast põgenenud.
Lockwood Gardensi üürnikud usuvad, et väljatõstmist ootab veel 40 või rohkem perekonda, kuna saadi teada, et OHA politsei uurib ka teisi Oaklandi kommunaalelamuid, mis eluasemepettusesse kaasatud olla võivad.
Bänd tühistas kontserdi Maui sõjamemoriaali staadiumil, kus pidi osalema 9000 inimest, ja vabandas fännide ees.
Bändi administreeriv HK Management Inc. ei andnud 20. septembril tühistamise kohta esialgset põhjust, kuid järgmisel päeval süüdistas logistilisi põhjuseid.
Nimekad Kreeka advokaadid Sakis Kechagioglou ja George Nikolakopoulos on Ateena Korydalluse vanglas, kuna nad tunnistati süüdi pistise andmises ja korruptsioonis.
Selle tulemusena on Kreeka õiguskogukonnas välja kujunenud suur skandaal, mis tugineb viimastel aastatel tehtud kohtunike, juristide, barristeride ja advokaatide ebaseaduslike tegevuste paljastamisele.
Mõni nädal tagasi, pärast seda, kui ajakirjanik Makis Triantafylopoulos avaldas oma populaarses Alpha TV telesaates „Zoungla” teavet, astus parlamendi liige ja advokaat Petros Mantouvalos ametist tagasi, kuna tema kabineti liikmed olid seotud ebaseadusliku altkäemaksu ja korruptsiooniga.
Lisaks vangistati tippkohtunik  Evangelos Kalousis, sest ta tunnistati süüdi korruptsioonis ja ebamoraalses käitumises.
Täna levisid Jeff Weise'i ja üheksast ohvrist kolme matuseid pidavas Red Lake'i kogukonnas uudised, et 21. märtsi koolitulistamisega seoses on arreteeritud veel üks õpilane.
Ametivõimud ei avaldanud ametlikult kuigivõrd infot peale tänase kinnipidamise kinnitamise.
Uurimise käigust teadlik allikas ütles Minneapolise Star-Tribune'ile, et see oli Louis Jourdain, Red Lake'i hõimu esimehe Floyd Jourdaini 16-aastane poeg.
Praegu pole teada, milline on esitatav süüdistus või kuidas ametivõimud poisini jõudsid, kuid föderaalkohtus on alanud alaealist puudutav menetlus.
Christopher Garcia, Los Angelese politseijaoskonna esindaja ütles, et õigust rikkunud meest uuritakse pigem territooriumil loata viibimise kui vandalismi eest.
Silt ei saanud füüsiliselt kahjustada; selle muutmiseks kasutati musti presentkatteid, mis olid kaunistatud rahumärgi ja südamega, et muuta O-tähed väikesteks e-tähtedeks.
Mumbai ründajad saabusid paadiga 26. novembril 2008, tuues endaga granaate ja automaatrelvi, ning tabasid mitut sihtmärki, sealhulgas rahvarikast Chhatrapati Shivaji Terminuse raudteejaama ning kuulsat Taj Mahali hotelli.
David Headley luuretegevus ja andmete kogumine olid aidanud Pakistani sõjalisest rühmitusest Laskhar-e-Taiba pärit 10 tulistaja operatsiooni õnnestumisele kaasa.
Rünnak tekitas India ja Pakistani suhetes suuri pingeid.
2009. aastal autasustati teda aasta riikliku juhataja tiitliga.
Auhinna andmise ajal oli Atlanta koolide testide tulemustes märgata suuri edusamme.
Peatselt avaldati ajalehes Atlanta Journal-Constitution aruanne, mis tõi välja katse tulemuste probleemid.
Aruandest selgus, et testide punktisummad olid ebausutavalt kiiresti kasvanud, ning väidetavalt avastas kool siseprobleeme, kuid ei tegutsenud järelduste põhjal.
Seejärel viitasid tõendid sellele, et teste oli võltsinud Hall koos 34 teise haridusametnikuga, kellele esitati süüdistus 2013. aastal.
Kohtuprotsess toimus Birminghami Crown Courti kohtus ja sai läbi 3. augustil.
Sündmuskohal vahistatud saatejuht eitas rünnakut ja väitis, et ta kasutas masti selleks, et kaitsta ennast pudelite eest, millega umbes kolmkümmend inimest teda viskasid.
Blake mõisteti süüdi ka õigusemõistmise takistamise katses.
Kohtunik ütles Blake'ile, et vangiminek on peaaegu vältimatu.
Väidetavalt juhtis mees lõhkeainet täis kolmerattalise sõiduki rahva sekka.
Pommi õhkimises kahtlustatav mees vahistati pärast plahvatuses vigastada saamist.
Tema nimi on ikka veel võimudele teadmata, kuigi nad teavad, et ta on uiguuri etnilise rühma liige.
Probleem sai alguse 1. jaanuaril, kui kümned kohalikud elanikud hakkasid kurtma Obanazawa postkontorile, et nad polnud saanud oma traditsioonilisi ja tavapäraseid uusaastakaarte.
Eile palus postkontor kodanikelt ja meedialt vabandust pärast seda, kui nad avastasid, et poiss oli peitnud üle 600 postidokumendi, sh 429 uue aasta postkaarti, mida polnud ettenähtud adressaatidele saadetud.
„Tänan neid, kes toetasid minusugust süüdimõistetut,” tsiteeriti Siriporn'i pressikonverentsil öeldut.
Kõik ei pruugi sellega nõustuda, kuid mind see ei huvita.
Olen õnnelik, et on inimesi, kes on valmis mind toetama.
Ta ütles: „Luureandmete kohaselt pole märki, et varsti on oodata rünnakut.
Ohutaseme vähendamine tõsisele tasemele ei tähenda, et üldine oht oleks kadunud.”
Samal ajal kui võimud ei ole ähvarduse tõsiseltvõetavuses kindlad, korraldas Marylandi transpordiamet FBI nõudmisel sulgemise.
Kallureid kasutati tunnelite sissepääsude blokeerimiseks ning 80 politseinikku aitas sõidukeid ümbersõitudele juhtida.
Linna ümbritseval ringteel, mis on linna alternatiivtee, ei olnud teadete kohaselt tihedat liiklust.
Juhtumit menetleti Virginias, sest seal asub juhtiv internetiteenuse pakkuja AOL, kes süüditused esitas.
See on esimene kord, kui süüdimõistmine on saavutatud 2003. aastal jõustatud seaduseg, mille eesmärk oli ohjeldada hulgimeili ehk spämmi soovimata levitamist kasutajate postkastidesse.
Loomade vabastamise organisatsioon ja Kuninglik loomakaitseühing (RSPCA) nõuavad taas CCTC kaamerate kohustuslikku paigaldamist kõikidesse Austraalia tapamajadesse.
RSPCA New South Walesi peainspektor David O'Shannessy ütles ABC-le, et tapamajade järelevalve ja ülevaatused peaksid Austraalias üldlevinud olema.
"""Valvekaamera annaks nendele loomadega töötavatele inimestele kindlasti selgelt mõista, et loomade heaolu on esmatähtis."""
Karno on tuntud kuid vastuoluline inglise keele õpetaja, kes õpetas koolides Modern Education ja King's Glory ning kes väitis, et tal oli oma karjääri tipppunktis 9000 õpilast.
Oma märkustes kasutas ta sõnu, mida osa vanematest pidas jämedakoeliseks, ning väidetavalt ropendas ta klassis.
Kaasaegne haridus süüdistas teda suurte reklaamide trükkimises busside peale ilma volituseta ja valetamises, kui ta väitis, et ta oli peamine inglise keele õpetaja.
Teda on ka varem süüdistatud autoriõiguste rikkumises, kuid teda ei mõistetud süüdi.
Endise õpilase sõnul kasutas ta tunnis slängi, õpetas märkmetes kohtingute oskusi ja oli õpilastele sõbra eest.