"Panamski dokumenti" je krovni izraz, ki zajema približno deset milijonov dokumentov panamske odvetniške družbe Mossack Fonseca, ki so pricurljali v medije spomladi leta 2016.
Iz dokumentov je bilo razvidno, da je štirinajst bank pomagalo premožnim strankam skriti na milijarde ameriških dolarjev premoženja, da bi se izognili davkom in drugim omejitvam.
Britanski časnik The Guardian je namignil, da Deutsche Bank upravlja slabo tretjino od 1200 slamnatih podjetij, ki so jih uporabili za ta namen.
Po celem svetu so izbruhnili protesti, izvedli so več kazenskih pregonov, voditelja islandske ter pakistanske vlade pa sta odstopila.
Iraški zapor Abu Ghraib so med izgredi zajeli plameni.
Zapor je na slabem glasu, odkar so ugotovili, da je tam prihajalo do zlorabljanja zapornikov, ko so nadzor prevzele sile ZDA.
Piquet mlajši se je zaletel na veliki nagradi Singapurja 2008 in na stezo zapeljal varnostni avto tik zatem, ko je Fernando Alonso opravil z nenačrtovanim postankom v boksih.
Ko so vozniki pred Alonsom vozili za varnostnim avtom zaradi dotakanja goriva, se je ta prerinil v ospredje in zmagal.
Piqueta mlajšega so izključili po veliki nagradi Madžarske 2009.
V zadnjih treh mesecih so iz stavbe Central Booking izpustili več kot 80 aretirancev, ne da bi bili uradno obtoženi.
Aprila letos je sodnik Glynn izdal začasno prepoved približevanja objektu, da bi izsilil izpust tistih, ki so jih pridržali v priporu za več kot 24 ur in jih ni zaslišal komisar.
Komisar določi varščino, če je ta odobrena, in uradno potrdi obtožnico, ki jo je vložil policist ob prijetju. Obtožnica je vnesena v državni računalniški sistem, kjer je primer mogoče spremljati.
Obravnava je hkrati tudi datum, ko lahko osumljenec uveljavlja pravico do hitrega sojenja.
Po poročanju Anse "je bila policija zaskrbljena zaradi naročenih umorov nekaterih pomembnih akterjev, ki bi lahko zanetili odprto vojno za nasledstvo.
Policija je povedala, da je bil Lo Piccolo na močnejšem položaju, saj je bil v Palermu desna roka Provenzana, zaradi velike izkušenosti pa je pridobil spoštovanje starejše generacije šefov, ki so sledili Provenzanovemu pravilu, da je treba ostati kar se da neopažen in hkrati jačati svojo mrežo moči.
Prevlado nad temi šefi je prevzel Provenzano, ko je pod vodstvom Riine končal vojno z državo, ki je leta 1992 vzela življenja mafijskih križarjev Giovannija Falconeja in Paola Borsellina."
Brazilija je največja rimokatoliška država na Zemlji, pri čemer je rimokatoliška cerkev od nekdaj nasprotovala legalizaciji istospolnih porok v tej državi.
Narodni kongres Brazilije je legalizacijo pretresal 10 let in takšne civilne poroke so trenutno dovoljene le v Rio Grande do Sul.
Prvotni osnutek zakona je pripravila nekdanja županja Sao Paula, Marta Suplicy. Po spremembah je predlagana zakonodaja zdaj v rokah Roberta Jeffersona.
Protestniki upajo, da bodo zbrali 1,2 milijona podpisov peticije, ki jo bodo narodnemu kongresu predstavili v novembru.
Potem ko je postalo jasno, da številne družine iščejo pravno pomoč za boj proti prisilnim izselitvam, je 20. marca v pravnem centru skupnosti East Bay potekal sestanek za žrtve stanovanjske prevare.
Ko so se najemniki začeli pogovarjati o tem, kar se jim je zgodilo, je večina vpletenih družin nenadoma ugotovila, da je Carolyn Wilson iz Oakland Housing Authority ukradla njihove varščine in pobegnila iz mesta.
Najemniki menijo, da bi lahko izselitev grozila še 40 družinam, odkar so izvedeli, da policija OHA preiskuje tudi druge javne stanovanjske prostore v Oaklandu, ki bi lahko bili vpleteni v stanovanjsko goljufijo.
Skupina je odpovedala svoj nastop na stadionu War Memorial v Mauiju, ki naj bi ga obiskalo 9000 ljudi, in se opravičila oboževalcem.
Menedžerska družba skupine HK Management Inc. sprva ni podala nobenega razloga, ko so 20. septembra odpovedali nastop, naslednji dan pa so se izgovarjali na logistiko.
Slavna grška odvetnika Sakis Kechagioglou in George Nikolakopoulos sta zaprta v atenskem zaporu Korydallus, ker sta bila obsojena zaradi podkupovanja in korupcije.
Zaradi tega je prišlo do velikega škandala znotraj grške pravne skupnosti, saj so izpostavili nezakonita dejanja, ki so jih zagrešili sodniki, pravniki, odvetniki in pravobranilci v prejšnjih letih.
Pred nekaj tedni, potem ko je novinar Makis Triantafylopoulos informacije objavil v svoji priljubljeni televizijski oddaji "Zoungla" na kanalu Alpha TV, je moral poslanec in odvetnik Petros Mantouvalos odstopiti, ker so bili člani njegove pisarne vpleteni v zlorabo položaja ter korupcijo.
Poleg tega je v zaporu tudi sodnik Evangelos Kalousis, ker je bi obsojen zaradi korupcije in neprimernega vedenja.
V času pogreba Jeffa Weisa in treh od devetih žrtev se je v skupnosti Red Lake razširila novica, da je bil v povezavi s streljanjem na šoli 21. marca aretiran še en študent.
Oblasti so samo potrdile današnjo aretacijo, niso pa podale dodatnih uradnih izjav.
Vir, ki ima informacije o preiskavi, pa je za Minneapolis Star-Tribune povedal, da je bil Louis Jourdain, 16-letni sin predsednika plemena Red Lake Floyda Jourdaina.
Trenutno še ni znano, kakšne obtožbe bodo podane ali kaj je oblasti privedlo do fanta, vendar se je obravnava mladoletnika na zveznem sodišču že pričela.
Christopher Garcia, tiskovni predstavnik policijske uprave Los Angelesa, je povedal, da je domnevni moški kršitelj v postopku preiskave zaradi motenja posesti, in ne zaradi vandalizma.
Znak ni bil fizično poškodovan; preoblikovali so ga s pomočjo črnih ponjav, okrašenih z znaki za mir in srcem, da so spremenili "O" v mali "e".
Mumbajski napadalci, ki so s seboj prinesli granate in avtomatska orožja, so 26. novembra 2008 pripluli s čolnom in napadli več krajev, vključno z natrpano železniško postajo Chhatrapati Shivaji Terminus in slavnim hotelom Taj Mahal.
David Headly je s poizvedovanjem in zbiranjem informacij 10 strelcem iz pakistanske militantne skupine Laskhar-e-Taiba pomagal omogočiti operacijo.
Napad je privedel do zelo napetih odnosov med Indijo in Pakistanom.
Leta 2009 je dobila naziv državna inšpektorica leta.
V času nagrade je bil opazen velik napredek v rezultatih testov v atlantskih šolah.
Kmalu zatem je časopis Atlanta Journal-constitution objavil poročilo, ki je izpostavilo težave z rezultati testiranja.
Poročilo je pokazalo, da so se rezultati testov neverjetno hitro izboljšali, in domnevalo, da je šola interno zaznala težave, vendar v zvezi z ugotovitvami ni ukrepala.
Dokazi so zatem pokazali, da je prišlo do nepooblaščenega ravnanja z izpitnimi polami. Zoper Hallovo in 34 drugih uradnih oseb v izobraževanju so leta 2013 vložili obtožnico.
Sojenje je potekalo v Kraljevem sodišču v Birminghamu in se je zaključilo 3. avgusta.
Voditelj, ki so ga aretirali na kraju dogodka, je napad zanikal in trdil, da se je s kolom branil pred steklenicami, ki jih je vanj metalo okoli 30 ljudi.
Blake je bil obsojen tudi zaradi poskusa vplivanja na sodni proces.
Sodnik je Blakeu dejal, da bo "skoraj zanesljivo" moral v zapor.
Moški naj bi s trikolesnim vozilom, naloženim z eksplozivnimi sredstvi, zapeljal v gručo ljudi.
Moškega, osumljenega razstrelitve bombe, so pridržali, potem ko je bil v eksploziji poškodovan.
Oblasti še vedno ne poznajo njegovega imena, vedo pa, da je član etnične skupine Ujgurov.
Polemika se je začela 1. januarja, ko se je več deset tamkajšnjih prebivalcev pritožilo na poštni urad v Obanazawi, da niso prejeli svojih tradicionalnih in rednih novoletnih voščilnic.
Včeraj so se na pošti opravičili državljanom in medijem, ko so ugotovili, da je fant skril več kot 600 poštnih dokumentov, vključno s 429 novoletnimi razglednicami, ki niso bili dostavljene svojim prejemnikom.
"Hvala tistim, ki so podpirali obsojenko, kot sem sama," je na tiskovni konferenci izjavila Siriporn.
Nekateri se morda ne bodo strinjali, ampak meni je vseeno.
Veseli me, da so me nekateri ljudje pripravljeni podpreti.
Rekla je: "Ni podatkov, ki bi kazali, da je napad pričakovati takoj.
Znižanje stopnje ogroženosti na resno ne pomeni, da je splošna ogroženost mimo."
Čeprav oblasti niso bile prepričane v resničnost grožnje, je Maryland Transportation Authority na pobudo FBI odredila zaprtje.
Vhode v tunel so blokirali s tovornjaki prekucniki, na pomoč pa je priskočilo tudi 80 policistov, ki so voznike usmerjali na obvoze.
O zamudah zaradi gostega prometa na obvoznici, ki je rezervna pot mesta, niso poročali.
Primer so obravnavali v Virginiji, saj je tam sedež vodilnega ponudnika internetnih storitev AOL, podjetja, ki je vložilo obtožnico.
To je prva obsodba, ki so jo dosegli po zakonodaji, sprejeti leta 2003, za omejitev množičnega pošiljanja elektronske pošte oziroma vsiljene pošte nepooblaščenih pošiljateljev v nabiralnike uporabnikov.
Osvoboditev živali in Kraljevo društvo za preprečevanje krutosti do živali (RSPCA) ponovno pozivata k obvezni namestitvi nadzornih kamer v avstralskih klavnicah.
Glavni inšpektor RSPCA New South Wales David O'Shannessy je za ABC povedal, da bi v Avstraliji morala biti nadzor in inšpekcija klavnic nekaj običajnega.
"CCTV bi nedvomno poslala jasno sporočilo vsem, ki se ukvarjajo z živalmi, da je dobro počutje živali najpomembnejše."
Karno je znani kontroverzni učitelj angleščine, ki je poučeval pod okriljem šol Modern Education in King's Glory, ter trdil, da je imel na vrhuncu kariere 9000 učencev.
V svojih zapiskih je uporabil besede, ki so se nekaterim staršem zdele precej grobe, v razredu pa naj bi se izražal prostaško.
Šola Modern Education ga je obtožila, da je brez dovoljenja tiskal velike oglase na avtobuse in lagal, da je glavni učitelj angleščine.
Pred tem so mu očitali tudi kršitev avtorskih pravic, vendar ni bil obtožen.
Nekdanji študent je povedal, da je »pri urah uporabljal sleng, učil zmenkarske spretnosti pri pisanju sporočil in bil kot prijatelj študentov«.